../Core/Src/interface.c:14:6:clear_screen	8	static
../Core/Src/interface.c:19:6:init_interface	8	static
../Core/Src/interface.c:50:6:update_steps	16	static
../Core/Src/interface.c:78:6:update_activity	16	static
../Core/Src/interface.c:111:6:update_activity_message	16	static
../Core/Src/interface.c:129:6:update_temperature	16	static
../Core/Src/interface.c:146:6:update_temperature_progress	24	static
../Core/Src/interface.c:168:6:update_temperature_message	16	static
../Core/Src/interface.c:186:6:clear_temp_interface	8	static
../Core/Src/interface.c:198:6:update_ECG	16	static
../Core/Src/interface.c:238:6:update_ECG_progress	24	static
../Core/Src/interface.c:260:6:update_ECG_message	16	static
../Core/Src/interface.c:277:6:clear_ECG_interface	8	static
