../Core/Src/interface.c:11:6:clear_screen	8	static
../Core/Src/interface.c:16:6:init_interface	8	static
../Core/Src/interface.c:36:6:update_temperature	16	static
../Core/Src/interface.c:43:6:update_heart_rate_and_variability	16	static
../Core/Src/interface.c:51:6:update_progress_bar_with_message	24	static
../Core/Src/interface.c:71:6:update_temperature_with_progress	16	static
../Core/Src/interface.c:81:6:update_heart_rate_and_variability_with_progress	24	static
../Core/Src/interface.c:90:6:print_ProgressBar	24	static
../Core/Src/interface.c:100:6:update_progress_bar	16	static
../Core/Src/interface.c:110:6:clear_progress_bar	8	static
