00:08:53 **** Build of configuration Debug for project ADC_InternalTemp_2 ****
make -j8 all 
arm-none-eabi-gcc -o "ADC_InternalTemp_2.elf" @"objects.list"   -mcpu=cortex-m4 -T"C:\Users\utente\Documents\GitHub\MidTermEmbeddedSystem\ADC_InternalTemp_2\STM32F401RETX_FLASH.ld" --specs=nosys.specs -Wl,-Map="ADC_InternalTemp_2.map" -Wl,--gc-sections -static --specs=nano.specs -mfpu=fpv4-sp-d16 -mfloat-abi=hard -mthumb -u _printf_float -u _scanf_float -Wl,--start-group -lc -lm -Wl,--end-group
C:/ST/STM32CubeIDE_1.16.1/STM32CubeIDE/plugins/com.st.stm32cube.ide.mcu.externaltools.gnu-tools-for-stm32.12.3.rel1.win32_1.0.200.202406191623/tools/bin/../lib/gcc/arm-none-eabi/12.3.1/../../../../arm-none-eabi/bin/ld.exe: warning: ADC_InternalTemp_2.elf has a LOAD segment with RWX permissions
Finished building target: ADC_InternalTemp_2.elf
 
arm-none-eabi-size  ADC_InternalTemp_2.elf 
arm-none-eabi-objdump -h -S ADC_InternalTemp_2.elf  > "ADC_InternalTemp_2.list"
   text	   data	    bss	    dec	    hex	filename
  33680	    476	   2044	  36200	   8d68	ADC_InternalTemp_2.elf
Finished building: default.size.stdout
 
Finished building: ADC_InternalTemp_2.list
 

00:08:54 Build Finished. 0 errors, 1 warnings. (took 740ms)

