22:08:07 **** Incremental Build of configuration Debug for project MidTermProject ****
make -j8 all 
arm-none-eabi-size  MidTermProject.elf 
   text	   data	    bss	    dec	    hex	filename
  40368	    488	   2048	  42904	   a798	MidTermProject.elf
Finished building: default.size.stdout
 
22:22:43 **** Incremental Build of configuration Debug for project Mid_Term_Project ****
make -j8 all 
arm-none-eabi-gcc "../Core/Src/activity_tracking.c" -mcpu=cortex-m4 -std=gnu11 -g3 -DDEBUG -DUSE_HAL_DRIVER -DSTM32F401xE -c -I../Core/Inc -I../Drivers/STM32F4xx_HAL_Driver/Inc -I../Drivers/STM32F4xx_HAL_Driver/Inc/Legacy -I../Drivers/CMSIS/Device/ST/STM32F4xx/Include -I../Drivers/CMSIS/Include -O0 -ffunction-sections -fdata-sections -Wall -fstack-usage -fcyclomatic-complexity -MMD -MP -MF"Core/Src/activity_tracking.d" -MT"Core/Src/activity_tracking.o" --specs=nano.specs -mfpu=fpv4-sp-d16 -mfloat-abi=hard -mthumb -o "Core/Src/activity_tracking.o"
arm-none-eabi-gcc "../Core/Src/main.c" -mcpu=cortex-m4 -std=gnu11 -g3 -DDEBUG -DUSE_HAL_DRIVER -DSTM32F401xE -c -I../Core/Inc -I../Drivers/STM32F4xx_HAL_Driver/Inc -I../Drivers/STM32F4xx_HAL_Driver/Inc/Legacy -I../Drivers/CMSIS/Device/ST/STM32F4xx/Include -I../Drivers/CMSIS/Include -O0 -ffunction-sections -fdata-sections -Wall -fstack-usage -fcyclomatic-complexity -MMD -MP -MF"Core/Src/main.d" -MT"Core/Src/main.o" --specs=nano.specs -mfpu=fpv4-sp-d16 -mfloat-abi=hard -mthumb -o "Core/Src/main.o"
../Core/Src/activity_tracking.c: In function 'update_running_state':
../Core/Src/activity_tracking.c:112:20: error: 'StepBuffer' has no member named 'state'
  112 |         step_buffer->state = state;
      |                    ^~
../Core/Src/main.c: In function 'main':
../Core/Src/main.c:160:37: warning: format '%d' expects argument of type 'int', but argument 2 has type 'uint32_t' {aka 'long unsigned int'} [-Wformat=]
  160 |                   printf("\rSteps: %d\n", userActivity.steps);
      |                                    ~^     ~~~~~~~~~~~~~~~~~~
      |                                     |                 |
      |                                     int               uint32_t {aka long unsigned int}
      |                                    %ld
../Core/Src/main.c:111:16: warning: unused variable 't2' [-Wunused-variable]
  111 |   uint32_t t1, t2;
      |                ^~
../Core/Src/main.c:111:12: warning: unused variable 't1' [-Wunused-variable]
  111 |   uint32_t t1, t2;
      |            ^~
make: *** [Core/Src/subdir.mk:58: Core/Src/activity_tracking.o] Error 1
make: *** Waiting for unfinished jobs....
"make -j8 all" terminated with exit code 2. Build might be incomplete.
22:24:01 **** Incremental Build of configuration Debug for project Mid_Term_Project ****
make -j8 all 
arm-none-eabi-gcc "../Core/Src/activity_tracking.c" -mcpu=cortex-m4 -std=gnu11 -g3 -DDEBUG -DUSE_HAL_DRIVER -DSTM32F401xE -c -I../Core/Inc -I../Drivers/STM32F4xx_HAL_Driver/Inc -I../Drivers/STM32F4xx_HAL_Driver/Inc/Legacy -I../Drivers/CMSIS/Device/ST/STM32F4xx/Include -I../Drivers/CMSIS/Include -O0 -ffunction-sections -fdata-sections -Wall -fstack-usage -fcyclomatic-complexity -MMD -MP -MF"Core/Src/activity_tracking.d" -MT"Core/Src/activity_tracking.o" --specs=nano.specs -mfpu=fpv4-sp-d16 -mfloat-abi=hard -mthumb -o "Core/Src/activity_tracking.o"
arm-none-eabi-gcc "../Core/Src/main.c" -mcpu=cortex-m4 -std=gnu11 -g3 -DDEBUG -DUSE_HAL_DRIVER -DSTM32F401xE -c -I../Core/Inc -I../Drivers/STM32F4xx_HAL_Driver/Inc -I../Drivers/STM32F4xx_HAL_Driver/Inc/Legacy -I../Drivers/CMSIS/Device/ST/STM32F4xx/Include -I../Drivers/CMSIS/Include -O0 -ffunction-sections -fdata-sections -Wall -fstack-usage -fcyclomatic-complexity -MMD -MP -MF"Core/Src/main.d" -MT"Core/Src/main.o" --specs=nano.specs -mfpu=fpv4-sp-d16 -mfloat-abi=hard -mthumb -o "Core/Src/main.o"
In file included from ../Core/Src/activity_tracking.c:8:
../Core/Inc/activity_tracking.h:53:6: error: conflicting types for 'update_running_state'; have 'void(StepBuffer *, UserActivity *)'
   53 | void update_running_state(StepBuffer *step_buffer,UserActivity *user_activity);
      |      ^~~~~~~~~~~~~~~~~~~~
../Core/Inc/activity_tracking.h:51:6: note: previous declaration of 'update_running_state' with type 'void(StepBuffer *)'
   51 | void update_running_state(StepBuffer *step_buffer);
      |      ^~~~~~~~~~~~~~~~~~~~
../Core/Src/activity_tracking.c:101:6: error: conflicting types for 'update_running_state'; have 'void(StepBuffer *, UserActivity *)'
  101 | void update_running_state(StepBuffer *step_buffer,UserActivity *user_activity) {
      |      ^~~~~~~~~~~~~~~~~~~~
../Core/Inc/activity_tracking.h:51:6: note: previous declaration of 'update_running_state' with type 'void(StepBuffer *)'
   51 | void update_running_state(StepBuffer *step_buffer);
      |      ^~~~~~~~~~~~~~~~~~~~
In file included from ../Core/Src/main.c:32:
../Core/Inc/activity_tracking.h:53:6: error: conflicting types for 'update_running_state'; have 'void(StepBuffer *, UserActivity *)'
   53 | void update_running_state(StepBuffer *step_buffer,UserActivity *user_activity);
      |      ^~~~~~~~~~~~~~~~~~~~
../Core/Inc/activity_tracking.h:51:6: note: previous declaration of 'update_running_state' with type 'void(StepBuffer *)'
   51 | void update_running_state(StepBuffer *step_buffer);
      |      ^~~~~~~~~~~~~~~~~~~~
../Core/Src/main.c: In function 'main':
../Core/Src/main.c:160:37: warning: format '%d' expects argument of type 'int', but argument 2 has type 'uint32_t' {aka 'long unsigned int'} [-Wformat=]
  160 |                   printf("\rSteps: %d\n", userActivity.steps);
      |                                    ~^     ~~~~~~~~~~~~~~~~~~
      |                                     |                 |
      |                                     int               uint32_t {aka long unsigned int}
      |                                    %ld
../Core/Src/main.c:111:16: warning: unused variable 't2' [-Wunused-variable]
  111 |   uint32_t t1, t2;
      |                ^~
../Core/Src/main.c:111:12: warning: unused variable 't1' [-Wunused-variable]
  111 |   uint32_t t1, t2;
      |            ^~
make: *** [Core/Src/subdir.mk:58: Core/Src/activity_tracking.o] Error 1
make: *** Waiting for unfinished jobs....
make: *** [Core/Src/subdir.mk:58: Core/Src/main.o] Error 1
"make -j8 all" terminated with exit code 2. Build might be incomplete.
22:24:23 **** Incremental Build of configuration Debug for project Mid_Term_Project ****
make -j8 all 
arm-none-eabi-gcc "../Core/Src/activity_tracking.c" -mcpu=cortex-m4 -std=gnu11 -g3 -DDEBUG -DUSE_HAL_DRIVER -DSTM32F401xE -c -I../Core/Inc -I../Drivers/STM32F4xx_HAL_Driver/Inc -I../Drivers/STM32F4xx_HAL_Driver/Inc/Legacy -I../Drivers/CMSIS/Device/ST/STM32F4xx/Include -I../Drivers/CMSIS/Include -O0 -ffunction-sections -fdata-sections -Wall -fstack-usage -fcyclomatic-complexity -MMD -MP -MF"Core/Src/activity_tracking.d" -MT"Core/Src/activity_tracking.o" --specs=nano.specs -mfpu=fpv4-sp-d16 -mfloat-abi=hard -mthumb -o "Core/Src/activity_tracking.o"
arm-none-eabi-gcc "../Core/Src/main.c" -mcpu=cortex-m4 -std=gnu11 -g3 -DDEBUG -DUSE_HAL_DRIVER -DSTM32F401xE -c -I../Core/Inc -I../Drivers/STM32F4xx_HAL_Driver/Inc -I../Drivers/STM32F4xx_HAL_Driver/Inc/Legacy -I../Drivers/CMSIS/Device/ST/STM32F4xx/Include -I../Drivers/CMSIS/Include -O0 -ffunction-sections -fdata-sections -Wall -fstack-usage -fcyclomatic-complexity -MMD -MP -MF"Core/Src/main.d" -MT"Core/Src/main.o" --specs=nano.specs -mfpu=fpv4-sp-d16 -mfloat-abi=hard -mthumb -o "Core/Src/main.o"
../Core/Src/main.c: In function 'main':
../Core/Src/main.c:160:37: warning: format '%d' expects argument of type 'int', but argument 2 has type 'uint32_t' {aka 'long unsigned int'} [-Wformat=]
  160 |                   printf("\rSteps: %d\n", userActivity.steps);
      |                                    ~^     ~~~~~~~~~~~~~~~~~~
      |                                     |                 |
      |                                     int               uint32_t {aka long unsigned int}
      |                                    %ld
../Core/Src/main.c:111:16: warning: unused variable 't2' [-Wunused-variable]
  111 |   uint32_t t1, t2;
      |                ^~
../Core/Src/main.c:111:12: warning: unused variable 't1' [-Wunused-variable]
  111 |   uint32_t t1, t2;
      |            ^~
arm-none-eabi-gcc -o "Mid_Term_Project.elf" @"objects.list"   -mcpu=cortex-m4 -T"C:\Users\utente\Documents\GitHub\MidTermEmbeddedSystem\Mid_Term_Project\STM32F401RETX_FLASH.ld" --specs=nosys.specs -Wl,-Map="Mid_Term_Project.map" -Wl,--gc-sections -static --specs=nano.specs -mfpu=fpv4-sp-d16 -mfloat-abi=hard -mthumb -u _printf_float -u _scanf_float -Wl,--start-group -lc -lm -Wl,--end-group
Finished building target: Mid_Term_Project.elf
 
arm-none-eabi-size  Mid_Term_Project.elf 
arm-none-eabi-objdump -h -S Mid_Term_Project.elf  > "Mid_Term_Project.list"
   text	   data	    bss	    dec	    hex	filename
  36032	    468	   2052	  38552	   9698	Mid_Term_Project.elf
Finished building: default.size.stdout
 
Finished building: Mid_Term_Project.list
 
22:24:32 **** Incremental Build of configuration Debug for project Mid_Term_Project ****
make -j8 all 
arm-none-eabi-size  Mid_Term_Project.elf 
   text	   data	    bss	    dec	    hex	filename
  36032	    468	   2052	  38552	   9698	Mid_Term_Project.elf
Finished building: default.size.stdout
 
22:29:17 **** Incremental Build of configuration Debug for project Mid_Term_Project ****
make -j8 all 
arm-none-eabi-gcc "../Core/Src/activity_tracking.c" -mcpu=cortex-m4 -std=gnu11 -g3 -DDEBUG -DUSE_HAL_DRIVER -DSTM32F401xE -c -I../Core/Inc -I../Drivers/STM32F4xx_HAL_Driver/Inc -I../Drivers/STM32F4xx_HAL_Driver/Inc/Legacy -I../Drivers/CMSIS/Device/ST/STM32F4xx/Include -I../Drivers/CMSIS/Include -O0 -ffunction-sections -fdata-sections -Wall -fstack-usage -fcyclomatic-complexity -MMD -MP -MF"Core/Src/activity_tracking.d" -MT"Core/Src/activity_tracking.o" --specs=nano.specs -mfpu=fpv4-sp-d16 -mfloat-abi=hard -mthumb -o "Core/Src/activity_tracking.o"
arm-none-eabi-gcc "../Core/Src/main.c" -mcpu=cortex-m4 -std=gnu11 -g3 -DDEBUG -DUSE_HAL_DRIVER -DSTM32F401xE -c -I../Core/Inc -I../Drivers/STM32F4xx_HAL_Driver/Inc -I../Drivers/STM32F4xx_HAL_Driver/Inc/Legacy -I../Drivers/CMSIS/Device/ST/STM32F4xx/Include -I../Drivers/CMSIS/Include -O0 -ffunction-sections -fdata-sections -Wall -fstack-usage -fcyclomatic-complexity -MMD -MP -MF"Core/Src/main.d" -MT"Core/Src/main.o" --specs=nano.specs -mfpu=fpv4-sp-d16 -mfloat-abi=hard -mthumb -o "Core/Src/main.o"
../Core/Src/activity_tracking.c: In function 'update_running_state':
../Core/Src/activity_tracking.c:102:18: warning: format '%d' expects argument of type 'int', but argument 2 has type 'uint32_t' {aka 'long unsigned int'} [-Wformat=]
  102 |         printf("%d",step_buffer->count );
      |                 ~^  ~~~~~~~~~~~~~~~~~~
      |                  |             |
      |                  int           uint32_t {aka long unsigned int}
      |                 %ld
../Core/Src/main.c: In function 'main':
../Core/Src/main.c:160:37: warning: format '%d' expects argument of type 'int', but argument 2 has type 'uint32_t' {aka 'long unsigned int'} [-Wformat=]
  160 |                   printf("\rSteps: %d\n", userActivity.steps);
      |                                    ~^     ~~~~~~~~~~~~~~~~~~
      |                                     |                 |
      |                                     int               uint32_t {aka long unsigned int}
      |                                    %ld
../Core/Src/main.c:111:16: warning: unused variable 't2' [-Wunused-variable]
  111 |   uint32_t t1, t2;
      |                ^~
../Core/Src/main.c:111:12: warning: unused variable 't1' [-Wunused-variable]
  111 |   uint32_t t1, t2;
      |            ^~
arm-none-eabi-gcc -o "Mid_Term_Project.elf" @"objects.list"   -mcpu=cortex-m4 -T"C:\Users\utente\Documents\GitHub\MidTermEmbeddedSystem\Mid_Term_Project\STM32F401RETX_FLASH.ld" --specs=nosys.specs -Wl,-Map="Mid_Term_Project.map" -Wl,--gc-sections -static --specs=nano.specs -mfpu=fpv4-sp-d16 -mfloat-abi=hard -mthumb -u _printf_float -u _scanf_float -Wl,--start-group -lc -lm -Wl,--end-group
Finished building target: Mid_Term_Project.elf
 
arm-none-eabi-size  Mid_Term_Project.elf 
arm-none-eabi-objdump -h -S Mid_Term_Project.elf  > "Mid_Term_Project.list"
   text	   data	    bss	    dec	    hex	filename
  36056	    468	   2052	  38576	   96b0	Mid_Term_Project.elf
Finished building: default.size.stdout
 
Finished building: Mid_Term_Project.list
 
22:30:17 **** Incremental Build of configuration Debug for project Mid_Term_Project ****
make -j8 all 
arm-none-eabi-gcc "../Core/Src/activity_tracking.c" -mcpu=cortex-m4 -std=gnu11 -g3 -DDEBUG -DUSE_HAL_DRIVER -DSTM32F401xE -c -I../Core/Inc -I../Drivers/STM32F4xx_HAL_Driver/Inc -I../Drivers/STM32F4xx_HAL_Driver/Inc/Legacy -I../Drivers/CMSIS/Device/ST/STM32F4xx/Include -I../Drivers/CMSIS/Include -O0 -ffunction-sections -fdata-sections -Wall -fstack-usage -fcyclomatic-complexity -MMD -MP -MF"Core/Src/activity_tracking.d" -MT"Core/Src/activity_tracking.o" --specs=nano.specs -mfpu=fpv4-sp-d16 -mfloat-abi=hard -mthumb -o "Core/Src/activity_tracking.o"
arm-none-eabi-gcc -o "Mid_Term_Project.elf" @"objects.list"   -mcpu=cortex-m4 -T"C:\Users\utente\Documents\GitHub\MidTermEmbeddedSystem\Mid_Term_Project\STM32F401RETX_FLASH.ld" --specs=nosys.specs -Wl,-Map="Mid_Term_Project.map" -Wl,--gc-sections -static --specs=nano.specs -mfpu=fpv4-sp-d16 -mfloat-abi=hard -mthumb -u _printf_float -u _scanf_float -Wl,--start-group -lc -lm -Wl,--end-group
Finished building target: Mid_Term_Project.elf
 
arm-none-eabi-size  Mid_Term_Project.elf 
arm-none-eabi-objdump -h -S Mid_Term_Project.elf  > "Mid_Term_Project.list"
   text	   data	    bss	    dec	    hex	filename
  36040	    468	   2052	  38560	   96a0	Mid_Term_Project.elf
Finished building: default.size.stdout
 
Finished building: Mid_Term_Project.list
 
22:30:23 **** Incremental Build of configuration Debug for project Mid_Term_Project ****
make -j8 all 
arm-none-eabi-size  Mid_Term_Project.elf 
   text	   data	    bss	    dec	    hex	filename
  36040	    468	   2052	  38560	   96a0	Mid_Term_Project.elf
Finished building: default.size.stdout
 
22:30:47 **** Incremental Build of configuration Debug for project Mid_Term_Project ****
make -j8 all 
arm-none-eabi-gcc "../Core/Src/activity_tracking.c" -mcpu=cortex-m4 -std=gnu11 -g3 -DDEBUG -DUSE_HAL_DRIVER -DSTM32F401xE -c -I../Core/Inc -I../Drivers/STM32F4xx_HAL_Driver/Inc -I../Drivers/STM32F4xx_HAL_Driver/Inc/Legacy -I../Drivers/CMSIS/Device/ST/STM32F4xx/Include -I../Drivers/CMSIS/Include -O0 -ffunction-sections -fdata-sections -Wall -fstack-usage -fcyclomatic-complexity -MMD -MP -MF"Core/Src/activity_tracking.d" -MT"Core/Src/activity_tracking.o" --specs=nano.specs -mfpu=fpv4-sp-d16 -mfloat-abi=hard -mthumb -o "Core/Src/activity_tracking.o"
arm-none-eabi-gcc "../Core/Src/main.c" -mcpu=cortex-m4 -std=gnu11 -g3 -DDEBUG -DUSE_HAL_DRIVER -DSTM32F401xE -c -I../Core/Inc -I../Drivers/STM32F4xx_HAL_Driver/Inc -I../Drivers/STM32F4xx_HAL_Driver/Inc/Legacy -I../Drivers/CMSIS/Device/ST/STM32F4xx/Include -I../Drivers/CMSIS/Include -O0 -ffunction-sections -fdata-sections -Wall -fstack-usage -fcyclomatic-complexity -MMD -MP -MF"Core/Src/main.d" -MT"Core/Src/main.o" --specs=nano.specs -mfpu=fpv4-sp-d16 -mfloat-abi=hard -mthumb -o "Core/Src/main.o"
../Core/Src/main.c: In function 'main':
../Core/Src/main.c:160:37: warning: format '%d' expects argument of type 'int', but argument 2 has type 'uint32_t' {aka 'long unsigned int'} [-Wformat=]
  160 |                   printf("\rSteps: %d\n", userActivity.steps);
      |                                    ~^     ~~~~~~~~~~~~~~~~~~
      |                                     |                 |
      |                                     int               uint32_t {aka long unsigned int}
      |                                    %ld
../Core/Src/main.c:111:16: warning: unused variable 't2' [-Wunused-variable]
  111 |   uint32_t t1, t2;
      |                ^~
../Core/Src/main.c:111:12: warning: unused variable 't1' [-Wunused-variable]
  111 |   uint32_t t1, t2;
      |            ^~
arm-none-eabi-gcc -o "Mid_Term_Project.elf" @"objects.list"   -mcpu=cortex-m4 -T"C:\Users\utente\Documents\GitHub\MidTermEmbeddedSystem\Mid_Term_Project\STM32F401RETX_FLASH.ld" --specs=nosys.specs -Wl,-Map="Mid_Term_Project.map" -Wl,--gc-sections -static --specs=nano.specs -mfpu=fpv4-sp-d16 -mfloat-abi=hard -mthumb -u _printf_float -u _scanf_float -Wl,--start-group -lc -lm -Wl,--end-group
Finished building target: Mid_Term_Project.elf
 
arm-none-eabi-size  Mid_Term_Project.elf 
arm-none-eabi-objdump -h -S Mid_Term_Project.elf  > "Mid_Term_Project.list"
   text	   data	    bss	    dec	    hex	filename
  36032	    468	   2052	  38552	   9698	Mid_Term_Project.elf
Finished building: default.size.stdout
 
Finished building: Mid_Term_Project.list
 
22:30:49 **** Incremental Build of configuration Debug for project Mid_Term_Project ****
make -j8 all 
arm-none-eabi-size  Mid_Term_Project.elf 
   text	   data	    bss	    dec	    hex	filename
  36032	    468	   2052	  38552	   9698	Mid_Term_Project.elf
Finished building: default.size.stdout
 
22:32:48 **** Incremental Build of configuration Debug for project Mid_Term_Project ****
make -j8 all 
arm-none-eabi-gcc "../Core/Src/activity_tracking.c" -mcpu=cortex-m4 -std=gnu11 -g3 -DDEBUG -DUSE_HAL_DRIVER -DSTM32F401xE -c -I../Core/Inc -I../Drivers/STM32F4xx_HAL_Driver/Inc -I../Drivers/STM32F4xx_HAL_Driver/Inc/Legacy -I../Drivers/CMSIS/Device/ST/STM32F4xx/Include -I../Drivers/CMSIS/Include -O0 -ffunction-sections -fdata-sections -Wall -fstack-usage -fcyclomatic-complexity -MMD -MP -MF"Core/Src/activity_tracking.d" -MT"Core/Src/activity_tracking.o" --specs=nano.specs -mfpu=fpv4-sp-d16 -mfloat-abi=hard -mthumb -o "Core/Src/activity_tracking.o"
arm-none-eabi-gcc "../Core/Src/main.c" -mcpu=cortex-m4 -std=gnu11 -g3 -DDEBUG -DUSE_HAL_DRIVER -DSTM32F401xE -c -I../Core/Inc -I../Drivers/STM32F4xx_HAL_Driver/Inc -I../Drivers/STM32F4xx_HAL_Driver/Inc/Legacy -I../Drivers/CMSIS/Device/ST/STM32F4xx/Include -I../Drivers/CMSIS/Include -O0 -ffunction-sections -fdata-sections -Wall -fstack-usage -fcyclomatic-complexity -MMD -MP -MF"Core/Src/main.d" -MT"Core/Src/main.o" --specs=nano.specs -mfpu=fpv4-sp-d16 -mfloat-abi=hard -mthumb -o "Core/Src/main.o"
../Core/Src/main.c: In function 'main':
../Core/Src/main.c:160:37: warning: format '%d' expects argument of type 'int', but argument 2 has type 'uint32_t' {aka 'long unsigned int'} [-Wformat=]
  160 |                   printf("\rSteps: %d\n", userActivity.steps);
      |                                    ~^     ~~~~~~~~~~~~~~~~~~
      |                                     |                 |
      |                                     int               uint32_t {aka long unsigned int}
      |                                    %ld
../Core/Src/main.c:111:16: warning: unused variable 't2' [-Wunused-variable]
  111 |   uint32_t t1, t2;
      |                ^~
../Core/Src/main.c:111:12: warning: unused variable 't1' [-Wunused-variable]
  111 |   uint32_t t1, t2;
      |            ^~
arm-none-eabi-gcc -o "Mid_Term_Project.elf" @"objects.list"   -mcpu=cortex-m4 -T"C:\Users\utente\Documents\GitHub\MidTermEmbeddedSystem\Mid_Term_Project\STM32F401RETX_FLASH.ld" --specs=nosys.specs -Wl,-Map="Mid_Term_Project.map" -Wl,--gc-sections -static --specs=nano.specs -mfpu=fpv4-sp-d16 -mfloat-abi=hard -mthumb -u _printf_float -u _scanf_float -Wl,--start-group -lc -lm -Wl,--end-group
Finished building target: Mid_Term_Project.elf
 
arm-none-eabi-size  Mid_Term_Project.elf 
arm-none-eabi-objdump -h -S Mid_Term_Project.elf  > "Mid_Term_Project.list"
   text	   data	    bss	    dec	    hex	filename
  36024	    468	   2052	  38544	   9690	Mid_Term_Project.elf
Finished building: default.size.stdout
 
Finished building: Mid_Term_Project.list
 
22:32:52 **** Incremental Build of configuration Debug for project Mid_Term_Project ****
make -j8 all 
arm-none-eabi-size  Mid_Term_Project.elf 
   text	   data	    bss	    dec	    hex	filename
  36024	    468	   2052	  38544	   9690	Mid_Term_Project.elf
Finished building: default.size.stdout
 
23:01:56 **** Incremental Build of configuration Debug for project Mid_Term_Project ****
make -j8 all 
arm-none-eabi-gcc "../Core/Src/activity_tracking.c" -mcpu=cortex-m4 -std=gnu11 -g3 -DDEBUG -DUSE_HAL_DRIVER -DSTM32F401xE -c -I../Core/Inc -I../Drivers/STM32F4xx_HAL_Driver/Inc -I../Drivers/STM32F4xx_HAL_Driver/Inc/Legacy -I../Drivers/CMSIS/Device/ST/STM32F4xx/Include -I../Drivers/CMSIS/Include -O0 -ffunction-sections -fdata-sections -Wall -fstack-usage -fcyclomatic-complexity -MMD -MP -MF"Core/Src/activity_tracking.d" -MT"Core/Src/activity_tracking.o" --specs=nano.specs -mfpu=fpv4-sp-d16 -mfloat-abi=hard -mthumb -o "Core/Src/activity_tracking.o"
arm-none-eabi-gcc "../Core/Src/led.c" -mcpu=cortex-m4 -std=gnu11 -g3 -DDEBUG -DUSE_HAL_DRIVER -DSTM32F401xE -c -I../Core/Inc -I../Drivers/STM32F4xx_HAL_Driver/Inc -I../Drivers/STM32F4xx_HAL_Driver/Inc/Legacy -I../Drivers/CMSIS/Device/ST/STM32F4xx/Include -I../Drivers/CMSIS/Include -O0 -ffunction-sections -fdata-sections -Wall -fstack-usage -fcyclomatic-complexity -MMD -MP -MF"Core/Src/led.d" -MT"Core/Src/led.o" --specs=nano.specs -mfpu=fpv4-sp-d16 -mfloat-abi=hard -mthumb -o "Core/Src/led.o"
arm-none-eabi-gcc "../Core/Src/main.c" -mcpu=cortex-m4 -std=gnu11 -g3 -DDEBUG -DUSE_HAL_DRIVER -DSTM32F401xE -c -I../Core/Inc -I../Drivers/STM32F4xx_HAL_Driver/Inc -I../Drivers/STM32F4xx_HAL_Driver/Inc/Legacy -I../Drivers/CMSIS/Device/ST/STM32F4xx/Include -I../Drivers/CMSIS/Include -O0 -ffunction-sections -fdata-sections -Wall -fstack-usage -fcyclomatic-complexity -MMD -MP -MF"Core/Src/main.d" -MT"Core/Src/main.o" --specs=nano.specs -mfpu=fpv4-sp-d16 -mfloat-abi=hard -mthumb -o "Core/Src/main.o"
../Core/Src/main.c: In function 'main':
../Core/Src/main.c:160:37: warning: format '%d' expects argument of type 'int', but argument 2 has type 'uint32_t' {aka 'long unsigned int'} [-Wformat=]
  160 |                   printf("\rSteps: %d\n", userActivity.steps);
      |                                    ~^     ~~~~~~~~~~~~~~~~~~
      |                                     |                 |
      |                                     int               uint32_t {aka long unsigned int}
      |                                    %ld
../Core/Src/main.c:166:23: warning: implicit declaration of function 'control_led' [-Wimplicit-function-declaration]
  166 |                       control_led(&leds, &leds.yellow_Led);
      |                       ^~~~~~~~~~~
../Core/Src/main.c:111:16: warning: unused variable 't2' [-Wunused-variable]
  111 |   uint32_t t1, t2;
      |                ^~
../Core/Src/main.c:111:12: warning: unused variable 't1' [-Wunused-variable]
  111 |   uint32_t t1, t2;
      |            ^~
../Core/Src/activity_tracking.c: In function 'update_step_count':
../Core/Src/activity_tracking.c:55:17: warning: implicit declaration of function 'update_walking_state'; did you mean 'update_running_walking_state'? [-Wimplicit-function-declaration]
   55 |                 update_walking_state(user_activity);
      |                 ^~~~~~~~~~~~~~~~~~~~
      |                 update_running_walking_state
../Core/Src/activity_tracking.c: In function 'determine_activity':
../Core/Src/activity_tracking.c:82:9: warning: implicit declaration of function 'update_resting_state' [-Wimplicit-function-declaration]
   82 |         update_resting_state(user_activity);  // Usa la funzione per aggiornare lo stato a RESTING
      |         ^~~~~~~~~~~~~~~~~~~~
../Core/Src/activity_tracking.c: In function 'update_running_walking_state':
../Core/Src/activity_tracking.c:95:13: warning: implicit declaration of function 'update_running_state'; did you mean 'update_running_walking_state'? [-Wimplicit-function-declaration]
   95 |             update_running_state(user_activity);  // Usa la funzione per aggiornare lo stato a RUNNING
      |             ^~~~~~~~~~~~~~~~~~~~
      |             update_running_walking_state
arm-none-eabi-gcc -o "Mid_Term_Project.elf" @"objects.list"   -mcpu=cortex-m4 -T"C:\Users\utente\Documents\GitHub\MidTermEmbeddedSystem\Mid_Term_Project\STM32F401RETX_FLASH.ld" --specs=nosys.specs -Wl,-Map="Mid_Term_Project.map" -Wl,--gc-sections -static --specs=nano.specs -mfpu=fpv4-sp-d16 -mfloat-abi=hard -mthumb -u _printf_float -u _scanf_float -Wl,--start-group -lc -lm -Wl,--end-group
C:/ST/STM32CubeIDE_1.16.1/STM32CubeIDE/plugins/com.st.stm32cube.ide.mcu.externaltools.gnu-tools-for-stm32.12.3.rel1.win32_1.0.200.202406191623/tools/bin/../lib/gcc/arm-none-eabi/12.3.1/../../../../arm-none-eabi/bin/ld.exe: ./Core/Src/activity_tracking.o: in function `update_step_count':
C:/Users/utente/Documents/GitHub/MidTermEmbeddedSystem/Mid_Term_Project/Debug/../Core/Src/activity_tracking.c:55: undefined reference to `update_walking_state'
C:/ST/STM32CubeIDE_1.16.1/STM32CubeIDE/plugins/com.st.stm32cube.ide.mcu.externaltools.gnu-tools-for-stm32.12.3.rel1.win32_1.0.200.202406191623/tools/bin/../lib/gcc/arm-none-eabi/12.3.1/../../../../arm-none-eabi/bin/ld.exe: C:/Users/utente/Documents/GitHub/MidTermEmbeddedSystem/Mid_Term_Project/Debug/../Core/Src/activity_tracking.c:70: undefined reference to `update_walking_state'
C:/ST/STM32CubeIDE_1.16.1/STM32CubeIDE/plugins/com.st.stm32cube.ide.mcu.externaltools.gnu-tools-for-stm32.12.3.rel1.win32_1.0.200.202406191623/tools/bin/../lib/gcc/arm-none-eabi/12.3.1/../../../../arm-none-eabi/bin/ld.exe: ./Core/Src/activity_tracking.o: in function `determine_activity':
C:/Users/utente/Documents/GitHub/MidTermEmbeddedSystem/Mid_Term_Project/Debug/../Core/Src/activity_tracking.c:82: undefined reference to `update_resting_state'
C:/ST/STM32CubeIDE_1.16.1/STM32CubeIDE/plugins/com.st.stm32cube.ide.mcu.externaltools.gnu-tools-for-stm32.12.3.rel1.win32_1.0.200.202406191623/tools/bin/../lib/gcc/arm-none-eabi/12.3.1/../../../../arm-none-eabi/bin/ld.exe: ./Core/Src/activity_tracking.o: in function `update_running_walking_state':
C:/Users/utente/Documents/GitHub/MidTermEmbeddedSystem/Mid_Term_Project/Debug/../Core/Src/activity_tracking.c:95: undefined reference to `update_running_state'
C:/ST/STM32CubeIDE_1.16.1/STM32CubeIDE/plugins/com.st.stm32cube.ide.mcu.externaltools.gnu-tools-for-stm32.12.3.rel1.win32_1.0.200.202406191623/tools/bin/../lib/gcc/arm-none-eabi/12.3.1/../../../../arm-none-eabi/bin/ld.exe: C:/Users/utente/Documents/GitHub/MidTermEmbeddedSystem/Mid_Term_Project/Debug/../Core/Src/activity_tracking.c:97: undefined reference to `update_walking_state'
collect2.exe: error: ld returned 1 exit status
make: *** [makefile:64: Mid_Term_Project.elf] Error 1
"make -j8 all" terminated with exit code 2. Build might be incomplete.
23:03:23 **** Incremental Build of configuration Debug for project Mid_Term_Project ****
make -j8 all 
arm-none-eabi-gcc "../Core/Src/activity_tracking.c" -mcpu=cortex-m4 -std=gnu11 -g3 -DDEBUG -DUSE_HAL_DRIVER -DSTM32F401xE -c -I../Core/Inc -I../Drivers/STM32F4xx_HAL_Driver/Inc -I../Drivers/STM32F4xx_HAL_Driver/Inc/Legacy -I../Drivers/CMSIS/Device/ST/STM32F4xx/Include -I../Drivers/CMSIS/Include -O0 -ffunction-sections -fdata-sections -Wall -fstack-usage -fcyclomatic-complexity -MMD -MP -MF"Core/Src/activity_tracking.d" -MT"Core/Src/activity_tracking.o" --specs=nano.specs -mfpu=fpv4-sp-d16 -mfloat-abi=hard -mthumb -o "Core/Src/activity_tracking.o"
arm-none-eabi-gcc -o "Mid_Term_Project.elf" @"objects.list"   -mcpu=cortex-m4 -T"C:\Users\utente\Documents\GitHub\MidTermEmbeddedSystem\Mid_Term_Project\STM32F401RETX_FLASH.ld" --specs=nosys.specs -Wl,-Map="Mid_Term_Project.map" -Wl,--gc-sections -static --specs=nano.specs -mfpu=fpv4-sp-d16 -mfloat-abi=hard -mthumb -u _printf_float -u _scanf_float -Wl,--start-group -lc -lm -Wl,--end-group
Finished building target: Mid_Term_Project.elf
 
arm-none-eabi-size  Mid_Term_Project.elf 
arm-none-eabi-objdump -h -S Mid_Term_Project.elf  > "Mid_Term_Project.list"
   text	   data	    bss	    dec	    hex	filename
  36296	    468	   2052	  38816	   97a0	Mid_Term_Project.elf
Finished building: default.size.stdout
 
Finished building: Mid_Term_Project.list
 
23:05:53 **** Incremental Build of configuration Debug for project Mid_Term_Project ****
make -j8 all 
arm-none-eabi-size  Mid_Term_Project.elf 
   text	   data	    bss	    dec	    hex	filename
  36296	    468	   2052	  38816	   97a0	Mid_Term_Project.elf
Finished building: default.size.stdout
 
23:06:53 **** Incremental Build of configuration Debug for project Mid_Term_Project ****
make -j8 all 
arm-none-eabi-gcc "../Core/Src/activity_tracking.c" -mcpu=cortex-m4 -std=gnu11 -g3 -DDEBUG -DUSE_HAL_DRIVER -DSTM32F401xE -c -I../Core/Inc -I../Drivers/STM32F4xx_HAL_Driver/Inc -I../Drivers/STM32F4xx_HAL_Driver/Inc/Legacy -I../Drivers/CMSIS/Device/ST/STM32F4xx/Include -I../Drivers/CMSIS/Include -O0 -ffunction-sections -fdata-sections -Wall -fstack-usage -fcyclomatic-complexity -MMD -MP -MF"Core/Src/activity_tracking.d" -MT"Core/Src/activity_tracking.o" --specs=nano.specs -mfpu=fpv4-sp-d16 -mfloat-abi=hard -mthumb -o "Core/Src/activity_tracking.o"
arm-none-eabi-gcc "../Core/Src/main.c" -mcpu=cortex-m4 -std=gnu11 -g3 -DDEBUG -DUSE_HAL_DRIVER -DSTM32F401xE -c -I../Core/Inc -I../Drivers/STM32F4xx_HAL_Driver/Inc -I../Drivers/STM32F4xx_HAL_Driver/Inc/Legacy -I../Drivers/CMSIS/Device/ST/STM32F4xx/Include -I../Drivers/CMSIS/Include -O0 -ffunction-sections -fdata-sections -Wall -fstack-usage -fcyclomatic-complexity -MMD -MP -MF"Core/Src/main.d" -MT"Core/Src/main.o" --specs=nano.specs -mfpu=fpv4-sp-d16 -mfloat-abi=hard -mthumb -o "Core/Src/main.o"
../Core/Src/main.c: In function 'main':
../Core/Src/main.c:160:37: warning: format '%d' expects argument of type 'int', but argument 2 has type 'uint32_t' {aka 'long unsigned int'} [-Wformat=]
  160 |                   printf("\rSteps: %d\n", userActivity.steps);
      |                                    ~^     ~~~~~~~~~~~~~~~~~~
      |                                     |                 |
      |                                     int               uint32_t {aka long unsigned int}
      |                                    %ld
../Core/Src/main.c:166:23: warning: implicit declaration of function 'control_led' [-Wimplicit-function-declaration]
  166 |                       control_led(&leds, &leds.yellow_Led);
      |                       ^~~~~~~~~~~
../Core/Src/main.c:111:16: warning: unused variable 't2' [-Wunused-variable]
  111 |   uint32_t t1, t2;
      |                ^~
../Core/Src/main.c:111:12: warning: unused variable 't1' [-Wunused-variable]
  111 |   uint32_t t1, t2;
      |            ^~
arm-none-eabi-gcc -o "Mid_Term_Project.elf" @"objects.list"   -mcpu=cortex-m4 -T"C:\Users\utente\Documents\GitHub\MidTermEmbeddedSystem\Mid_Term_Project\STM32F401RETX_FLASH.ld" --specs=nosys.specs -Wl,-Map="Mid_Term_Project.map" -Wl,--gc-sections -static --specs=nano.specs -mfpu=fpv4-sp-d16 -mfloat-abi=hard -mthumb -u _printf_float -u _scanf_float -Wl,--start-group -lc -lm -Wl,--end-group
Finished building target: Mid_Term_Project.elf
 
arm-none-eabi-size  Mid_Term_Project.elf 
arm-none-eabi-objdump -h -S Mid_Term_Project.elf  > "Mid_Term_Project.list"
   text	   data	    bss	    dec	    hex	filename
  36296	    468	   2052	  38816	   97a0	Mid_Term_Project.elf
Finished building: default.size.stdout
 
Finished building: Mid_Term_Project.list
 
23:09:04 **** Incremental Build of configuration Debug for project Mid_Term_Project ****
make -j8 all 
arm-none-eabi-gcc "../Core/Src/main.c" -mcpu=cortex-m4 -std=gnu11 -g3 -DDEBUG -DUSE_HAL_DRIVER -DSTM32F401xE -c -I../Core/Inc -I../Drivers/STM32F4xx_HAL_Driver/Inc -I../Drivers/STM32F4xx_HAL_Driver/Inc/Legacy -I../Drivers/CMSIS/Device/ST/STM32F4xx/Include -I../Drivers/CMSIS/Include -O0 -ffunction-sections -fdata-sections -Wall -fstack-usage -fcyclomatic-complexity -MMD -MP -MF"Core/Src/main.d" -MT"Core/Src/main.o" --specs=nano.specs -mfpu=fpv4-sp-d16 -mfloat-abi=hard -mthumb -o "Core/Src/main.o"
../Core/Src/main.c: In function 'main':
../Core/Src/main.c:160:37: warning: format '%d' expects argument of type 'int', but argument 2 has type 'uint32_t' {aka 'long unsigned int'} [-Wformat=]
  160 |                   printf("\rSteps: %d\n", userActivity.steps);
      |                                    ~^     ~~~~~~~~~~~~~~~~~~
      |                                     |                 |
      |                                     int               uint32_t {aka long unsigned int}
      |                                    %ld
../Core/Src/main.c:166:23: warning: implicit declaration of function 'control_led' [-Wimplicit-function-declaration]
  166 |                       control_led(&leds, &leds.yellow_Led);
      |                       ^~~~~~~~~~~
../Core/Src/main.c:111:16: warning: unused variable 't2' [-Wunused-variable]
  111 |   uint32_t t1, t2;
      |                ^~
../Core/Src/main.c:111:12: warning: unused variable 't1' [-Wunused-variable]
  111 |   uint32_t t1, t2;
      |            ^~
arm-none-eabi-gcc -o "Mid_Term_Project.elf" @"objects.list"   -mcpu=cortex-m4 -T"C:\Users\utente\Documents\GitHub\MidTermEmbeddedSystem\Mid_Term_Project\STM32F401RETX_FLASH.ld" --specs=nosys.specs -Wl,-Map="Mid_Term_Project.map" -Wl,--gc-sections -static --specs=nano.specs -mfpu=fpv4-sp-d16 -mfloat-abi=hard -mthumb -u _printf_float -u _scanf_float -Wl,--start-group -lc -lm -Wl,--end-group
Finished building target: Mid_Term_Project.elf
 
arm-none-eabi-size  Mid_Term_Project.elf 
arm-none-eabi-objdump -h -S Mid_Term_Project.elf  > "Mid_Term_Project.list"
   text	   data	    bss	    dec	    hex	filename
  36296	    468	   2052	  38816	   97a0	Mid_Term_Project.elf
Finished building: default.size.stdout
 
Finished building: Mid_Term_Project.list
 
23:10:45 **** Incremental Build of configuration Debug for project Mid_Term_Project ****
make -j8 all 
arm-none-eabi-gcc "../Core/Src/main.c" -mcpu=cortex-m4 -std=gnu11 -g3 -DDEBUG -DUSE_HAL_DRIVER -DSTM32F401xE -c -I../Core/Inc -I../Drivers/STM32F4xx_HAL_Driver/Inc -I../Drivers/STM32F4xx_HAL_Driver/Inc/Legacy -I../Drivers/CMSIS/Device/ST/STM32F4xx/Include -I../Drivers/CMSIS/Include -O0 -ffunction-sections -fdata-sections -Wall -fstack-usage -fcyclomatic-complexity -MMD -MP -MF"Core/Src/main.d" -MT"Core/Src/main.o" --specs=nano.specs -mfpu=fpv4-sp-d16 -mfloat-abi=hard -mthumb -o "Core/Src/main.o"
../Core/Src/main.c: In function 'main':
../Core/Src/main.c:160:37: warning: format '%d' expects argument of type 'int', but argument 2 has type 'uint32_t' {aka 'long unsigned int'} [-Wformat=]
  160 |                   printf("\rSteps: %d\n", userActivity.steps);
      |                                    ~^     ~~~~~~~~~~~~~~~~~~
      |                                     |                 |
      |                                     int               uint32_t {aka long unsigned int}
      |                                    %ld
../Core/Src/main.c:166:23: warning: implicit declaration of function 'control_led' [-Wimplicit-function-declaration]
  166 |                       control_led(&leds, &leds.yellow_Led);
      |                       ^~~~~~~~~~~
../Core/Src/main.c:111:16: warning: unused variable 't2' [-Wunused-variable]
  111 |   uint32_t t1, t2;
      |                ^~
../Core/Src/main.c:111:12: warning: unused variable 't1' [-Wunused-variable]
  111 |   uint32_t t1, t2;
      |            ^~
arm-none-eabi-gcc -o "Mid_Term_Project.elf" @"objects.list"   -mcpu=cortex-m4 -T"C:\Users\utente\Documents\GitHub\MidTermEmbeddedSystem\Mid_Term_Project\STM32F401RETX_FLASH.ld" --specs=nosys.specs -Wl,-Map="Mid_Term_Project.map" -Wl,--gc-sections -static --specs=nano.specs -mfpu=fpv4-sp-d16 -mfloat-abi=hard -mthumb -u _printf_float -u _scanf_float -Wl,--start-group -lc -lm -Wl,--end-group
Finished building target: Mid_Term_Project.elf
 
arm-none-eabi-size  Mid_Term_Project.elf 
arm-none-eabi-objdump -h -S Mid_Term_Project.elf  > "Mid_Term_Project.list"
   text	   data	    bss	    dec	    hex	filename
  36296	    468	   2052	  38816	   97a0	Mid_Term_Project.elf
Finished building: default.size.stdout
 
Finished building: Mid_Term_Project.list
 
23:12:03 **** Incremental Build of configuration Debug for project Mid_Term_Project ****
make -j8 all 
arm-none-eabi-gcc "../Core/Src/activity_tracking.c" -mcpu=cortex-m4 -std=gnu11 -g3 -DDEBUG -DUSE_HAL_DRIVER -DSTM32F401xE -c -I../Core/Inc -I../Drivers/STM32F4xx_HAL_Driver/Inc -I../Drivers/STM32F4xx_HAL_Driver/Inc/Legacy -I../Drivers/CMSIS/Device/ST/STM32F4xx/Include -I../Drivers/CMSIS/Include -O0 -ffunction-sections -fdata-sections -Wall -fstack-usage -fcyclomatic-complexity -MMD -MP -MF"Core/Src/activity_tracking.d" -MT"Core/Src/activity_tracking.o" --specs=nano.specs -mfpu=fpv4-sp-d16 -mfloat-abi=hard -mthumb -o "Core/Src/activity_tracking.o"
arm-none-eabi-gcc "../Core/Src/main.c" -mcpu=cortex-m4 -std=gnu11 -g3 -DDEBUG -DUSE_HAL_DRIVER -DSTM32F401xE -c -I../Core/Inc -I../Drivers/STM32F4xx_HAL_Driver/Inc -I../Drivers/STM32F4xx_HAL_Driver/Inc/Legacy -I../Drivers/CMSIS/Device/ST/STM32F4xx/Include -I../Drivers/CMSIS/Include -O0 -ffunction-sections -fdata-sections -Wall -fstack-usage -fcyclomatic-complexity -MMD -MP -MF"Core/Src/main.d" -MT"Core/Src/main.o" --specs=nano.specs -mfpu=fpv4-sp-d16 -mfloat-abi=hard -mthumb -o "Core/Src/main.o"
../Core/Src/main.c: In function 'main':
../Core/Src/main.c:160:37: warning: format '%d' expects argument of type 'int', but argument 2 has type 'uint32_t' {aka 'long unsigned int'} [-Wformat=]
  160 |                   printf("\rSteps: %d\n", userActivity.steps);
      |                                    ~^     ~~~~~~~~~~~~~~~~~~
      |                                     |                 |
      |                                     int               uint32_t {aka long unsigned int}
      |                                    %ld
../Core/Src/main.c:166:23: warning: implicit declaration of function 'control_led' [-Wimplicit-function-declaration]
  166 |                       control_led(&leds, &leds.yellow_Led);
      |                       ^~~~~~~~~~~
../Core/Src/main.c:111:16: warning: unused variable 't2' [-Wunused-variable]
  111 |   uint32_t t1, t2;
      |                ^~
../Core/Src/main.c:111:12: warning: unused variable 't1' [-Wunused-variable]
  111 |   uint32_t t1, t2;
      |            ^~
arm-none-eabi-gcc -o "Mid_Term_Project.elf" @"objects.list"   -mcpu=cortex-m4 -T"C:\Users\utente\Documents\GitHub\MidTermEmbeddedSystem\Mid_Term_Project\STM32F401RETX_FLASH.ld" --specs=nosys.specs -Wl,-Map="Mid_Term_Project.map" -Wl,--gc-sections -static --specs=nano.specs -mfpu=fpv4-sp-d16 -mfloat-abi=hard -mthumb -u _printf_float -u _scanf_float -Wl,--start-group -lc -lm -Wl,--end-group
Finished building target: Mid_Term_Project.elf
 
arm-none-eabi-size  Mid_Term_Project.elf 
arm-none-eabi-objdump -h -S Mid_Term_Project.elf  > "Mid_Term_Project.list"
   text	   data	    bss	    dec	    hex	filename
  36296	    468	   2052	  38816	   97a0	Mid_Term_Project.elf
Finished building: default.size.stdout
 
Finished building: Mid_Term_Project.list
 
23:12:16 **** Incremental Build of configuration Debug for project Mid_Term_Project ****
make -j8 all 
arm-none-eabi-size  Mid_Term_Project.elf 
   text	   data	    bss	    dec	    hex	filename
  36296	    468	   2052	  38816	   97a0	Mid_Term_Project.elf
Finished building: default.size.stdout
 
23:13:33 **** Incremental Build of configuration Debug for project Mid_Term_Project ****
make -j8 all 
arm-none-eabi-gcc "../Core/Src/main.c" -mcpu=cortex-m4 -std=gnu11 -g3 -DDEBUG -DUSE_HAL_DRIVER -DSTM32F401xE -c -I../Core/Inc -I../Drivers/STM32F4xx_HAL_Driver/Inc -I../Drivers/STM32F4xx_HAL_Driver/Inc/Legacy -I../Drivers/CMSIS/Device/ST/STM32F4xx/Include -I../Drivers/CMSIS/Include -O0 -ffunction-sections -fdata-sections -Wall -fstack-usage -fcyclomatic-complexity -MMD -MP -MF"Core/Src/main.d" -MT"Core/Src/main.o" --specs=nano.specs -mfpu=fpv4-sp-d16 -mfloat-abi=hard -mthumb -o "Core/Src/main.o"
../Core/Src/main.c: In function 'main':
../Core/Src/main.c:160:37: warning: format '%d' expects argument of type 'int', but argument 2 has type 'uint32_t' {aka 'long unsigned int'} [-Wformat=]
  160 |                   printf("\rSteps: %d\n", userActivity.steps);
      |                                    ~^     ~~~~~~~~~~~~~~~~~~
      |                                     |                 |
      |                                     int               uint32_t {aka long unsigned int}
      |                                    %ld
../Core/Src/main.c:166:23: warning: implicit declaration of function 'control_led' [-Wimplicit-function-declaration]
  166 |                       control_led(&leds, &leds.yellow_Led);
      |                       ^~~~~~~~~~~
../Core/Src/main.c:111:16: warning: unused variable 't2' [-Wunused-variable]
  111 |   uint32_t t1, t2;
      |                ^~
../Core/Src/main.c:111:12: warning: unused variable 't1' [-Wunused-variable]
  111 |   uint32_t t1, t2;
      |            ^~
arm-none-eabi-gcc -o "Mid_Term_Project.elf" @"objects.list"   -mcpu=cortex-m4 -T"C:\Users\utente\Documents\GitHub\MidTermEmbeddedSystem\Mid_Term_Project\STM32F401RETX_FLASH.ld" --specs=nosys.specs -Wl,-Map="Mid_Term_Project.map" -Wl,--gc-sections -static --specs=nano.specs -mfpu=fpv4-sp-d16 -mfloat-abi=hard -mthumb -u _printf_float -u _scanf_float -Wl,--start-group -lc -lm -Wl,--end-group
Finished building target: Mid_Term_Project.elf
 
arm-none-eabi-size  Mid_Term_Project.elf 
arm-none-eabi-objdump -h -S Mid_Term_Project.elf  > "Mid_Term_Project.list"
   text	   data	    bss	    dec	    hex	filename
  36296	    468	   2052	  38816	   97a0	Mid_Term_Project.elf
Finished building: default.size.stdout
 
Finished building: Mid_Term_Project.list
 
23:14:36 **** Incremental Build of configuration Debug for project Mid_Term_Project ****
make -j8 all 
arm-none-eabi-gcc "../Core/Src/main.c" -mcpu=cortex-m4 -std=gnu11 -g3 -DDEBUG -DUSE_HAL_DRIVER -DSTM32F401xE -c -I../Core/Inc -I../Drivers/STM32F4xx_HAL_Driver/Inc -I../Drivers/STM32F4xx_HAL_Driver/Inc/Legacy -I../Drivers/CMSIS/Device/ST/STM32F4xx/Include -I../Drivers/CMSIS/Include -O0 -ffunction-sections -fdata-sections -Wall -fstack-usage -fcyclomatic-complexity -MMD -MP -MF"Core/Src/main.d" -MT"Core/Src/main.o" --specs=nano.specs -mfpu=fpv4-sp-d16 -mfloat-abi=hard -mthumb -o "Core/Src/main.o"
../Core/Src/main.c: In function 'main':
../Core/Src/main.c:160:37: warning: format '%d' expects argument of type 'int', but argument 2 has type 'uint32_t' {aka 'long unsigned int'} [-Wformat=]
  160 |                   printf("\rSteps: %d\n", userActivity.steps);
      |                                    ~^     ~~~~~~~~~~~~~~~~~~
      |                                     |                 |
      |                                     int               uint32_t {aka long unsigned int}
      |                                    %ld
../Core/Src/main.c:166:23: warning: implicit declaration of function 'control_led' [-Wimplicit-function-declaration]
  166 |                       control_led(&leds, &leds.yellow_Led);
      |                       ^~~~~~~~~~~
../Core/Src/main.c:111:16: warning: unused variable 't2' [-Wunused-variable]
  111 |   uint32_t t1, t2;
      |                ^~
../Core/Src/main.c:111:12: warning: unused variable 't1' [-Wunused-variable]
  111 |   uint32_t t1, t2;
      |            ^~
arm-none-eabi-gcc -o "Mid_Term_Project.elf" @"objects.list"   -mcpu=cortex-m4 -T"C:\Users\utente\Documents\GitHub\MidTermEmbeddedSystem\Mid_Term_Project\STM32F401RETX_FLASH.ld" --specs=nosys.specs -Wl,-Map="Mid_Term_Project.map" -Wl,--gc-sections -static --specs=nano.specs -mfpu=fpv4-sp-d16 -mfloat-abi=hard -mthumb -u _printf_float -u _scanf_float -Wl,--start-group -lc -lm -Wl,--end-group
Finished building target: Mid_Term_Project.elf
 
arm-none-eabi-size  Mid_Term_Project.elf 
arm-none-eabi-objdump -h -S Mid_Term_Project.elf  > "Mid_Term_Project.list"
   text	   data	    bss	    dec	    hex	filename
  36296	    468	   2052	  38816	   97a0	Mid_Term_Project.elf
Finished building: default.size.stdout
 
Finished building: Mid_Term_Project.list
 
23:18:32 **** Incremental Build of configuration Debug for project Mid_Term_Project ****
make -j8 all 
arm-none-eabi-gcc "../Core/Src/main.c" -mcpu=cortex-m4 -std=gnu11 -g3 -DDEBUG -DUSE_HAL_DRIVER -DSTM32F401xE -c -I../Core/Inc -I../Drivers/STM32F4xx_HAL_Driver/Inc -I../Drivers/STM32F4xx_HAL_Driver/Inc/Legacy -I../Drivers/CMSIS/Device/ST/STM32F4xx/Include -I../Drivers/CMSIS/Include -O0 -ffunction-sections -fdata-sections -Wall -fstack-usage -fcyclomatic-complexity -MMD -MP -MF"Core/Src/main.d" -MT"Core/Src/main.o" --specs=nano.specs -mfpu=fpv4-sp-d16 -mfloat-abi=hard -mthumb -o "Core/Src/main.o"
../Core/Src/main.c: In function 'main':
../Core/Src/main.c:160:37: warning: format '%d' expects argument of type 'int', but argument 2 has type 'uint32_t' {aka 'long unsigned int'} [-Wformat=]
  160 |                   printf("\rSteps: %d\n", userActivity.steps);
      |                                    ~^     ~~~~~~~~~~~~~~~~~~
      |                                     |                 |
      |                                     int               uint32_t {aka long unsigned int}
      |                                    %ld
../Core/Src/main.c:166:23: warning: implicit declaration of function 'control_led' [-Wimplicit-function-declaration]
  166 |                       control_led(&leds, &leds.yellow_Led);
      |                       ^~~~~~~~~~~
../Core/Src/main.c:111:16: warning: unused variable 't2' [-Wunused-variable]
  111 |   uint32_t t1, t2;
      |                ^~
../Core/Src/main.c:111:12: warning: unused variable 't1' [-Wunused-variable]
  111 |   uint32_t t1, t2;
      |            ^~
arm-none-eabi-gcc -o "Mid_Term_Project.elf" @"objects.list"   -mcpu=cortex-m4 -T"C:\Users\utente\Documents\GitHub\MidTermEmbeddedSystem\Mid_Term_Project\STM32F401RETX_FLASH.ld" --specs=nosys.specs -Wl,-Map="Mid_Term_Project.map" -Wl,--gc-sections -static --specs=nano.specs -mfpu=fpv4-sp-d16 -mfloat-abi=hard -mthumb -u _printf_float -u _scanf_float -Wl,--start-group -lc -lm -Wl,--end-group
Finished building target: Mid_Term_Project.elf
 
arm-none-eabi-size  Mid_Term_Project.elf 
arm-none-eabi-objdump -h -S Mid_Term_Project.elf  > "Mid_Term_Project.list"
   text	   data	    bss	    dec	    hex	filename
  36296	    468	   2052	  38816	   97a0	Mid_Term_Project.elf
Finished building: default.size.stdout
 
Finished building: Mid_Term_Project.list
 
09:32:46 **** Incremental Build of configuration Debug for project Mid_Term_Project ****
make -j8 all 
arm-none-eabi-gcc "../Core/Src/activity_tracking.c" -mcpu=cortex-m4 -std=gnu11 -g3 -DDEBUG -DUSE_HAL_DRIVER -DSTM32F401xE -c -I../Core/Inc -I../Drivers/STM32F4xx_HAL_Driver/Inc -I../Drivers/STM32F4xx_HAL_Driver/Inc/Legacy -I../Drivers/CMSIS/Device/ST/STM32F4xx/Include -I../Drivers/CMSIS/Include -O0 -ffunction-sections -fdata-sections -Wall -fstack-usage -fcyclomatic-complexity -MMD -MP -MF"Core/Src/activity_tracking.d" -MT"Core/Src/activity_tracking.o" --specs=nano.specs -mfpu=fpv4-sp-d16 -mfloat-abi=hard -mthumb -o "Core/Src/activity_tracking.o"
arm-none-eabi-gcc "../Core/Src/main.c" -mcpu=cortex-m4 -std=gnu11 -g3 -DDEBUG -DUSE_HAL_DRIVER -DSTM32F401xE -c -I../Core/Inc -I../Drivers/STM32F4xx_HAL_Driver/Inc -I../Drivers/STM32F4xx_HAL_Driver/Inc/Legacy -I../Drivers/CMSIS/Device/ST/STM32F4xx/Include -I../Drivers/CMSIS/Include -O0 -ffunction-sections -fdata-sections -Wall -fstack-usage -fcyclomatic-complexity -MMD -MP -MF"Core/Src/main.d" -MT"Core/Src/main.o" --specs=nano.specs -mfpu=fpv4-sp-d16 -mfloat-abi=hard -mthumb -o "Core/Src/main.o"
../Core/Src/activity_tracking.c: In function 'StepBuffer_init':
../Core/Src/activity_tracking.c:30:26: error: 'lenght' undeclared (first use in this function); did you mean 'length'?
   30 |         buffer->length = lenght;
      |                          ^~~~~~
      |                          length
../Core/Src/activity_tracking.c:30:26: note: each undeclared identifier is reported only once for each function it appears in
../Core/Src/activity_tracking.c:35:21: error: incompatible types when assigning to type 'StepBuffer' from type 'int'
   35 |         buffer[i] = 0;
      |                     ^
../Core/Src/main.c: In function 'main':
../Core/Src/main.c:160:37: warning: format '%d' expects argument of type 'int', but argument 2 has type 'uint32_t' {aka 'long unsigned int'} [-Wformat=]
  160 |                   printf("\rSteps: %d\n", userActivity.steps);
      |                                    ~^     ~~~~~~~~~~~~~~~~~~
      |                                     |                 |
      |                                     int               uint32_t {aka long unsigned int}
      |                                    %ld
make: *** [Core/Src/subdir.mk:58: Core/Src/activity_tracking.o] Error 1
make: *** Waiting for unfinished jobs....
../Core/Src/main.c:166:23: warning: implicit declaration of function 'control_led' [-Wimplicit-function-declaration]
  166 |                       control_led(&leds, &leds.yellow_Led);
      |                       ^~~~~~~~~~~
../Core/Src/main.c:111:16: warning: unused variable 't2' [-Wunused-variable]
  111 |   uint32_t t1, t2;
      |                ^~
../Core/Src/main.c:111:12: warning: unused variable 't1' [-Wunused-variable]
  111 |   uint32_t t1, t2;
      |            ^~
"make -j8 all" terminated with exit code 2. Build might be incomplete.
09:33:18 **** Incremental Build of configuration Debug for project Mid_Term_Project ****
make -j8 all 
arm-none-eabi-gcc "../Core/Src/activity_tracking.c" -mcpu=cortex-m4 -std=gnu11 -g3 -DDEBUG -DUSE_HAL_DRIVER -DSTM32F401xE -c -I../Core/Inc -I../Drivers/STM32F4xx_HAL_Driver/Inc -I../Drivers/STM32F4xx_HAL_Driver/Inc/Legacy -I../Drivers/CMSIS/Device/ST/STM32F4xx/Include -I../Drivers/CMSIS/Include -O0 -ffunction-sections -fdata-sections -Wall -fstack-usage -fcyclomatic-complexity -MMD -MP -MF"Core/Src/activity_tracking.d" -MT"Core/Src/activity_tracking.o" --specs=nano.specs -mfpu=fpv4-sp-d16 -mfloat-abi=hard -mthumb -o "Core/Src/activity_tracking.o"
arm-none-eabi-gcc -o "Mid_Term_Project.elf" @"objects.list"   -mcpu=cortex-m4 -T"C:\Users\utente\Documents\GitHub\MidTermEmbeddedSystem\Mid_Term_Project\STM32F401RETX_FLASH.ld" --specs=nosys.specs -Wl,-Map="Mid_Term_Project.map" -Wl,--gc-sections -static --specs=nano.specs -mfpu=fpv4-sp-d16 -mfloat-abi=hard -mthumb -u _printf_float -u _scanf_float -Wl,--start-group -lc -lm -Wl,--end-group
Finished building target: Mid_Term_Project.elf
 
arm-none-eabi-size  Mid_Term_Project.elf 
arm-none-eabi-objdump -h -S Mid_Term_Project.elf  > "Mid_Term_Project.list"
   text	   data	    bss	    dec	    hex	filename
  36472	    468	   2052	  38992	   9850	Mid_Term_Project.elf
Finished building: default.size.stdout
 
Finished building: Mid_Term_Project.list
 
09:33:34 **** Incremental Build of configuration Debug for project Mid_Term_Project ****
make -j8 all 
arm-none-eabi-size  Mid_Term_Project.elf 
   text	   data	    bss	    dec	    hex	filename
  36472	    468	   2052	  38992	   9850	Mid_Term_Project.elf
Finished building: default.size.stdout
 
09:35:20 **** Incremental Build of configuration Debug for project Mid_Term_Project ****
make -j8 all 
arm-none-eabi-gcc "../Core/Src/activity_tracking.c" -mcpu=cortex-m4 -std=gnu11 -g3 -DDEBUG -DUSE_HAL_DRIVER -DSTM32F401xE -c -I../Core/Inc -I../Drivers/STM32F4xx_HAL_Driver/Inc -I../Drivers/STM32F4xx_HAL_Driver/Inc/Legacy -I../Drivers/CMSIS/Device/ST/STM32F4xx/Include -I../Drivers/CMSIS/Include -O0 -ffunction-sections -fdata-sections -Wall -fstack-usage -fcyclomatic-complexity -MMD -MP -MF"Core/Src/activity_tracking.d" -MT"Core/Src/activity_tracking.o" --specs=nano.specs -mfpu=fpv4-sp-d16 -mfloat-abi=hard -mthumb -o "Core/Src/activity_tracking.o"
arm-none-eabi-gcc "../Core/Src/main.c" -mcpu=cortex-m4 -std=gnu11 -g3 -DDEBUG -DUSE_HAL_DRIVER -DSTM32F401xE -c -I../Core/Inc -I../Drivers/STM32F4xx_HAL_Driver/Inc -I../Drivers/STM32F4xx_HAL_Driver/Inc/Legacy -I../Drivers/CMSIS/Device/ST/STM32F4xx/Include -I../Drivers/CMSIS/Include -O0 -ffunction-sections -fdata-sections -Wall -fstack-usage -fcyclomatic-complexity -MMD -MP -MF"Core/Src/main.d" -MT"Core/Src/main.o" --specs=nano.specs -mfpu=fpv4-sp-d16 -mfloat-abi=hard -mthumb -o "Core/Src/main.o"
../Core/Src/main.c: In function 'main':
../Core/Src/main.c:160:37: warning: format '%d' expects argument of type 'int', but argument 2 has type 'uint32_t' {aka 'long unsigned int'} [-Wformat=]
  160 |                   printf("\rSteps: %d\n", userActivity.steps);
      |                                    ~^     ~~~~~~~~~~~~~~~~~~
      |                                     |                 |
      |                                     int               uint32_t {aka long unsigned int}
      |                                    %ld
../Core/Src/main.c:166:23: warning: implicit declaration of function 'control_led' [-Wimplicit-function-declaration]
  166 |                       control_led(&leds, &leds.yellow_Led);
      |                       ^~~~~~~~~~~
../Core/Src/main.c:111:16: warning: unused variable 't2' [-Wunused-variable]
  111 |   uint32_t t1, t2;
      |                ^~
../Core/Src/main.c:111:12: warning: unused variable 't1' [-Wunused-variable]
  111 |   uint32_t t1, t2;
      |            ^~
arm-none-eabi-gcc -o "Mid_Term_Project.elf" @"objects.list"   -mcpu=cortex-m4 -T"C:\Users\utente\Documents\GitHub\MidTermEmbeddedSystem\Mid_Term_Project\STM32F401RETX_FLASH.ld" --specs=nosys.specs -Wl,-Map="Mid_Term_Project.map" -Wl,--gc-sections -static --specs=nano.specs -mfpu=fpv4-sp-d16 -mfloat-abi=hard -mthumb -u _printf_float -u _scanf_float -Wl,--start-group -lc -lm -Wl,--end-group
Finished building target: Mid_Term_Project.elf
 
arm-none-eabi-size  Mid_Term_Project.elf 
arm-none-eabi-objdump -h -S Mid_Term_Project.elf  > "Mid_Term_Project.list"
   text	   data	    bss	    dec	    hex	filename
  36472	    468	   2052	  38992	   9850	Mid_Term_Project.elf
Finished building: default.size.stdout
 
Finished building: Mid_Term_Project.list
 
09:35:26 **** Incremental Build of configuration Debug for project Mid_Term_Project ****
make -j8 all 
arm-none-eabi-size  Mid_Term_Project.elf 
   text	   data	    bss	    dec	    hex	filename
  36472	    468	   2052	  38992	   9850	Mid_Term_Project.elf
Finished building: default.size.stdout
 
09:43:36 **** Incremental Build of configuration Debug for project Mid_Term_Project ****
make -j8 all 
arm-none-eabi-gcc "../Core/Src/activity_tracking.c" -mcpu=cortex-m4 -std=gnu11 -g3 -DDEBUG -DUSE_HAL_DRIVER -DSTM32F401xE -c -I../Core/Inc -I../Drivers/STM32F4xx_HAL_Driver/Inc -I../Drivers/STM32F4xx_HAL_Driver/Inc/Legacy -I../Drivers/CMSIS/Device/ST/STM32F4xx/Include -I../Drivers/CMSIS/Include -O0 -ffunction-sections -fdata-sections -Wall -fstack-usage -fcyclomatic-complexity -MMD -MP -MF"Core/Src/activity_tracking.d" -MT"Core/Src/activity_tracking.o" --specs=nano.specs -mfpu=fpv4-sp-d16 -mfloat-abi=hard -mthumb -o "Core/Src/activity_tracking.o"
arm-none-eabi-gcc "../Core/Src/main.c" -mcpu=cortex-m4 -std=gnu11 -g3 -DDEBUG -DUSE_HAL_DRIVER -DSTM32F401xE -c -I../Core/Inc -I../Drivers/STM32F4xx_HAL_Driver/Inc -I../Drivers/STM32F4xx_HAL_Driver/Inc/Legacy -I../Drivers/CMSIS/Device/ST/STM32F4xx/Include -I../Drivers/CMSIS/Include -O0 -ffunction-sections -fdata-sections -Wall -fstack-usage -fcyclomatic-complexity -MMD -MP -MF"Core/Src/main.d" -MT"Core/Src/main.o" --specs=nano.specs -mfpu=fpv4-sp-d16 -mfloat-abi=hard -mthumb -o "Core/Src/main.o"
../Core/Src/main.c: In function 'main':
../Core/Src/main.c:160:37: warning: format '%d' expects argument of type 'int', but argument 2 has type 'uint32_t' {aka 'long unsigned int'} [-Wformat=]
  160 |                   printf("\rSteps: %d\n", userActivity.steps);
      |                                    ~^     ~~~~~~~~~~~~~~~~~~
      |                                     |                 |
      |                                     int               uint32_t {aka long unsigned int}
      |                                    %ld
../Core/Src/main.c:166:23: warning: implicit declaration of function 'control_led' [-Wimplicit-function-declaration]
  166 |                       control_led(&leds, &leds.yellow_Led);
      |                       ^~~~~~~~~~~
../Core/Src/main.c:111:16: warning: unused variable 't2' [-Wunused-variable]
  111 |   uint32_t t1, t2;
      |                ^~
../Core/Src/main.c:111:12: warning: unused variable 't1' [-Wunused-variable]
  111 |   uint32_t t1, t2;
      |            ^~
arm-none-eabi-gcc -o "Mid_Term_Project.elf" @"objects.list"   -mcpu=cortex-m4 -T"C:\Users\utente\Documents\GitHub\MidTermEmbeddedSystem\Mid_Term_Project\STM32F401RETX_FLASH.ld" --specs=nosys.specs -Wl,-Map="Mid_Term_Project.map" -Wl,--gc-sections -static --specs=nano.specs -mfpu=fpv4-sp-d16 -mfloat-abi=hard -mthumb -u _printf_float -u _scanf_float -Wl,--start-group -lc -lm -Wl,--end-group
Finished building target: Mid_Term_Project.elf
 
arm-none-eabi-size  Mid_Term_Project.elf 
arm-none-eabi-objdump -h -S Mid_Term_Project.elf  > "Mid_Term_Project.list"
   text	   data	    bss	    dec	    hex	filename
  36528	    468	   2052	  39048	   9888	Mid_Term_Project.elf
Finished building: default.size.stdout
 
Finished building: Mid_Term_Project.list
 
09:43:39 **** Incremental Build of configuration Debug for project Mid_Term_Project ****
make -j8 all 
arm-none-eabi-size  Mid_Term_Project.elf 
   text	   data	    bss	    dec	    hex	filename
  36528	    468	   2052	  39048	   9888	Mid_Term_Project.elf
Finished building: default.size.stdout
 
09:44:01 **** Incremental Build of configuration Debug for project Mid_Term_Project ****
make -j8 all 
arm-none-eabi-size  Mid_Term_Project.elf 
   text	   data	    bss	    dec	    hex	filename
  36528	    468	   2052	  39048	   9888	Mid_Term_Project.elf
Finished building: default.size.stdout
 
09:45:20 **** Incremental Build of configuration Debug for project Mid_Term_Project ****
make -j8 all 
arm-none-eabi-size  Mid_Term_Project.elf 
   text	   data	    bss	    dec	    hex	filename
  36528	    468	   2052	  39048	   9888	Mid_Term_Project.elf
Finished building: default.size.stdout
 
09:46:37 **** Incremental Build of configuration Debug for project Mid_Term_Project ****
make -j8 all 
arm-none-eabi-gcc "../Core/Src/activity_tracking.c" -mcpu=cortex-m4 -std=gnu11 -g3 -DDEBUG -DUSE_HAL_DRIVER -DSTM32F401xE -c -I../Core/Inc -I../Drivers/STM32F4xx_HAL_Driver/Inc -I../Drivers/STM32F4xx_HAL_Driver/Inc/Legacy -I../Drivers/CMSIS/Device/ST/STM32F4xx/Include -I../Drivers/CMSIS/Include -O0 -ffunction-sections -fdata-sections -Wall -fstack-usage -fcyclomatic-complexity -MMD -MP -MF"Core/Src/activity_tracking.d" -MT"Core/Src/activity_tracking.o" --specs=nano.specs -mfpu=fpv4-sp-d16 -mfloat-abi=hard -mthumb -o "Core/Src/activity_tracking.o"
arm-none-eabi-gcc -o "Mid_Term_Project.elf" @"objects.list"   -mcpu=cortex-m4 -T"C:\Users\utente\Documents\GitHub\MidTermEmbeddedSystem\Mid_Term_Project\STM32F401RETX_FLASH.ld" --specs=nosys.specs -Wl,-Map="Mid_Term_Project.map" -Wl,--gc-sections -static --specs=nano.specs -mfpu=fpv4-sp-d16 -mfloat-abi=hard -mthumb -u _printf_float -u _scanf_float -Wl,--start-group -lc -lm -Wl,--end-group
Finished building target: Mid_Term_Project.elf
 
arm-none-eabi-size  Mid_Term_Project.elf 
arm-none-eabi-objdump -h -S Mid_Term_Project.elf  > "Mid_Term_Project.list"
   text	   data	    bss	    dec	    hex	filename
  36536	    468	   2052	  39056	   9890	Mid_Term_Project.elf
Finished building: default.size.stdout
 
Finished building: Mid_Term_Project.list
 
09:46:41 **** Incremental Build of configuration Debug for project Mid_Term_Project ****
make -j8 all 
arm-none-eabi-size  Mid_Term_Project.elf 
   text	   data	    bss	    dec	    hex	filename
  36536	    468	   2052	  39056	   9890	Mid_Term_Project.elf
Finished building: default.size.stdout
 
09:46:55 **** Incremental Build of configuration Debug for project Mid_Term_Project ****
make -j8 all 
arm-none-eabi-size  Mid_Term_Project.elf 
   text	   data	    bss	    dec	    hex	filename
  36536	    468	   2052	  39056	   9890	Mid_Term_Project.elf
Finished building: default.size.stdout
 
09:47:07 **** Incremental Build of configuration Debug for project Mid_Term_Project ****
make -j8 all 
arm-none-eabi-size  Mid_Term_Project.elf 
   text	   data	    bss	    dec	    hex	filename
  36536	    468	   2052	  39056	   9890	Mid_Term_Project.elf
Finished building: default.size.stdout
 
09:52:54 **** Incremental Build of configuration Debug for project Mid_Term_Project ****
make -j8 all 
arm-none-eabi-gcc "../Core/Src/activity_tracking.c" -mcpu=cortex-m4 -std=gnu11 -g3 -DDEBUG -DUSE_HAL_DRIVER -DSTM32F401xE -c -I../Core/Inc -I../Drivers/STM32F4xx_HAL_Driver/Inc -I../Drivers/STM32F4xx_HAL_Driver/Inc/Legacy -I../Drivers/CMSIS/Device/ST/STM32F4xx/Include -I../Drivers/CMSIS/Include -O0 -ffunction-sections -fdata-sections -Wall -fstack-usage -fcyclomatic-complexity -MMD -MP -MF"Core/Src/activity_tracking.d" -MT"Core/Src/activity_tracking.o" --specs=nano.specs -mfpu=fpv4-sp-d16 -mfloat-abi=hard -mthumb -o "Core/Src/activity_tracking.o"
arm-none-eabi-gcc "../Core/Src/main.c" -mcpu=cortex-m4 -std=gnu11 -g3 -DDEBUG -DUSE_HAL_DRIVER -DSTM32F401xE -c -I../Core/Inc -I../Drivers/STM32F4xx_HAL_Driver/Inc -I../Drivers/STM32F4xx_HAL_Driver/Inc/Legacy -I../Drivers/CMSIS/Device/ST/STM32F4xx/Include -I../Drivers/CMSIS/Include -O0 -ffunction-sections -fdata-sections -Wall -fstack-usage -fcyclomatic-complexity -MMD -MP -MF"Core/Src/main.d" -MT"Core/Src/main.o" --specs=nano.specs -mfpu=fpv4-sp-d16 -mfloat-abi=hard -mthumb -o "Core/Src/main.o"
../Core/Src/main.c: In function 'main':
../Core/Src/main.c:160:37: warning: format '%d' expects argument of type 'int', but argument 2 has type 'uint32_t' {aka 'long unsigned int'} [-Wformat=]
  160 |                   printf("\rSteps: %d\n", userActivity.steps);
      |                                    ~^     ~~~~~~~~~~~~~~~~~~
      |                                     |                 |
      |                                     int               uint32_t {aka long unsigned int}
      |                                    %ld
../Core/Src/main.c:166:23: warning: implicit declaration of function 'control_led' [-Wimplicit-function-declaration]
  166 |                       control_led(&leds, &leds.yellow_Led);
      |                       ^~~~~~~~~~~
../Core/Src/main.c:111:16: warning: unused variable 't2' [-Wunused-variable]
  111 |   uint32_t t1, t2;
      |                ^~
../Core/Src/main.c:111:12: warning: unused variable 't1' [-Wunused-variable]
  111 |   uint32_t t1, t2;
      |            ^~
arm-none-eabi-gcc -o "Mid_Term_Project.elf" @"objects.list"   -mcpu=cortex-m4 -T"C:\Users\utente\Documents\GitHub\MidTermEmbeddedSystem\Mid_Term_Project\STM32F401RETX_FLASH.ld" --specs=nosys.specs -Wl,-Map="Mid_Term_Project.map" -Wl,--gc-sections -static --specs=nano.specs -mfpu=fpv4-sp-d16 -mfloat-abi=hard -mthumb -u _printf_float -u _scanf_float -Wl,--start-group -lc -lm -Wl,--end-group
Finished building target: Mid_Term_Project.elf
 
arm-none-eabi-size  Mid_Term_Project.elf 
arm-none-eabi-objdump -h -S Mid_Term_Project.elf  > "Mid_Term_Project.list"
   text	   data	    bss	    dec	    hex	filename
  36536	    468	   2052	  39056	   9890	Mid_Term_Project.elf
Finished building: default.size.stdout
 
Finished building: Mid_Term_Project.list
 
09:53:05 **** Incremental Build of configuration Debug for project Mid_Term_Project ****
make -j8 all 
arm-none-eabi-size  Mid_Term_Project.elf 
   text	   data	    bss	    dec	    hex	filename
  36536	    468	   2052	  39056	   9890	Mid_Term_Project.elf
Finished building: default.size.stdout
 
09:53:41 **** Incremental Build of configuration Debug for project Mid_Term_Project ****
make -j8 all 
arm-none-eabi-size  Mid_Term_Project.elf 
   text	   data	    bss	    dec	    hex	filename
  36536	    468	   2052	  39056	   9890	Mid_Term_Project.elf
Finished building: default.size.stdout
 
10:49:05 **** Incremental Build of configuration Debug for project Mid_Term_Project ****
make -j8 all 
arm-none-eabi-gcc "../Core/Src/main.c" -mcpu=cortex-m4 -std=gnu11 -g3 -DDEBUG -DUSE_HAL_DRIVER -DSTM32F401xE -c -I../Core/Inc -I../Drivers/STM32F4xx_HAL_Driver/Inc -I../Drivers/STM32F4xx_HAL_Driver/Inc/Legacy -I../Drivers/CMSIS/Device/ST/STM32F4xx/Include -I../Drivers/CMSIS/Include -O0 -ffunction-sections -fdata-sections -Wall -fstack-usage -fcyclomatic-complexity -MMD -MP -MF"Core/Src/main.d" -MT"Core/Src/main.o" --specs=nano.specs -mfpu=fpv4-sp-d16 -mfloat-abi=hard -mthumb -o "Core/Src/main.o"
../Core/Src/main.c: In function 'main':
../Core/Src/main.c:166:37: warning: format '%d' expects argument of type 'int', but argument 2 has type 'uint32_t' {aka 'long unsigned int'} [-Wformat=]
  166 |                   printf("\rSteps: %d\n", userActivity.steps);
      |                                    ~^     ~~~~~~~~~~~~~~~~~~
      |                                     |                 |
      |                                     int               uint32_t {aka long unsigned int}
      |                                    %ld
../Core/Src/main.c:171:23: warning: implicit declaration of function 'control_led' [-Wimplicit-function-declaration]
  171 |                       control_led(&leds, &leds.yellow_Led); // Accendi LED giallo
      |                       ^~~~~~~~~~~
../Core/Src/main.c:179:49: warning: format '%u' expects argument of type 'unsigned int', but argument 2 has type 'uint32_t' {aka 'long unsigned int'} [-Wformat=]
  179 |               printf("Contapassi campionato a: %u ms\n", current_time); // Stampa di debug per il contapassi
      |                                                ~^        ~~~~~~~~~~~~
      |                                                 |        |
      |                                                 |        uint32_t {aka long unsigned int}
      |                                                 unsigned int
      |                                                %lu
../Core/Src/main.c:190:46: warning: format '%u' expects argument of type 'unsigned int', but argument 2 has type 'uint32_t' {aka 'long unsigned int'} [-Wformat=]
  190 |                   printf("ECG campionato a: %u ms\n", current_time); // Stampa di debug per l'ECG
      |                                             ~^        ~~~~~~~~~~~~
      |                                              |        |
      |                                              |        uint32_t {aka long unsigned int}
      |                                              unsigned int
      |                                             %lu
../Core/Src/main.c:202:54: warning: format '%u' expects argument of type 'unsigned int', but argument 2 has type 'uint32_t' {aka 'long unsigned int'} [-Wformat=]
  202 |                   printf("Temperatura campionata a: %u ms\n", current_time); // Stampa di debug per la temperatura
      |                                                     ~^        ~~~~~~~~~~~~
      |                                                      |        |
      |                                                      |        uint32_t {aka long unsigned int}
      |                                                      unsigned int
      |                                                     %lu
arm-none-eabi-gcc -o "Mid_Term_Project.elf" @"objects.list"   -mcpu=cortex-m4 -T"C:\Users\utente\Documents\GitHub\MidTermEmbeddedSystem\Mid_Term_Project\STM32F401RETX_FLASH.ld" --specs=nosys.specs -Wl,-Map="Mid_Term_Project.map" -Wl,--gc-sections -static --specs=nano.specs -mfpu=fpv4-sp-d16 -mfloat-abi=hard -mthumb -u _printf_float -u _scanf_float -Wl,--start-group -lc -lm -Wl,--end-group
Finished building target: Mid_Term_Project.elf
 
arm-none-eabi-size  Mid_Term_Project.elf 
arm-none-eabi-objdump -h -S Mid_Term_Project.elf  > "Mid_Term_Project.list"
   text	   data	    bss	    dec	    hex	filename
  36728	    468	   2052	  39248	   9950	Mid_Term_Project.elf
Finished building: default.size.stdout
 
Finished building: Mid_Term_Project.list
 
10:50:13 **** Incremental Build of configuration Debug for project Mid_Term_Project ****
make -j8 all 
arm-none-eabi-gcc "../Core/Src/main.c" -mcpu=cortex-m4 -std=gnu11 -g3 -DDEBUG -DUSE_HAL_DRIVER -DSTM32F401xE -c -I../Core/Inc -I../Drivers/STM32F4xx_HAL_Driver/Inc -I../Drivers/STM32F4xx_HAL_Driver/Inc/Legacy -I../Drivers/CMSIS/Device/ST/STM32F4xx/Include -I../Drivers/CMSIS/Include -O0 -ffunction-sections -fdata-sections -Wall -fstack-usage -fcyclomatic-complexity -MMD -MP -MF"Core/Src/main.d" -MT"Core/Src/main.o" --specs=nano.specs -mfpu=fpv4-sp-d16 -mfloat-abi=hard -mthumb -o "Core/Src/main.o"
../Core/Src/main.c: In function 'main':
../Core/Src/main.c:166:37: warning: format '%d' expects argument of type 'int', but argument 2 has type 'uint32_t' {aka 'long unsigned int'} [-Wformat=]
  166 |                   printf("\rSteps: %d\n", userActivity.steps);
      |                                    ~^     ~~~~~~~~~~~~~~~~~~
      |                                     |                 |
      |                                     int               uint32_t {aka long unsigned int}
      |                                    %ld
../Core/Src/main.c:171:23: warning: implicit declaration of function 'control_led' [-Wimplicit-function-declaration]
  171 |                       control_led(&leds, &leds.yellow_Led); // Accendi LED giallo
      |                       ^~~~~~~~~~~
../Core/Src/main.c:179:49: warning: format '%u' expects argument of type 'unsigned int', but argument 2 has type 'uint32_t' {aka 'long unsigned int'} [-Wformat=]
  179 |               printf("Contapassi campionato a: %u ms\n", (current_time - last_step_time)); // Stampa di debug per il contapassi
      |                                                ~^        ~~~~~~~~~~~~~~~~~~~~~~~~~~~~~~~
      |                                                 |                      |
      |                                                 unsigned int           uint32_t {aka long unsigned int}
      |                                                %lu
../Core/Src/main.c:190:46: warning: format '%u' expects argument of type 'unsigned int', but argument 2 has type 'uint32_t' {aka 'long unsigned int'} [-Wformat=]
  190 |                   printf("ECG campionato a: %u ms\n", (current_time - last_step_time)); // Stampa di debug per l'ECG
      |                                             ~^        ~~~~~~~~~~~~~~~~~~~~~~~~~~~~~~~
      |                                              |                      |
      |                                              unsigned int           uint32_t {aka long unsigned int}
      |                                             %lu
../Core/Src/main.c:202:54: warning: format '%u' expects argument of type 'unsigned int', but argument 2 has type 'uint32_t' {aka 'long unsigned int'} [-Wformat=]
  202 |                   printf("Temperatura campionata a: %u ms\n", (current_time - last_step_time)); // Stampa di debug per la temperatura
      |                                                     ~^        ~~~~~~~~~~~~~~~~~~~~~~~~~~~~~~~
      |                                                      |                      |
      |                                                      unsigned int           uint32_t {aka long unsigned int}
      |                                                     %lu
arm-none-eabi-gcc -o "Mid_Term_Project.elf" @"objects.list"   -mcpu=cortex-m4 -T"C:\Users\utente\Documents\GitHub\MidTermEmbeddedSystem\Mid_Term_Project\STM32F401RETX_FLASH.ld" --specs=nosys.specs -Wl,-Map="Mid_Term_Project.map" -Wl,--gc-sections -static --specs=nano.specs -mfpu=fpv4-sp-d16 -mfloat-abi=hard -mthumb -u _printf_float -u _scanf_float -Wl,--start-group -lc -lm -Wl,--end-group
Finished building target: Mid_Term_Project.elf
 
arm-none-eabi-size  Mid_Term_Project.elf 
arm-none-eabi-objdump -h -S Mid_Term_Project.elf  > "Mid_Term_Project.list"
   text	   data	    bss	    dec	    hex	filename
  36752	    468	   2052	  39272	   9968	Mid_Term_Project.elf
Finished building: default.size.stdout
 
Finished building: Mid_Term_Project.list
 
10:50:21 **** Incremental Build of configuration Debug for project Mid_Term_Project ****
make -j8 all 
arm-none-eabi-gcc "../Core/Src/main.c" -mcpu=cortex-m4 -std=gnu11 -g3 -DDEBUG -DUSE_HAL_DRIVER -DSTM32F401xE -c -I../Core/Inc -I../Drivers/STM32F4xx_HAL_Driver/Inc -I../Drivers/STM32F4xx_HAL_Driver/Inc/Legacy -I../Drivers/CMSIS/Device/ST/STM32F4xx/Include -I../Drivers/CMSIS/Include -O0 -ffunction-sections -fdata-sections -Wall -fstack-usage -fcyclomatic-complexity -MMD -MP -MF"Core/Src/main.d" -MT"Core/Src/main.o" --specs=nano.specs -mfpu=fpv4-sp-d16 -mfloat-abi=hard -mthumb -o "Core/Src/main.o"
../Core/Src/main.c: In function 'main':
../Core/Src/main.c:171:23: warning: implicit declaration of function 'control_led' [-Wimplicit-function-declaration]
  171 |                       control_led(&leds, &leds.yellow_Led); // Accendi LED giallo
      |                       ^~~~~~~~~~~
../Core/Src/main.c:179:49: warning: format '%u' expects argument of type 'unsigned int', but argument 2 has type 'uint32_t' {aka 'long unsigned int'} [-Wformat=]
  179 |               printf("Contapassi campionato a: %u ms\n", (current_time - last_step_time)); // Stampa di debug per il contapassi
      |                                                ~^        ~~~~~~~~~~~~~~~~~~~~~~~~~~~~~~~
      |                                                 |                      |
      |                                                 unsigned int           uint32_t {aka long unsigned int}
      |                                                %lu
../Core/Src/main.c:190:46: warning: format '%u' expects argument of type 'unsigned int', but argument 2 has type 'uint32_t' {aka 'long unsigned int'} [-Wformat=]
  190 |                   printf("ECG campionato a: %u ms\n", (current_time - last_step_time)); // Stampa di debug per l'ECG
      |                                             ~^        ~~~~~~~~~~~~~~~~~~~~~~~~~~~~~~~
      |                                              |                      |
      |                                              unsigned int           uint32_t {aka long unsigned int}
      |                                             %lu
../Core/Src/main.c:202:54: warning: format '%u' expects argument of type 'unsigned int', but argument 2 has type 'uint32_t' {aka 'long unsigned int'} [-Wformat=]
  202 |                   printf("Temperatura campionata a: %u ms\n", (current_time - last_step_time)); // Stampa di debug per la temperatura
      |                                                     ~^        ~~~~~~~~~~~~~~~~~~~~~~~~~~~~~~~
      |                                                      |                      |
      |                                                      unsigned int           uint32_t {aka long unsigned int}
      |                                                     %lu
arm-none-eabi-gcc -o "Mid_Term_Project.elf" @"objects.list"   -mcpu=cortex-m4 -T"C:\Users\utente\Documents\GitHub\MidTermEmbeddedSystem\Mid_Term_Project\STM32F401RETX_FLASH.ld" --specs=nosys.specs -Wl,-Map="Mid_Term_Project.map" -Wl,--gc-sections -static --specs=nano.specs -mfpu=fpv4-sp-d16 -mfloat-abi=hard -mthumb -u _printf_float -u _scanf_float -Wl,--start-group -lc -lm -Wl,--end-group
Finished building target: Mid_Term_Project.elf
 
arm-none-eabi-size  Mid_Term_Project.elf 
arm-none-eabi-objdump -h -S Mid_Term_Project.elf  > "Mid_Term_Project.list"
   text	   data	    bss	    dec	    hex	filename
  36584	    468	   2052	  39104	   98c0	Mid_Term_Project.elf
Finished building: default.size.stdout
 
Finished building: Mid_Term_Project.list
 
10:51:33 **** Incremental Build of configuration Debug for project Mid_Term_Project ****
make -j8 all 
arm-none-eabi-gcc "../Core/Src/main.c" -mcpu=cortex-m4 -std=gnu11 -g3 -DDEBUG -DUSE_HAL_DRIVER -DSTM32F401xE -c -I../Core/Inc -I../Drivers/STM32F4xx_HAL_Driver/Inc -I../Drivers/STM32F4xx_HAL_Driver/Inc/Legacy -I../Drivers/CMSIS/Device/ST/STM32F4xx/Include -I../Drivers/CMSIS/Include -O0 -ffunction-sections -fdata-sections -Wall -fstack-usage -fcyclomatic-complexity -MMD -MP -MF"Core/Src/main.d" -MT"Core/Src/main.o" --specs=nano.specs -mfpu=fpv4-sp-d16 -mfloat-abi=hard -mthumb -o "Core/Src/main.o"
../Core/Src/main.c: In function 'main':
../Core/Src/main.c:167:37: warning: format '%d' expects argument of type 'int', but argument 2 has type 'uint32_t' {aka 'long unsigned int'} [-Wformat=]
  167 |                   printf("\rSteps: %d\n", userActivity.steps);
      |                                    ~^     ~~~~~~~~~~~~~~~~~~
      |                                     |                 |
      |                                     int               uint32_t {aka long unsigned int}
      |                                    %ld
../Core/Src/main.c:172:23: warning: implicit declaration of function 'control_led' [-Wimplicit-function-declaration]
  172 |                       control_led(&leds, &leds.yellow_Led); // Accendi LED giallo
      |                       ^~~~~~~~~~~
../Core/Src/main.c:182:49: warning: format '%u' expects argument of type 'unsigned int', but argument 2 has type 'uint32_t' {aka 'long unsigned int'} [-Wformat=]
  182 |               printf("Contapassi campionato a: %u ms, Tempo tra campionamenti: %u ms\n", current_time, step_sampling_time);
      |                                                ~^                                        ~~~~~~~~~~~~
      |                                                 |                                        |
      |                                                 unsigned int                             uint32_t {aka long unsigned int}
      |                                                %lu
../Core/Src/main.c:182:81: warning: format '%u' expects argument of type 'unsigned int', but argument 3 has type 'uint32_t' {aka 'long unsigned int'} [-Wformat=]
  182 |               printf("Contapassi campionato a: %u ms, Tempo tra campionamenti: %u ms\n", current_time, step_sampling_time);
      |                                                                                ~^                      ~~~~~~~~~~~~~~~~~~
      |                                                                                 |                      |
      |                                                                                 unsigned int           uint32_t {aka long unsigned int}
      |                                                                                %lu
../Core/Src/main.c:198:46: warning: format '%u' expects argument of type 'unsigned int', but argument 2 has type 'uint32_t' {aka 'long unsigned int'} [-Wformat=]
  198 |                   printf("ECG campionato a: %u ms, Tempo tra campionamenti: %u ms\n", current_time, ecg_sampling_time); // Stampa di debug per l'ECG
      |                                             ~^                                        ~~~~~~~~~~~~
      |                                              |                                        |
      |                                              unsigned int                             uint32_t {aka long unsigned int}
      |                                             %lu
../Core/Src/main.c:198:78: warning: format '%u' expects argument of type 'unsigned int', but argument 3 has type 'uint32_t' {aka 'long unsigned int'} [-Wformat=]
  198 |                   printf("ECG campionato a: %u ms, Tempo tra campionamenti: %u ms\n", current_time, ecg_sampling_time); // Stampa di debug per l'ECG
      |                                                                             ~^                      ~~~~~~~~~~~~~~~~~
[...]
 
17:27:41 **** Incremental Build of configuration Debug for project Mid_Term_Project ****
make -j8 all 
arm-none-eabi-gcc "../Core/Src/interface.c" -mcpu=cortex-m4 -std=gnu11 -g3 -DDEBUG -DUSE_HAL_DRIVER -DSTM32F401xE -c -I../Core/Inc -I../Drivers/STM32F4xx_HAL_Driver/Inc -I../Drivers/STM32F4xx_HAL_Driver/Inc/Legacy -I../Drivers/CMSIS/Device/ST/STM32F4xx/Include -I../Drivers/CMSIS/Include -O0 -ffunction-sections -fdata-sections -Wall -fstack-usage -fcyclomatic-complexity -MMD -MP -MF"Core/Src/interface.d" -MT"Core/Src/interface.o" --specs=nano.specs -mfpu=fpv4-sp-d16 -mfloat-abi=hard -mthumb -o "Core/Src/interface.o"
arm-none-eabi-gcc -o "Mid_Term_Project.elf" @"objects.list"   -mcpu=cortex-m4 -T"C:\Users\utente\Documents\GitHub\MidTermEmbeddedSystem\Mid_Term_Project\STM32F401RETX_FLASH.ld" --specs=nosys.specs -Wl,-Map="Mid_Term_Project.map" -Wl,--gc-sections -static --specs=nano.specs -mfpu=fpv4-sp-d16 -mfloat-abi=hard -mthumb -u _printf_float -u _scanf_float -Wl,--start-group -lc -lm -Wl,--end-group
Finished building target: Mid_Term_Project.elf
 
arm-none-eabi-size  Mid_Term_Project.elf 
arm-none-eabi-objdump -h -S Mid_Term_Project.elf  > "Mid_Term_Project.list"
   text	   data	    bss	    dec	    hex	filename
  40008	    468	   2052	  42528	   a620	Mid_Term_Project.elf
Finished building: default.size.stdout
 
Finished building: Mid_Term_Project.list
 
17:29:20 **** Incremental Build of configuration Debug for project Mid_Term_Project ****
make -j8 all 
arm-none-eabi-gcc "../Core/Src/interface.c" -mcpu=cortex-m4 -std=gnu11 -g3 -DDEBUG -DUSE_HAL_DRIVER -DSTM32F401xE -c -I../Core/Inc -I../Drivers/STM32F4xx_HAL_Driver/Inc -I../Drivers/STM32F4xx_HAL_Driver/Inc/Legacy -I../Drivers/CMSIS/Device/ST/STM32F4xx/Include -I../Drivers/CMSIS/Include -O0 -ffunction-sections -fdata-sections -Wall -fstack-usage -fcyclomatic-complexity -MMD -MP -MF"Core/Src/interface.d" -MT"Core/Src/interface.o" --specs=nano.specs -mfpu=fpv4-sp-d16 -mfloat-abi=hard -mthumb -o "Core/Src/interface.o"
arm-none-eabi-gcc -o "Mid_Term_Project.elf" @"objects.list"   -mcpu=cortex-m4 -T"C:\Users\utente\Documents\GitHub\MidTermEmbeddedSystem\Mid_Term_Project\STM32F401RETX_FLASH.ld" --specs=nosys.specs -Wl,-Map="Mid_Term_Project.map" -Wl,--gc-sections -static --specs=nano.specs -mfpu=fpv4-sp-d16 -mfloat-abi=hard -mthumb -u _printf_float -u _scanf_float -Wl,--start-group -lc -lm -Wl,--end-group
Finished building target: Mid_Term_Project.elf
 
arm-none-eabi-size  Mid_Term_Project.elf 
arm-none-eabi-objdump -h -S Mid_Term_Project.elf  > "Mid_Term_Project.list"
   text	   data	    bss	    dec	    hex	filename
  40008	    468	   2052	  42528	   a620	Mid_Term_Project.elf
Finished building: default.size.stdout
 
Finished building: Mid_Term_Project.list
 
17:30:23 **** Incremental Build of configuration Debug for project Mid_Term_Project ****
make -j8 all 
arm-none-eabi-gcc "../Core/Src/interface.c" -mcpu=cortex-m4 -std=gnu11 -g3 -DDEBUG -DUSE_HAL_DRIVER -DSTM32F401xE -c -I../Core/Inc -I../Drivers/STM32F4xx_HAL_Driver/Inc -I../Drivers/STM32F4xx_HAL_Driver/Inc/Legacy -I../Drivers/CMSIS/Device/ST/STM32F4xx/Include -I../Drivers/CMSIS/Include -O0 -ffunction-sections -fdata-sections -Wall -fstack-usage -fcyclomatic-complexity -MMD -MP -MF"Core/Src/interface.d" -MT"Core/Src/interface.o" --specs=nano.specs -mfpu=fpv4-sp-d16 -mfloat-abi=hard -mthumb -o "Core/Src/interface.o"
arm-none-eabi-gcc -o "Mid_Term_Project.elf" @"objects.list"   -mcpu=cortex-m4 -T"C:\Users\utente\Documents\GitHub\MidTermEmbeddedSystem\Mid_Term_Project\STM32F401RETX_FLASH.ld" --specs=nosys.specs -Wl,-Map="Mid_Term_Project.map" -Wl,--gc-sections -static --specs=nano.specs -mfpu=fpv4-sp-d16 -mfloat-abi=hard -mthumb -u _printf_float -u _scanf_float -Wl,--start-group -lc -lm -Wl,--end-group
Finished building target: Mid_Term_Project.elf
 
arm-none-eabi-size  Mid_Term_Project.elf 
arm-none-eabi-objdump -h -S Mid_Term_Project.elf  > "Mid_Term_Project.list"
   text	   data	    bss	    dec	    hex	filename
  40024	    468	   2052	  42544	   a630	Mid_Term_Project.elf
Finished building: default.size.stdout
 
Finished building: Mid_Term_Project.list
 
17:31:37 **** Incremental Build of configuration Debug for project Mid_Term_Project ****
make -j8 all 
arm-none-eabi-gcc "../Core/Src/interface.c" -mcpu=cortex-m4 -std=gnu11 -g3 -DDEBUG -DUSE_HAL_DRIVER -DSTM32F401xE -c -I../Core/Inc -I../Drivers/STM32F4xx_HAL_Driver/Inc -I../Drivers/STM32F4xx_HAL_Driver/Inc/Legacy -I../Drivers/CMSIS/Device/ST/STM32F4xx/Include -I../Drivers/CMSIS/Include -O0 -ffunction-sections -fdata-sections -Wall -fstack-usage -fcyclomatic-complexity -MMD -MP -MF"Core/Src/interface.d" -MT"Core/Src/interface.o" --specs=nano.specs -mfpu=fpv4-sp-d16 -mfloat-abi=hard -mthumb -o "Core/Src/interface.o"
../Core/Src/interface.c: In function 'update_temperature_message':
../Core/Src/interface.c:162:16: warning: too many arguments for format [-Wformat-extra-args]
  162 |         printf("Heart = \u2665 calculating temperature..possible variation.", heart);
      |                ^~~~~~~~~~~~~~~~~~~~~~~~~~~~~~~~~~~~~~~~~~~~~~~~~~~~~~~~~~~~~
arm-none-eabi-gcc -o "Mid_Term_Project.elf" @"objects.list"   -mcpu=cortex-m4 -T"C:\Users\utente\Documents\GitHub\MidTermEmbeddedSystem\Mid_Term_Project\STM32F401RETX_FLASH.ld" --specs=nosys.specs -Wl,-Map="Mid_Term_Project.map" -Wl,--gc-sections -static --specs=nano.specs -mfpu=fpv4-sp-d16 -mfloat-abi=hard -mthumb -u _printf_float -u _scanf_float -Wl,--start-group -lc -lm -Wl,--end-group
Finished building target: Mid_Term_Project.elf
 
arm-none-eabi-size  Mid_Term_Project.elf 
arm-none-eabi-objdump -h -S Mid_Term_Project.elf  > "Mid_Term_Project.list"
   text	   data	    bss	    dec	    hex	filename
  40040	    468	   2052	  42560	   a640	Mid_Term_Project.elf
Finished building: default.size.stdout
 
Finished building: Mid_Term_Project.list
 
17:32:03 **** Incremental Build of configuration Debug for project Mid_Term_Project ****
make -j8 all 
arm-none-eabi-size  Mid_Term_Project.elf 
   text	   data	    bss	    dec	    hex	filename
  40040	    468	   2052	  42560	   a640	Mid_Term_Project.elf
Finished building: default.size.stdout
 
17:33:19 **** Incremental Build of configuration Debug for project Mid_Term_Project ****
make -j8 all 
arm-none-eabi-gcc "../Core/Src/interface.c" -mcpu=cortex-m4 -std=gnu11 -g3 -DDEBUG -DUSE_HAL_DRIVER -DSTM32F401xE -c -I../Core/Inc -I../Drivers/STM32F4xx_HAL_Driver/Inc -I../Drivers/STM32F4xx_HAL_Driver/Inc/Legacy -I../Drivers/CMSIS/Device/ST/STM32F4xx/Include -I../Drivers/CMSIS/Include -O0 -ffunction-sections -fdata-sections -Wall -fstack-usage -fcyclomatic-complexity -MMD -MP -MF"Core/Src/interface.d" -MT"Core/Src/interface.o" --specs=nano.specs -mfpu=fpv4-sp-d16 -mfloat-abi=hard -mthumb -o "Core/Src/interface.o"
../Core/Src/interface.c: In function 'update_temperature_message':
../Core/Src/interface.c:162:16: warning: too many arguments for format [-Wformat-extra-args]
  162 |         printf("\u2665 calculating temperature..possible variation.", heart);
      |                ^~~~~~~~~~~~~~~~~~~~~~~~~~~~~~~~~~~~~~~~~~~~~~~~~~~~~
arm-none-eabi-gcc -o "Mid_Term_Project.elf" @"objects.list"   -mcpu=cortex-m4 -T"C:\Users\utente\Documents\GitHub\MidTermEmbeddedSystem\Mid_Term_Project\STM32F401RETX_FLASH.ld" --specs=nosys.specs -Wl,-Map="Mid_Term_Project.map" -Wl,--gc-sections -static --specs=nano.specs -mfpu=fpv4-sp-d16 -mfloat-abi=hard -mthumb -u _printf_float -u _scanf_float -Wl,--start-group -lc -lm -Wl,--end-group
Finished building target: Mid_Term_Project.elf
 
arm-none-eabi-size  Mid_Term_Project.elf 
arm-none-eabi-objdump -h -S Mid_Term_Project.elf  > "Mid_Term_Project.list"
   text	   data	    bss	    dec	    hex	filename
  40032	    468	   2052	  42552	   a638	Mid_Term_Project.elf
Finished building: default.size.stdout
 
Finished building: Mid_Term_Project.list
 
17:33:46 **** Incremental Build of configuration Debug for project Mid_Term_Project ****
make -j8 all 
arm-none-eabi-gcc "../Core/Src/interface.c" -mcpu=cortex-m4 -std=gnu11 -g3 -DDEBUG -DUSE_HAL_DRIVER -DSTM32F401xE -c -I../Core/Inc -I../Drivers/STM32F4xx_HAL_Driver/Inc -I../Drivers/STM32F4xx_HAL_Driver/Inc/Legacy -I../Drivers/CMSIS/Device/ST/STM32F4xx/Include -I../Drivers/CMSIS/Include -O0 -ffunction-sections -fdata-sections -Wall -fstack-usage -fcyclomatic-complexity -MMD -MP -MF"Core/Src/interface.d" -MT"Core/Src/interface.o" --specs=nano.specs -mfpu=fpv4-sp-d16 -mfloat-abi=hard -mthumb -o "Core/Src/interface.o"
../Core/Src/interface.c: In function 'update_temperature_message':
../Core/Src/interface.c:161:14: warning: unused variable 'heart' [-Wunused-variable]
  161 |         char heart = 3; // Il carattere ASCII del cuore
      |              ^~~~~
arm-none-eabi-gcc -o "Mid_Term_Project.elf" @"objects.list"   -mcpu=cortex-m4 -T"C:\Users\utente\Documents\GitHub\MidTermEmbeddedSystem\Mid_Term_Project\STM32F401RETX_FLASH.ld" --specs=nosys.specs -Wl,-Map="Mid_Term_Project.map" -Wl,--gc-sections -static --specs=nano.specs -mfpu=fpv4-sp-d16 -mfloat-abi=hard -mthumb -u _printf_float -u _scanf_float -Wl,--start-group -lc -lm -Wl,--end-group
Finished building target: Mid_Term_Project.elf
 
arm-none-eabi-size  Mid_Term_Project.elf 
arm-none-eabi-objdump -h -S Mid_Term_Project.elf  > "Mid_Term_Project.list"
   text	   data	    bss	    dec	    hex	filename
  40024	    468	   2052	  42544	   a630	Mid_Term_Project.elf
Finished building: default.size.stdout
 
Finished building: Mid_Term_Project.list
 
17:34:11 **** Incremental Build of configuration Debug for project Mid_Term_Project ****
make -j8 all 
arm-none-eabi-gcc "../Core/Src/interface.c" -mcpu=cortex-m4 -std=gnu11 -g3 -DDEBUG -DUSE_HAL_DRIVER -DSTM32F401xE -c -I../Core/Inc -I../Drivers/STM32F4xx_HAL_Driver/Inc -I../Drivers/STM32F4xx_HAL_Driver/Inc/Legacy -I../Drivers/CMSIS/Device/ST/STM32F4xx/Include -I../Drivers/CMSIS/Include -O0 -ffunction-sections -fdata-sections -Wall -fstack-usage -fcyclomatic-complexity -MMD -MP -MF"Core/Src/interface.d" -MT"Core/Src/interface.o" --specs=nano.specs -mfpu=fpv4-sp-d16 -mfloat-abi=hard -mthumb -o "Core/Src/interface.o"
arm-none-eabi-gcc -o "Mid_Term_Project.elf" @"objects.list"   -mcpu=cortex-m4 -T"C:\Users\utente\Documents\GitHub\MidTermEmbeddedSystem\Mid_Term_Project\STM32F401RETX_FLASH.ld" --specs=nosys.specs -Wl,-Map="Mid_Term_Project.map" -Wl,--gc-sections -static --specs=nano.specs -mfpu=fpv4-sp-d16 -mfloat-abi=hard -mthumb -u _printf_float -u _scanf_float -Wl,--start-group -lc -lm -Wl,--end-group
Finished building target: Mid_Term_Project.elf
 
arm-none-eabi-size  Mid_Term_Project.elf 
arm-none-eabi-objdump -h -S Mid_Term_Project.elf  > "Mid_Term_Project.list"
   text	   data	    bss	    dec	    hex	filename
  40008	    468	   2052	  42528	   a620	Mid_Term_Project.elf
Finished building: default.size.stdout
 
Finished building: Mid_Term_Project.list
 
17:34:22 **** Incremental Build of configuration Debug for project Mid_Term_Project ****
make -j8 all 
arm-none-eabi-size  Mid_Term_Project.elf 
   text	   data	    bss	    dec	    hex	filename
  40008	    468	   2052	  42528	   a620	Mid_Term_Project.elf
Finished building: default.size.stdout
 
17:34:58 **** Incremental Build of configuration Debug for project Mid_Term_Project ****
make -j8 all 
arm-none-eabi-gcc "../Core/Src/interface.c" -mcpu=cortex-m4 -std=gnu11 -g3 -DDEBUG -DUSE_HAL_DRIVER -DSTM32F401xE -c -I../Core/Inc -I../Drivers/STM32F4xx_HAL_Driver/Inc -I../Drivers/STM32F4xx_HAL_Driver/Inc/Legacy -I../Drivers/CMSIS/Device/ST/STM32F4xx/Include -I../Drivers/CMSIS/Include -O0 -ffunction-sections -fdata-sections -Wall -fstack-usage -fcyclomatic-complexity -MMD -MP -MF"Core/Src/interface.d" -MT"Core/Src/interface.o" --specs=nano.specs -mfpu=fpv4-sp-d16 -mfloat-abi=hard -mthumb -o "Core/Src/interface.o"
arm-none-eabi-gcc -o "Mid_Term_Project.elf" @"objects.list"   -mcpu=cortex-m4 -T"C:\Users\utente\Documents\GitHub\MidTermEmbeddedSystem\Mid_Term_Project\STM32F401RETX_FLASH.ld" --specs=nosys.specs -Wl,-Map="Mid_Term_Project.map" -Wl,--gc-sections -static --specs=nano.specs -mfpu=fpv4-sp-d16 -mfloat-abi=hard -mthumb -u _printf_float -u _scanf_float -Wl,--start-group -lc -lm -Wl,--end-group
Finished building target: Mid_Term_Project.elf
 
arm-none-eabi-size  Mid_Term_Project.elf 
arm-none-eabi-objdump -h -S Mid_Term_Project.elf  > "Mid_Term_Project.list"
   text	   data	    bss	    dec	    hex	filename
  40064	    468	   2052	  42584	   a658	Mid_Term_Project.elf
Finished building: default.size.stdout
 
Finished building: Mid_Term_Project.list
 
17:36:20 **** Incremental Build of configuration Debug for project Mid_Term_Project ****
make -j8 all 
arm-none-eabi-gcc "../Core/Src/interface.c" -mcpu=cortex-m4 -std=gnu11 -g3 -DDEBUG -DUSE_HAL_DRIVER -DSTM32F401xE -c -I../Core/Inc -I../Drivers/STM32F4xx_HAL_Driver/Inc -I../Drivers/STM32F4xx_HAL_Driver/Inc/Legacy -I../Drivers/CMSIS/Device/ST/STM32F4xx/Include -I../Drivers/CMSIS/Include -O0 -ffunction-sections -fdata-sections -Wall -fstack-usage -fcyclomatic-complexity -MMD -MP -MF"Core/Src/interface.d" -MT"Core/Src/interface.o" --specs=nano.specs -mfpu=fpv4-sp-d16 -mfloat-abi=hard -mthumb -o "Core/Src/interface.o"
arm-none-eabi-gcc -o "Mid_Term_Project.elf" @"objects.list"   -mcpu=cortex-m4 -T"C:\Users\utente\Documents\GitHub\MidTermEmbeddedSystem\Mid_Term_Project\STM32F401RETX_FLASH.ld" --specs=nosys.specs -Wl,-Map="Mid_Term_Project.map" -Wl,--gc-sections -static --specs=nano.specs -mfpu=fpv4-sp-d16 -mfloat-abi=hard -mthumb -u _printf_float -u _scanf_float -Wl,--start-group -lc -lm -Wl,--end-group
Finished building target: Mid_Term_Project.elf
 
arm-none-eabi-size  Mid_Term_Project.elf 
arm-none-eabi-objdump -h -S Mid_Term_Project.elf  > "Mid_Term_Project.list"
   text	   data	    bss	    dec	    hex	filename
  40064	    468	   2052	  42584	   a658	Mid_Term_Project.elf
Finished building: default.size.stdout
 
Finished building: Mid_Term_Project.list
 
17:36:33 **** Incremental Build of configuration Debug for project Mid_Term_Project ****
make -j8 all 
arm-none-eabi-size  Mid_Term_Project.elf 
   text	   data	    bss	    dec	    hex	filename
  40064	    468	   2052	  42584	   a658	Mid_Term_Project.elf
Finished building: default.size.stdout
 
17:38:21 **** Incremental Build of configuration Debug for project Mid_Term_Project ****
make -j8 all 
arm-none-eabi-gcc "../Core/Src/interface.c" -mcpu=cortex-m4 -std=gnu11 -g3 -DDEBUG -DUSE_HAL_DRIVER -DSTM32F401xE -c -I../Core/Inc -I../Drivers/STM32F4xx_HAL_Driver/Inc -I../Drivers/STM32F4xx_HAL_Driver/Inc/Legacy -I../Drivers/CMSIS/Device/ST/STM32F4xx/Include -I../Drivers/CMSIS/Include -O0 -ffunction-sections -fdata-sections -Wall -fstack-usage -fcyclomatic-complexity -MMD -MP -MF"Core/Src/interface.d" -MT"Core/Src/interface.o" --specs=nano.specs -mfpu=fpv4-sp-d16 -mfloat-abi=hard -mthumb -o "Core/Src/interface.o"
arm-none-eabi-gcc -o "Mid_Term_Project.elf" @"objects.list"   -mcpu=cortex-m4 -T"C:\Users\utente\Documents\GitHub\MidTermEmbeddedSystem\Mid_Term_Project\STM32F401RETX_FLASH.ld" --specs=nosys.specs -Wl,-Map="Mid_Term_Project.map" -Wl,--gc-sections -static --specs=nano.specs -mfpu=fpv4-sp-d16 -mfloat-abi=hard -mthumb -u _printf_float -u _scanf_float -Wl,--start-group -lc -lm -Wl,--end-group
Finished building target: Mid_Term_Project.elf
 
arm-none-eabi-size  Mid_Term_Project.elf 
arm-none-eabi-objdump -h -S Mid_Term_Project.elf  > "Mid_Term_Project.list"
   text	   data	    bss	    dec	    hex	filename
  40056	    468	   2052	  42576	   a650	Mid_Term_Project.elf
Finished building: default.size.stdout
 
Finished building: Mid_Term_Project.list
 
17:43:01 **** Incremental Build of configuration Debug for project Mid_Term_Project ****
make -j8 all 
arm-none-eabi-gcc "../Core/Src/read_temperature.c" -mcpu=cortex-m4 -std=gnu11 -g3 -DDEBUG -DUSE_HAL_DRIVER -DSTM32F401xE -c -I../Core/Inc -I../Drivers/STM32F4xx_HAL_Driver/Inc -I../Drivers/STM32F4xx_HAL_Driver/Inc/Legacy -I../Drivers/CMSIS/Device/ST/STM32F4xx/Include -I../Drivers/CMSIS/Include -O0 -ffunction-sections -fdata-sections -Wall -fstack-usage -fcyclomatic-complexity -MMD -MP -MF"Core/Src/read_temperature.d" -MT"Core/Src/read_temperature.o" --specs=nano.specs -mfpu=fpv4-sp-d16 -mfloat-abi=hard -mthumb -o "Core/Src/read_temperature.o"
arm-none-eabi-gcc -o "Mid_Term_Project.elf" @"objects.list"   -mcpu=cortex-m4 -T"C:\Users\utente\Documents\GitHub\MidTermEmbeddedSystem\Mid_Term_Project\STM32F401RETX_FLASH.ld" --specs=nosys.specs -Wl,-Map="Mid_Term_Project.map" -Wl,--gc-sections -static --specs=nano.specs -mfpu=fpv4-sp-d16 -mfloat-abi=hard -mthumb -u _printf_float -u _scanf_float -Wl,--start-group -lc -lm -Wl,--end-group
Finished building target: Mid_Term_Project.elf
 
arm-none-eabi-size  Mid_Term_Project.elf 
arm-none-eabi-objdump -h -S Mid_Term_Project.elf  > "Mid_Term_Project.list"
   text	   data	    bss	    dec	    hex	filename
  40056	    468	   2052	  42576	   a650	Mid_Term_Project.elf
Finished building: default.size.stdout
 
Finished building: Mid_Term_Project.list
 
17:45:31 **** Incremental Build of configuration Debug for project Mid_Term_Project ****
make -j8 all 
arm-none-eabi-size  Mid_Term_Project.elf 
   text	   data	    bss	    dec	    hex	filename
  40056	    468	   2052	  42576	   a650	Mid_Term_Project.elf
Finished building: default.size.stdout
 
17:45:52 **** Incremental Build of configuration Debug for project Mid_Term_Project ****
make -j8 all 
arm-none-eabi-gcc "../Core/Src/main.c" -mcpu=cortex-m4 -std=gnu11 -g3 -DDEBUG -DUSE_HAL_DRIVER -DSTM32F401xE -c -I../Core/Inc -I../Drivers/STM32F4xx_HAL_Driver/Inc -I../Drivers/STM32F4xx_HAL_Driver/Inc/Legacy -I../Drivers/CMSIS/Device/ST/STM32F4xx/Include -I../Drivers/CMSIS/Include -O0 -ffunction-sections -fdata-sections -Wall -fstack-usage -fcyclomatic-complexity -MMD -MP -MF"Core/Src/main.d" -MT"Core/Src/main.o" --specs=nano.specs -mfpu=fpv4-sp-d16 -mfloat-abi=hard -mthumb -o "Core/Src/main.o"
arm-none-eabi-gcc -o "Mid_Term_Project.elf" @"objects.list"   -mcpu=cortex-m4 -T"C:\Users\utente\Documents\GitHub\MidTermEmbeddedSystem\Mid_Term_Project\STM32F401RETX_FLASH.ld" --specs=nosys.specs -Wl,-Map="Mid_Term_Project.map" -Wl,--gc-sections -static --specs=nano.specs -mfpu=fpv4-sp-d16 -mfloat-abi=hard -mthumb -u _printf_float -u _scanf_float -Wl,--start-group -lc -lm -Wl,--end-group
Finished building target: Mid_Term_Project.elf
 
arm-none-eabi-size  Mid_Term_Project.elf 
arm-none-eabi-objdump -h -S Mid_Term_Project.elf  > "Mid_Term_Project.list"
   text	   data	    bss	    dec	    hex	filename
  40056	    468	   2052	  42576	   a650	Mid_Term_Project.elf
Finished building: default.size.stdout
 
Finished building: Mid_Term_Project.list
 
17:49:32 **** Incremental Build of configuration Debug for project Mid_Term_Project ****
make -j8 all 
arm-none-eabi-gcc "../Core/Src/main.c" -mcpu=cortex-m4 -std=gnu11 -g3 -DDEBUG -DUSE_HAL_DRIVER -DSTM32F401xE -c -I../Core/Inc -I../Drivers/STM32F4xx_HAL_Driver/Inc -I../Drivers/STM32F4xx_HAL_Driver/Inc/Legacy -I../Drivers/CMSIS/Device/ST/STM32F4xx/Include -I../Drivers/CMSIS/Include -O0 -ffunction-sections -fdata-sections -Wall -fstack-usage -fcyclomatic-complexity -MMD -MP -MF"Core/Src/main.d" -MT"Core/Src/main.o" --specs=nano.specs -mfpu=fpv4-sp-d16 -mfloat-abi=hard -mthumb -o "Core/Src/main.o"
arm-none-eabi-gcc -o "Mid_Term_Project.elf" @"objects.list"   -mcpu=cortex-m4 -T"C:\Users\utente\Documents\GitHub\MidTermEmbeddedSystem\Mid_Term_Project\STM32F401RETX_FLASH.ld" --specs=nosys.specs -Wl,-Map="Mid_Term_Project.map" -Wl,--gc-sections -static --specs=nano.specs -mfpu=fpv4-sp-d16 -mfloat-abi=hard -mthumb -u _printf_float -u _scanf_float -Wl,--start-group -lc -lm -Wl,--end-group
Finished building target: Mid_Term_Project.elf
 
arm-none-eabi-size  Mid_Term_Project.elf 
arm-none-eabi-objdump -h -S Mid_Term_Project.elf  > "Mid_Term_Project.list"
   text	   data	    bss	    dec	    hex	filename
  40056	    468	   2052	  42576	   a650	Mid_Term_Project.elf
Finished building: default.size.stdout
 
Finished building: Mid_Term_Project.list
 
