00:08:53 **** Build of configuration Debug for project ADC_InternalTemp_2 ****
make -j8 all 
arm-none-eabi-gcc -o "ADC_InternalTemp_2.elf" @"objects.list"   -mcpu=cortex-m4 -T"C:\Users\utente\Documents\GitHub\MidTermEmbeddedSystem\ADC_InternalTemp_2\STM32F401RETX_FLASH.ld" --specs=nosys.specs -Wl,-Map="ADC_InternalTemp_2.map" -Wl,--gc-sections -static --specs=nano.specs -mfpu=fpv4-sp-d16 -mfloat-abi=hard -mthumb -u _printf_float -u _scanf_float -Wl,--start-group -lc -lm -Wl,--end-group
C:/ST/STM32CubeIDE_1.16.1/STM32CubeIDE/plugins/com.st.stm32cube.ide.mcu.externaltools.gnu-tools-for-stm32.12.3.rel1.win32_1.0.200.202406191623/tools/bin/../lib/gcc/arm-none-eabi/12.3.1/../../../../arm-none-eabi/bin/ld.exe: warning: ADC_InternalTemp_2.elf has a LOAD segment with RWX permissions
Finished building target: ADC_InternalTemp_2.elf
 
arm-none-eabi-size  ADC_InternalTemp_2.elf 
arm-none-eabi-objdump -h -S ADC_InternalTemp_2.elf  > "ADC_InternalTemp_2.list"
   text	   data	    bss	    dec	    hex	filename
  33680	    476	   2044	  36200	   8d68	ADC_InternalTemp_2.elf
Finished building: default.size.stdout
 
Finished building: ADC_InternalTemp_2.list
 
00:48:29 **** Incremental Build of configuration Debug for project MidTermProject ****
make -j8 all 
arm-none-eabi-gcc "../Core/Src/main.c" -mcpu=cortex-m4 -std=gnu11 -g3 -DDEBUG -DUSE_HAL_DRIVER -DSTM32F401xE -c -I../Core/Inc -I../Drivers/STM32F4xx_HAL_Driver/Inc -I../Drivers/STM32F4xx_HAL_Driver/Inc/Legacy -I../Drivers/CMSIS/Device/ST/STM32F4xx/Include -I../Drivers/CMSIS/Include -O0 -ffunction-sections -fdata-sections -Wall -fstack-usage -fcyclomatic-complexity -MMD -MP -MF"Core/Src/main.d" -MT"Core/Src/main.o" --specs=nano.specs -mfpu=fpv4-sp-d16 -mfloat-abi=hard -mthumb -o "Core/Src/main.o"
arm-none-eabi-gcc "../Core/Src/read_temperature.c" -mcpu=cortex-m4 -std=gnu11 -g3 -DDEBUG -DUSE_HAL_DRIVER -DSTM32F401xE -c -I../Core/Inc -I../Drivers/STM32F4xx_HAL_Driver/Inc -I../Drivers/STM32F4xx_HAL_Driver/Inc/Legacy -I../Drivers/CMSIS/Device/ST/STM32F4xx/Include -I../Drivers/CMSIS/Include -O0 -ffunction-sections -fdata-sections -Wall -fstack-usage -fcyclomatic-complexity -MMD -MP -MF"Core/Src/read_temperature.d" -MT"Core/Src/read_temperature.o" --specs=nano.specs -mfpu=fpv4-sp-d16 -mfloat-abi=hard -mthumb -o "Core/Src/read_temperature.o"
../Core/Src/read_temperature.c: In function 'read_Temperature':
../Core/Src/read_temperature.c:44:21: error: 'param' undeclared (first use in this function)
   44 |                 if (param->stabilityCounter >= STABILITY_SAMPLES) {
      |                     ^~~~~
../Core/Src/read_temperature.c:44:21: note: each undeclared identifier is reported only once for each function it appears in
../Core/Src/read_temperature.c:54:26: warning: implicit declaration of function 'printProgressBar'; did you mean 'print_ProgressBar'? [-Wimplicit-function-declaration]
   54 |                          printProgressBar(progress);
      |                          ^~~~~~~~~~~~~~~~
      |                          print_ProgressBar
make: *** [Core/Src/subdir.mk:58: Core/Src/read_temperature.o] Error 1
make: *** Waiting for unfinished jobs....
"make -j8 all" terminated with exit code 2. Build might be incomplete.
00:50:57 **** Incremental Build of configuration Debug for project MidTermProject ****
make -j8 all 
arm-none-eabi-gcc "../Core/Src/read_temperature.c" -mcpu=cortex-m4 -std=gnu11 -g3 -DDEBUG -DUSE_HAL_DRIVER -DSTM32F401xE -c -I../Core/Inc -I../Drivers/STM32F4xx_HAL_Driver/Inc -I../Drivers/STM32F4xx_HAL_Driver/Inc/Legacy -I../Drivers/CMSIS/Device/ST/STM32F4xx/Include -I../Drivers/CMSIS/Include -O0 -ffunction-sections -fdata-sections -Wall -fstack-usage -fcyclomatic-complexity -MMD -MP -MF"Core/Src/read_temperature.d" -MT"Core/Src/read_temperature.o" --specs=nano.specs -mfpu=fpv4-sp-d16 -mfloat-abi=hard -mthumb -o "Core/Src/read_temperature.o"
../Core/Src/read_temperature.c: In function 'read_Temperature':
../Core/Src/read_temperature.c:44:21: error: 'param' undeclared (first use in this function)
   44 |                 if (param->stabilityCounter >= STABILITY_SAMPLES) {
      |                     ^~~~~
../Core/Src/read_temperature.c:44:21: note: each undeclared identifier is reported only once for each function it appears in
../Core/Src/read_temperature.c:55:26: warning: implicit declaration of function 'printProgressBar'; did you mean 'print_ProgressBar'? [-Wimplicit-function-declaration]
   55 |                          printProgressBar(progress);
      |                          ^~~~~~~~~~~~~~~~
      |                          print_ProgressBar
make: *** [Core/Src/subdir.mk:58: Core/Src/read_temperature.o] Error 1
"make -j8 all" terminated with exit code 2. Build might be incomplete.
00:52:09 **** Incremental Build of configuration Debug for project MidTermProject ****
make -j8 all 
arm-none-eabi-gcc "../Core/Src/read_temperature.c" -mcpu=cortex-m4 -std=gnu11 -g3 -DDEBUG -DUSE_HAL_DRIVER -DSTM32F401xE -c -I../Core/Inc -I../Drivers/STM32F4xx_HAL_Driver/Inc -I../Drivers/STM32F4xx_HAL_Driver/Inc/Legacy -I../Drivers/CMSIS/Device/ST/STM32F4xx/Include -I../Drivers/CMSIS/Include -O0 -ffunction-sections -fdata-sections -Wall -fstack-usage -fcyclomatic-complexity -MMD -MP -MF"Core/Src/read_temperature.d" -MT"Core/Src/read_temperature.o" --specs=nano.specs -mfpu=fpv4-sp-d16 -mfloat-abi=hard -mthumb -o "Core/Src/read_temperature.o"
../Core/Src/read_temperature.c: In function 'read_Temperature':
../Core/Src/read_temperature.c:55:26: warning: implicit declaration of function 'printProgressBar'; did you mean 'print_ProgressBar'? [-Wimplicit-function-declaration]
   55 |                          printProgressBar(progress);
      |                          ^~~~~~~~~~~~~~~~
      |                          print_ProgressBar
arm-none-eabi-gcc -o "MidTermProject.elf" @"objects.list"   -mcpu=cortex-m4 -T"C:\Users\utente\Documents\GitHub\MidTermEmbeddedSystem\MidTermProject\STM32F401RETX_FLASH.ld" --specs=nosys.specs -Wl,-Map="MidTermProject.map" -Wl,--gc-sections -static --specs=nano.specs -mfpu=fpv4-sp-d16 -mfloat-abi=hard -mthumb -u _printf_float -u _scanf_float -Wl,--start-group -lc -lm -Wl,--end-group
C:/ST/STM32CubeIDE_1.16.1/STM32CubeIDE/plugins/com.st.stm32cube.ide.mcu.externaltools.gnu-tools-for-stm32.12.3.rel1.win32_1.0.200.202406191623/tools/bin/../lib/gcc/arm-none-eabi/12.3.1/../../../../arm-none-eabi/bin/ld.exe: ./Core/Src/read_temperature.o: in function `read_Temperature':
C:/Users/utente/Documents/GitHub/MidTermEmbeddedSystem/MidTermProject/Debug/../Core/Src/read_temperature.c:55: undefined reference to `printProgressBar'
collect2.exe: error: ld returned 1 exit status
make: *** [makefile:64: MidTermProject.elf] Error 1
"make -j8 all" terminated with exit code 2. Build might be incomplete.
00:52:25 **** Incremental Build of configuration Debug for project MidTermProject ****
make -j8 all 
arm-none-eabi-gcc "../Core/Src/read_temperature.c" -mcpu=cortex-m4 -std=gnu11 -g3 -DDEBUG -DUSE_HAL_DRIVER -DSTM32F401xE -c -I../Core/Inc -I../Drivers/STM32F4xx_HAL_Driver/Inc -I../Drivers/STM32F4xx_HAL_Driver/Inc/Legacy -I../Drivers/CMSIS/Device/ST/STM32F4xx/Include -I../Drivers/CMSIS/Include -O0 -ffunction-sections -fdata-sections -Wall -fstack-usage -fcyclomatic-complexity -MMD -MP -MF"Core/Src/read_temperature.d" -MT"Core/Src/read_temperature.o" --specs=nano.specs -mfpu=fpv4-sp-d16 -mfloat-abi=hard -mthumb -o "Core/Src/read_temperature.o"
arm-none-eabi-gcc -o "MidTermProject.elf" @"objects.list"   -mcpu=cortex-m4 -T"C:\Users\utente\Documents\GitHub\MidTermEmbeddedSystem\MidTermProject\STM32F401RETX_FLASH.ld" --specs=nosys.specs -Wl,-Map="MidTermProject.map" -Wl,--gc-sections -static --specs=nano.specs -mfpu=fpv4-sp-d16 -mfloat-abi=hard -mthumb -u _printf_float -u _scanf_float -Wl,--start-group -lc -lm -Wl,--end-group
Finished building target: MidTermProject.elf
 
arm-none-eabi-size  MidTermProject.elf 
arm-none-eabi-objdump -h -S MidTermProject.elf  > "MidTermProject.list"
   text	   data	    bss	    dec	    hex	filename
  36024	    468	   2052	  38544	   9690	MidTermProject.elf
Finished building: default.size.stdout
 
Finished building: MidTermProject.list
 
10:28:58 **** Incremental Build of configuration Debug for project MidTermProject ****
make -j8 all 
arm-none-eabi-gcc "../Core/Src/ECG_module.c" -mcpu=cortex-m4 -std=gnu11 -g3 -DDEBUG -DUSE_HAL_DRIVER -DSTM32F401xE -c -I../Core/Inc -I../Drivers/STM32F4xx_HAL_Driver/Inc -I../Drivers/STM32F4xx_HAL_Driver/Inc/Legacy -I../Drivers/CMSIS/Device/ST/STM32F4xx/Include -I../Drivers/CMSIS/Include -O0 -ffunction-sections -fdata-sections -Wall -fstack-usage -fcyclomatic-complexity -MMD -MP -MF"Core/Src/ECG_module.d" -MT"Core/Src/ECG_module.o" --specs=nano.specs -mfpu=fpv4-sp-d16 -mfloat-abi=hard -mthumb -o "Core/Src/ECG_module.o"
arm-none-eabi-gcc "../Core/Src/adc.c" -mcpu=cortex-m4 -std=gnu11 -g3 -DDEBUG -DUSE_HAL_DRIVER -DSTM32F401xE -c -I../Core/Inc -I../Drivers/STM32F4xx_HAL_Driver/Inc -I../Drivers/STM32F4xx_HAL_Driver/Inc/Legacy -I../Drivers/CMSIS/Device/ST/STM32F4xx/Include -I../Drivers/CMSIS/Include -O0 -ffunction-sections -fdata-sections -Wall -fstack-usage -fcyclomatic-complexity -MMD -MP -MF"Core/Src/adc.d" -MT"Core/Src/adc.o" --specs=nano.specs -mfpu=fpv4-sp-d16 -mfloat-abi=hard -mthumb -o "Core/Src/adc.o"
arm-none-eabi-gcc "../Core/Src/button.c" -mcpu=cortex-m4 -std=gnu11 -g3 -DDEBUG -DUSE_HAL_DRIVER -DSTM32F401xE -c -I../Core/Inc -I../Drivers/STM32F4xx_HAL_Driver/Inc -I../Drivers/STM32F4xx_HAL_Driver/Inc/Legacy -I../Drivers/CMSIS/Device/ST/STM32F4xx/Include -I../Drivers/CMSIS/Include -O0 -ffunction-sections -fdata-sections -Wall -fstack-usage -fcyclomatic-complexity -MMD -MP -MF"Core/Src/button.d" -MT"Core/Src/button.o" --specs=nano.specs -mfpu=fpv4-sp-d16 -mfloat-abi=hard -mthumb -o "Core/Src/button.o"
arm-none-eabi-gcc "../Core/Src/gpio.c" -mcpu=cortex-m4 -std=gnu11 -g3 -DDEBUG -DUSE_HAL_DRIVER -DSTM32F401xE -c -I../Core/Inc -I../Drivers/STM32F4xx_HAL_Driver/Inc -I../Drivers/STM32F4xx_HAL_Driver/Inc/Legacy -I../Drivers/CMSIS/Device/ST/STM32F4xx/Include -I../Drivers/CMSIS/Include -O0 -ffunction-sections -fdata-sections -Wall -fstack-usage -fcyclomatic-complexity -MMD -MP -MF"Core/Src/gpio.d" -MT"Core/Src/gpio.o" --specs=nano.specs -mfpu=fpv4-sp-d16 -mfloat-abi=hard -mthumb -o "Core/Src/gpio.o"
arm-none-eabi-gcc "../Core/Src/led.c" -mcpu=cortex-m4 -std=gnu11 -g3 -DDEBUG -DUSE_HAL_DRIVER -DSTM32F401xE -c -I../Core/Inc -I../Drivers/STM32F4xx_HAL_Driver/Inc -I../Drivers/STM32F4xx_HAL_Driver/Inc/Legacy -I../Drivers/CMSIS/Device/ST/STM32F4xx/Include -I../Drivers/CMSIS/Include -O0 -ffunction-sections -fdata-sections -Wall -fstack-usage -fcyclomatic-complexity -MMD -MP -MF"Core/Src/led.d" -MT"Core/Src/led.o" --specs=nano.specs -mfpu=fpv4-sp-d16 -mfloat-abi=hard -mthumb -o "Core/Src/led.o"
arm-none-eabi-gcc "../Core/Src/main.c" -mcpu=cortex-m4 -std=gnu11 -g3 -DDEBUG -DUSE_HAL_DRIVER -DSTM32F401xE -c -I../Core/Inc -I../Drivers/STM32F4xx_HAL_Driver/Inc -I../Drivers/STM32F4xx_HAL_Driver/Inc/Legacy -I../Drivers/CMSIS/Device/ST/STM32F4xx/Include -I../Drivers/CMSIS/Include -O0 -ffunction-sections -fdata-sections -Wall -fstack-usage -fcyclomatic-complexity -MMD -MP -MF"Core/Src/main.d" -MT"Core/Src/main.o" --specs=nano.specs -mfpu=fpv4-sp-d16 -mfloat-abi=hard -mthumb -o "Core/Src/main.o"
arm-none-eabi-gcc "../Core/Src/read_temperature.c" -mcpu=cortex-m4 -std=gnu11 -g3 -DDEBUG -DUSE_HAL_DRIVER -DSTM32F401xE -c -I../Core/Inc -I../Drivers/STM32F4xx_HAL_Driver/Inc -I../Drivers/STM32F4xx_HAL_Driver/Inc/Legacy -I../Drivers/CMSIS/Device/ST/STM32F4xx/Include -I../Drivers/CMSIS/Include -O0 -ffunction-sections -fdata-sections -Wall -fstack-usage -fcyclomatic-complexity -MMD -MP -MF"Core/Src/read_temperature.d" -MT"Core/Src/read_temperature.o" --specs=nano.specs -mfpu=fpv4-sp-d16 -mfloat-abi=hard -mthumb -o "Core/Src/read_temperature.o"
arm-none-eabi-gcc "../Core/Src/step_Counter.c" -mcpu=cortex-m4 -std=gnu11 -g3 -DDEBUG -DUSE_HAL_DRIVER -DSTM32F401xE -c -I../Core/Inc -I../Drivers/STM32F4xx_HAL_Driver/Inc -I../Drivers/STM32F4xx_HAL_Driver/Inc/Legacy -I../Drivers/CMSIS/Device/ST/STM32F4xx/Include -I../Drivers/CMSIS/Include -O0 -ffunction-sections -fdata-sections -Wall -fstack-usage -fcyclomatic-complexity -MMD -MP -MF"Core/Src/step_Counter.d" -MT"Core/Src/step_Counter.o" --specs=nano.specs -mfpu=fpv4-sp-d16 -mfloat-abi=hard -mthumb -o "Core/Src/step_Counter.o"
../Core/Src/ECG_module.c: In function 'ECG_init':
../Core/Src/ECG_module.c:24:19: error: 'ECGParam' has no member named 'lenght'; did you mean 'length'?
   24 |         ECGparam->lenght = lenght2;
      |                   ^~~~~~
      |                   length
../Core/Src/ECG_module.c:24:28: error: 'lenght2' undeclared (first use in this function); did you mean 'length2'?
   24 |         ECGparam->lenght = lenght2;
      |                            ^~~~~~~
      |                            length2
../Core/Src/ECG_module.c:24:28: note: each undeclared identifier is reported only once for each function it appears in
../Core/Src/ECG_module.c: In function 'filter_signal':
../Core/Src/ECG_module.c:31:9: error: 'FilterECGparamr' undeclared (first use in this function); did you mean 'FilterECGparam'?
   31 |         FilterECGparamr->buffer[FilterECGparam->index] = d_out;
      |         ^~~~~~~~~~~~~~~
      |         FilterECGparam
../Core/Src/ECG_module.c:34:87: error: 'FilterECGParam' has no member named 'lenght'; did you mean 'length'?
   34 |         ECGparam->buffer[ECGparam->index] =     FilterECGparam->sum / FilterECGparam->lenght;
      |                                                                                       ^~~~~~
      |                                                                                       length
make: *** [Core/Src/subdir.mk:61: Core/Src/ECG_module.o] Error 1
make: *** Waiting for unfinished jobs....
../Core/Src/main.c: In function 'main':
../Core/Src/main.c:137:20: error: expected ';' before 'uint16_t'
  137 |   ECGParam ECGparam
      |                    ^
      |                    ;
  138 |   uint16_t ECG_buf[ECG_BUF_LENGHT], elab_ECG_buf[ELAB_ECG_BUF_SIZE];
      |   ~~~~~~~~          
../Core/Src/main.c:140:25: error: 'ECGparam' undeclared (first use in this function); did you mean 'ECGParam'?
  140 |   ECG_init(&filterECG, &ECGparam, ECG_buf, elab_ECG_buf,  ECG_LENGHT_BUFFER, ECG_BUF_LENGHT, ELAB_ECG_BUF_SIZE);
      |                         ^~~~~~~~
      |                         ECGParam
../Core/Src/main.c:140:25: note: each undeclared identifier is reported only once for each function it appears in
../Core/Src/main.c:140:59: error: 'ECG_LENGHT_BUFFER' undeclared (first use in this function)
  140 |   ECG_init(&filterECG, &ECGparam, ECG_buf, elab_ECG_buf,  ECG_LENGHT_BUFFER, ECG_BUF_LENGHT, ELAB_ECG_BUF_SIZE);
      |                                                           ^~~~~~~~~~~~~~~~~
../Core/Src/main.c:140:3: error: too many arguments to function 'ECG_init'
  140 |   ECG_init(&filterECG, &ECGparam, ECG_buf, elab_ECG_buf,  ECG_LENGHT_BUFFER, ECG_BUF_LENGHT, ELAB_ECG_BUF_SIZE);
      |   ^~~~~~~~
In file included from ../Core/Src/main.c:32:
../Core/Inc/ECG_module.h:29:6: note: declared here
   29 | void ECG_init(FilterECGParam* FilterECGparam, ECGParam* ECGparam, uint16_t* buffer1, uint16_t* buffer2, uint16_t length1, uint16_t length2);
      |      ^~~~~~~~
../Core/Src/main.c:172:19: warning: implicit declaration of function 'reset_TemperatureParams'; did you mean 'init_TemperatureParams'? [-Wimplicit-function-declaration]
  172 |                   reset_TemperatureParams(&tempParam);
      |                   ^~~~~~~~~~~~~~~~~~~~~~~
      |                   init_TemperatureParams
make: *** [Core/Src/subdir.mk:61: Core/Src/main.o] Error 1
"make -j8 all" terminated with exit code 2. Build might be incomplete.
10:30:32 **** Incremental Build of configuration Debug for project MidTermProject ****
make -j8 all 
arm-none-eabi-gcc "../Core/Src/ECG_module.c" -mcpu=cortex-m4 -std=gnu11 -g3 -DDEBUG -DUSE_HAL_DRIVER -DSTM32F401xE -c -I../Core/Inc -I../Drivers/STM32F4xx_HAL_Driver/Inc -I../Drivers/STM32F4xx_HAL_Driver/Inc/Legacy -I../Drivers/CMSIS/Device/ST/STM32F4xx/Include -I../Drivers/CMSIS/Include -O0 -ffunction-sections -fdata-sections -Wall -fstack-usage -fcyclomatic-complexity -MMD -MP -MF"Core/Src/ECG_module.d" -MT"Core/Src/ECG_module.o" --specs=nano.specs -mfpu=fpv4-sp-d16 -mfloat-abi=hard -mthumb -o "Core/Src/ECG_module.o"
arm-none-eabi-gcc "../Core/Src/main.c" -mcpu=cortex-m4 -std=gnu11 -g3 -DDEBUG -DUSE_HAL_DRIVER -DSTM32F401xE -c -I../Core/Inc -I../Drivers/STM32F4xx_HAL_Driver/Inc -I../Drivers/STM32F4xx_HAL_Driver/Inc/Legacy -I../Drivers/CMSIS/Device/ST/STM32F4xx/Include -I../Drivers/CMSIS/Include -O0 -ffunction-sections -fdata-sections -Wall -fstack-usage -fcyclomatic-complexity -MMD -MP -MF"Core/Src/main.d" -MT"Core/Src/main.o" --specs=nano.specs -mfpu=fpv4-sp-d16 -mfloat-abi=hard -mthumb -o "Core/Src/main.o"
arm-none-eabi-gcc "../Core/Src/stm32f4xx_hal_msp.c" -mcpu=cortex-m4 -std=gnu11 -g3 -DDEBUG -DUSE_HAL_DRIVER -DSTM32F401xE -c -I../Core/Inc -I../Drivers/STM32F4xx_HAL_Driver/Inc -I../Drivers/STM32F4xx_HAL_Driver/Inc/Legacy -I../Drivers/CMSIS/Device/ST/STM32F4xx/Include -I../Drivers/CMSIS/Include -O0 -ffunction-sections -fdata-sections -Wall -fstack-usage -fcyclomatic-complexity -MMD -MP -MF"Core/Src/stm32f4xx_hal_msp.d" -MT"Core/Src/stm32f4xx_hal_msp.o" --specs=nano.specs -mfpu=fpv4-sp-d16 -mfloat-abi=hard -mthumb -o "Core/Src/stm32f4xx_hal_msp.o"
arm-none-eabi-gcc "../Core/Src/stm32f4xx_it.c" -mcpu=cortex-m4 -std=gnu11 -g3 -DDEBUG -DUSE_HAL_DRIVER -DSTM32F401xE -c -I../Core/Inc -I../Drivers/STM32F4xx_HAL_Driver/Inc -I../Drivers/STM32F4xx_HAL_Driver/Inc/Legacy -I../Drivers/CMSIS/Device/ST/STM32F4xx/Include -I../Drivers/CMSIS/Include -O0 -ffunction-sections -fdata-sections -Wall -fstack-usage -fcyclomatic-complexity -MMD -MP -MF"Core/Src/stm32f4xx_it.d" -MT"Core/Src/stm32f4xx_it.o" --specs=nano.specs -mfpu=fpv4-sp-d16 -mfloat-abi=hard -mthumb -o "Core/Src/stm32f4xx_it.o"
arm-none-eabi-gcc "../Core/Src/switch_channel.c" -mcpu=cortex-m4 -std=gnu11 -g3 -DDEBUG -DUSE_HAL_DRIVER -DSTM32F401xE -c -I../Core/Inc -I../Drivers/STM32F4xx_HAL_Driver/Inc -I../Drivers/STM32F4xx_HAL_Driver/Inc/Legacy -I../Drivers/CMSIS/Device/ST/STM32F4xx/Include -I../Drivers/CMSIS/Include -O0 -ffunction-sections -fdata-sections -Wall -fstack-usage -fcyclomatic-complexity -MMD -MP -MF"Core/Src/switch_channel.d" -MT"Core/Src/switch_channel.o" --specs=nano.specs -mfpu=fpv4-sp-d16 -mfloat-abi=hard -mthumb -o "Core/Src/switch_channel.o"
arm-none-eabi-gcc "../Core/Src/syscalls.c" -mcpu=cortex-m4 -std=gnu11 -g3 -DDEBUG -DUSE_HAL_DRIVER -DSTM32F401xE -c -I../Core/Inc -I../Drivers/STM32F4xx_HAL_Driver/Inc -I../Drivers/STM32F4xx_HAL_Driver/Inc/Legacy -I../Drivers/CMSIS/Device/ST/STM32F4xx/Include -I../Drivers/CMSIS/Include -O0 -ffunction-sections -fdata-sections -Wall -fstack-usage -fcyclomatic-complexity -MMD -MP -MF"Core/Src/syscalls.d" -MT"Core/Src/syscalls.o" --specs=nano.specs -mfpu=fpv4-sp-d16 -mfloat-abi=hard -mthumb -o "Core/Src/syscalls.o"
arm-none-eabi-gcc "../Core/Src/sysmem.c" -mcpu=cortex-m4 -std=gnu11 -g3 -DDEBUG -DUSE_HAL_DRIVER -DSTM32F401xE -c -I../Core/Inc -I../Drivers/STM32F4xx_HAL_Driver/Inc -I../Drivers/STM32F4xx_HAL_Driver/Inc/Legacy -I../Drivers/CMSIS/Device/ST/STM32F4xx/Include -I../Drivers/CMSIS/Include -O0 -ffunction-sections -fdata-sections -Wall -fstack-usage -fcyclomatic-complexity -MMD -MP -MF"Core/Src/sysmem.d" -MT"Core/Src/sysmem.o" --specs=nano.specs -mfpu=fpv4-sp-d16 -mfloat-abi=hard -mthumb -o "Core/Src/sysmem.o"
arm-none-eabi-gcc "../Core/Src/system_stm32f4xx.c" -mcpu=cortex-m4 -std=gnu11 -g3 -DDEBUG -DUSE_HAL_DRIVER -DSTM32F401xE -c -I../Core/Inc -I../Drivers/STM32F4xx_HAL_Driver/Inc -I../Drivers/STM32F4xx_HAL_Driver/Inc/Legacy -I../Drivers/CMSIS/Device/ST/STM32F4xx/Include -I../Drivers/CMSIS/Include -O0 -ffunction-sections -fdata-sections -Wall -fstack-usage -fcyclomatic-complexity -MMD -MP -MF"Core/Src/system_stm32f4xx.d" -MT"Core/Src/system_stm32f4xx.o" --specs=nano.specs -mfpu=fpv4-sp-d16 -mfloat-abi=hard -mthumb -o "Core/Src/system_stm32f4xx.o"
../Core/Src/ECG_module.c: In function 'ECG_init':
../Core/Src/ECG_module.c:24:19: error: 'ECGParam' has no member named 'lenght'; did you mean 'length'?
   24 |         ECGparam->lenght = lenght2;
      |                   ^~~~~~
      |                   length
../Core/Src/ECG_module.c:24:28: error: 'lenght2' undeclared (first use in this function); did you mean 'length2'?
   24 |         ECGparam->lenght = lenght2;
      |                            ^~~~~~~
      |                            length2
../Core/Src/ECG_module.c:24:28: note: each undeclared identifier is reported only once for each function it appears in
../Core/Src/ECG_module.c:25:17: error: expected identifier or '(' before '->' token
   25 |         ECGParam->HeartRate = 0;
      |                 ^~
../Core/Src/ECG_module.c: In function 'filter_signal':
../Core/Src/ECG_module.c:32:9: error: 'FilterECGparamr' undeclared (first use in this function); did you mean 'FilterECGparam'?
   32 |         FilterECGparamr->buffer[FilterECGparam->index] = d_out;
      |         ^~~~~~~~~~~~~~~
      |         FilterECGparam
../Core/Src/ECG_module.c:35:87: error: 'FilterECGParam' has no member named 'lenght'; did you mean 'length'?
   35 |         ECGparam->buffer[ECGparam->index] =     FilterECGparam->sum / FilterECGparam->lenght;
      |                                                                                       ^~~~~~
      |                                                                                       length
make: *** [Core/Src/subdir.mk:61: Core/Src/ECG_module.o] Error 1
make: *** Waiting for unfinished jobs....
../Core/Src/main.c: In function 'main':
../Core/Src/main.c:137:20: error: expected ';' before 'uint16_t'
  137 |   ECGParam ECGparam
      |                    ^
      |                    ;
  138 |   uint16_t ECG_buf[ECG_BUF_LENGHT], elab_ECG_buf[ELAB_ECG_BUF_SIZE];
      |   ~~~~~~~~          
../Core/Src/main.c:140:25: error: 'ECGparam' undeclared (first use in this function); did you mean 'ECGParam'?
  140 |   ECG_init(&filterECG, &ECGparam, ECG_buf, elab_ECG_buf,  ECG_LENGHT_BUFFER, ECG_BUF_LENGHT, ELAB_ECG_BUF_SIZE);
      |                         ^~~~~~~~
      |                         ECGParam
../Core/Src/main.c:140:25: note: each undeclared identifier is reported only once for each function it appears in
../Core/Src/main.c:140:59: error: 'ECG_LENGHT_BUFFER' undeclared (first use in this function)
  140 |   ECG_init(&filterECG, &ECGparam, ECG_buf, elab_ECG_buf,  ECG_LENGHT_BUFFER, ECG_BUF_LENGHT, ELAB_ECG_BUF_SIZE);
      |                                                           ^~~~~~~~~~~~~~~~~
../Core/Src/main.c:140:3: error: too many arguments to function 'ECG_init'
  140 |   ECG_init(&filterECG, &ECGparam, ECG_buf, elab_ECG_buf,  ECG_LENGHT_BUFFER, ECG_BUF_LENGHT, ELAB_ECG_BUF_SIZE);
      |   ^~~~~~~~
In file included from ../Core/Src/main.c:32:
../Core/Inc/ECG_module.h:30:6: note: declared here
   30 | void ECG_init(FilterECGParam* FilterECGparam, ECGParam* ECGparam, uint16_t* buffer1, uint16_t* buffer2, uint16_t length1, uint16_t length2);
      |      ^~~~~~~~
../Core/Src/main.c:172:19: warning: implicit declaration of function 'reset_TemperatureParams'; did you mean 'init_TemperatureParams'? [-Wimplicit-function-declaration]
  172 |                   reset_TemperatureParams(&tempParam);
      |                   ^~~~~~~~~~~~~~~~~~~~~~~
      |                   init_TemperatureParams
make: *** [Core/Src/subdir.mk:61: Core/Src/main.o] Error 1
"make -j8 all" terminated with exit code 2. Build might be incomplete.
10:30:54 **** Incremental Build of configuration Debug for project MidTermProject ****
make -j8 all 
arm-none-eabi-gcc "../Core/Src/ECG_module.c" -mcpu=cortex-m4 -std=gnu11 -g3 -DDEBUG -DUSE_HAL_DRIVER -DSTM32F401xE -c -I../Core/Inc -I../Drivers/STM32F4xx_HAL_Driver/Inc -I../Drivers/STM32F4xx_HAL_Driver/Inc/Legacy -I../Drivers/CMSIS/Device/ST/STM32F4xx/Include -I../Drivers/CMSIS/Include -O0 -ffunction-sections -fdata-sections -Wall -fstack-usage -fcyclomatic-complexity -MMD -MP -MF"Core/Src/ECG_module.d" -MT"Core/Src/ECG_module.o" --specs=nano.specs -mfpu=fpv4-sp-d16 -mfloat-abi=hard -mthumb -o "Core/Src/ECG_module.o"
arm-none-eabi-gcc "../Core/Src/main.c" -mcpu=cortex-m4 -std=gnu11 -g3 -DDEBUG -DUSE_HAL_DRIVER -DSTM32F401xE -c -I../Core/Inc -I../Drivers/STM32F4xx_HAL_Driver/Inc -I../Drivers/STM32F4xx_HAL_Driver/Inc/Legacy -I../Drivers/CMSIS/Device/ST/STM32F4xx/Include -I../Drivers/CMSIS/Include -O0 -ffunction-sections -fdata-sections -Wall -fstack-usage -fcyclomatic-complexity -MMD -MP -MF"Core/Src/main.d" -MT"Core/Src/main.o" --specs=nano.specs -mfpu=fpv4-sp-d16 -mfloat-abi=hard -mthumb -o "Core/Src/main.o"
arm-none-eabi-gcc "../Core/Src/usart.c" -mcpu=cortex-m4 -std=gnu11 -g3 -DDEBUG -DUSE_HAL_DRIVER -DSTM32F401xE -c -I../Core/Inc -I../Drivers/STM32F4xx_HAL_Driver/Inc -I../Drivers/STM32F4xx_HAL_Driver/Inc/Legacy -I../Drivers/CMSIS/Device/ST/STM32F4xx/Include -I../Drivers/CMSIS/Include -O0 -ffunction-sections -fdata-sections -Wall -fstack-usage -fcyclomatic-complexity -MMD -MP -MF"Core/Src/usart.d" -MT"Core/Src/usart.o" --specs=nano.specs -mfpu=fpv4-sp-d16 -mfloat-abi=hard -mthumb -o "Core/Src/usart.o"
../Core/Src/ECG_module.c: In function 'ECG_init':
../Core/Src/ECG_module.c:24:19: error: 'ECGParam' has no member named 'lenght'; did you mean 'length'?
   24 |         ECGparam->lenght = length2;
      |                   ^~~~~~
      |                   length
../Core/Src/ECG_module.c:25:17: error: expected identifier or '(' before '->' token
   25 |         ECGParam->HeartRate = 0;
      |                 ^~
../Core/Src/ECG_module.c: In function 'filter_signal':
../Core/Src/ECG_module.c:32:9: error: 'FilterECGparamr' undeclared (first use in this function); did you mean 'FilterECGparam'?
   32 |         FilterECGparamr->buffer[FilterECGparam->index] = d_out;
      |         ^~~~~~~~~~~~~~~
      |         FilterECGparam
../Core/Src/ECG_module.c:32:9: note: each undeclared identifier is reported only once for each function it appears in
../Core/Src/ECG_module.c:35:87: error: 'FilterECGParam' has no member named 'lenght'; did you mean 'length'?
   35 |         ECGparam->buffer[ECGparam->index] =     FilterECGparam->sum / FilterECGparam->lenght;
      |                                                                                       ^~~~~~
      |                                                                                       length
make: *** [Core/Src/subdir.mk:61: Core/Src/ECG_module.o] Error 1
make: *** Waiting for unfinished jobs....
../Core/Src/main.c: In function 'main':
../Core/Src/main.c:137:20: error: expected ';' before 'uint16_t'
  137 |   ECGParam ECGparam
      |                    ^
      |                    ;
  138 |   uint16_t ECG_buf[ECG_BUF_LENGHT], elab_ECG_buf[ELAB_ECG_BUF_SIZE];
      |   ~~~~~~~~          
../Core/Src/main.c:140:25: error: 'ECGparam' undeclared (first use in this function); did you mean 'ECGParam'?
  140 |   ECG_init(&filterECG, &ECGparam, ECG_buf, elab_ECG_buf,  ECG_LENGHT_BUFFER, ECG_BUF_LENGHT, ELAB_ECG_BUF_SIZE);
      |                         ^~~~~~~~
      |                         ECGParam
../Core/Src/main.c:140:25: note: each undeclared identifier is reported only once for each function it appears in
../Core/Src/main.c:140:59: error: 'ECG_LENGHT_BUFFER' undeclared (first use in this function)
  140 |   ECG_init(&filterECG, &ECGparam, ECG_buf, elab_ECG_buf,  ECG_LENGHT_BUFFER, ECG_BUF_LENGHT, ELAB_ECG_BUF_SIZE);
      |                                                           ^~~~~~~~~~~~~~~~~
../Core/Src/main.c:140:3: error: too many arguments to function 'ECG_init'
  140 |   ECG_init(&filterECG, &ECGparam, ECG_buf, elab_ECG_buf,  ECG_LENGHT_BUFFER, ECG_BUF_LENGHT, ELAB_ECG_BUF_SIZE);
      |   ^~~~~~~~
In file included from ../Core/Src/main.c:32:
../Core/Inc/ECG_module.h:30:6: note: declared here
   30 | void ECG_init(FilterECGParam* FilterECGparam, ECGParam* ECGparam, uint16_t* buffer1, uint16_t* buffer2, uint16_t length1, uint16_t length2);
      |      ^~~~~~~~
../Core/Src/main.c:172:19: warning: implicit declaration of function 'reset_TemperatureParams'; did you mean 'init_TemperatureParams'? [-Wimplicit-function-declaration]
  172 |                   reset_TemperatureParams(&tempParam);
      |                   ^~~~~~~~~~~~~~~~~~~~~~~
      |                   init_TemperatureParams
make: *** [Core/Src/subdir.mk:61: Core/Src/main.o] Error 1
"make -j8 all" terminated with exit code 2. Build might be incomplete.
10:31:33 **** Incremental Build of configuration Debug for project MidTermProject ****
make -j8 all 
arm-none-eabi-gcc "../Core/Src/ECG_module.c" -mcpu=cortex-m4 -std=gnu11 -g3 -DDEBUG -DUSE_HAL_DRIVER -DSTM32F401xE -c -I../Core/Inc -I../Drivers/STM32F4xx_HAL_Driver/Inc -I../Drivers/STM32F4xx_HAL_Driver/Inc/Legacy -I../Drivers/CMSIS/Device/ST/STM32F4xx/Include -I../Drivers/CMSIS/Include -O0 -ffunction-sections -fdata-sections -Wall -fstack-usage -fcyclomatic-complexity -MMD -MP -MF"Core/Src/ECG_module.d" -MT"Core/Src/ECG_module.o" --specs=nano.specs -mfpu=fpv4-sp-d16 -mfloat-abi=hard -mthumb -o "Core/Src/ECG_module.o"
arm-none-eabi-gcc "../Core/Src/main.c" -mcpu=cortex-m4 -std=gnu11 -g3 -DDEBUG -DUSE_HAL_DRIVER -DSTM32F401xE -c -I../Core/Inc -I../Drivers/STM32F4xx_HAL_Driver/Inc -I../Drivers/STM32F4xx_HAL_Driver/Inc/Legacy -I../Drivers/CMSIS/Device/ST/STM32F4xx/Include -I../Drivers/CMSIS/Include -O0 -ffunction-sections -fdata-sections -Wall -fstack-usage -fcyclomatic-complexity -MMD -MP -MF"Core/Src/main.d" -MT"Core/Src/main.o" --specs=nano.specs -mfpu=fpv4-sp-d16 -mfloat-abi=hard -mthumb -o "Core/Src/main.o"
../Core/Src/ECG_module.c: In function 'ECG_init':
../Core/Src/ECG_module.c:24:19: error: 'ECGParam' has no member named 'lenght'; did you mean 'length'?
   24 |         ECGparam->lenght = length2;
      |                   ^~~~~~
      |                   length
../Core/Src/ECG_module.c: In function 'filter_signal':
../Core/Src/ECG_module.c:32:9: error: 'FilterECGparamr' undeclared (first use in this function); did you mean 'FilterECGparam'?
   32 |         FilterECGparamr->buffer[FilterECGparam->index] = d_out;
      |         ^~~~~~~~~~~~~~~
      |         FilterECGparam
../Core/Src/ECG_module.c:32:9: note: each undeclared identifier is reported only once for each function it appears in
../Core/Src/ECG_module.c:35:87: error: 'FilterECGParam' has no member named 'lenght'; did you mean 'length'?
   35 |         ECGparam->buffer[ECGparam->index] =     FilterECGparam->sum / FilterECGparam->lenght;
      |                                                                                       ^~~~~~
      |                                                                                       length
make: *** [Core/Src/subdir.mk:61: Core/Src/ECG_module.o] Error 1
make: *** Waiting for unfinished jobs....
../Core/Src/main.c: In function 'main':
../Core/Src/main.c:137:20: error: expected ';' before 'uint16_t'
  137 |   ECGParam ECGparam
      |                    ^
      |                    ;
  138 |   uint16_t ECG_buf[ECG_BUF_LENGHT], elab_ECG_buf[ELAB_ECG_BUF_SIZE];
      |   ~~~~~~~~          
../Core/Src/main.c:140:25: error: 'ECGparam' undeclared (first use in this function); did you mean 'ECGParam'?
  140 |   ECG_init(&filterECG, &ECGparam, ECG_buf, elab_ECG_buf,  ECG_LENGHT_BUFFER, ECG_BUF_LENGHT, ELAB_ECG_BUF_SIZE);
      |                         ^~~~~~~~
      |                         ECGParam
../Core/Src/main.c:140:25: note: each undeclared identifier is reported only once for each function it appears in
../Core/Src/main.c:140:59: error: 'ECG_LENGHT_BUFFER' undeclared (first use in this function)
  140 |   ECG_init(&filterECG, &ECGparam, ECG_buf, elab_ECG_buf,  ECG_LENGHT_BUFFER, ECG_BUF_LENGHT, ELAB_ECG_BUF_SIZE);
      |                                                           ^~~~~~~~~~~~~~~~~
../Core/Src/main.c:140:3: error: too many arguments to function 'ECG_init'
  140 |   ECG_init(&filterECG, &ECGparam, ECG_buf, elab_ECG_buf,  ECG_LENGHT_BUFFER, ECG_BUF_LENGHT, ELAB_ECG_BUF_SIZE);
      |   ^~~~~~~~
In file included from ../Core/Src/main.c:32:
../Core/Inc/ECG_module.h:30:6: note: declared here
   30 | void ECG_init(FilterECGParam* FilterECGparam, ECGParam* ECGparam, uint16_t* buffer1, uint16_t* buffer2, uint16_t length1, uint16_t length2);
      |      ^~~~~~~~
../Core/Src/main.c:172:19: warning: implicit declaration of function 'reset_TemperatureParams'; did you mean 'init_TemperatureParams'? [-Wimplicit-function-declaration]
  172 |                   reset_TemperatureParams(&tempParam);
      |                   ^~~~~~~~~~~~~~~~~~~~~~~
      |                   init_TemperatureParams
make: *** [Core/Src/subdir.mk:61: Core/Src/main.o] Error 1
"make -j8 all" terminated with exit code 2. Build might be incomplete.
10:31:55 **** Incremental Build of configuration Debug for project MidTermProject ****
make -j8 all 
arm-none-eabi-gcc "../Core/Src/ECG_module.c" -mcpu=cortex-m4 -std=gnu11 -g3 -DDEBUG -DUSE_HAL_DRIVER -DSTM32F401xE -c -I../Core/Inc -I../Drivers/STM32F4xx_HAL_Driver/Inc -I../Drivers/STM32F4xx_HAL_Driver/Inc/Legacy -I../Drivers/CMSIS/Device/ST/STM32F4xx/Include -I../Drivers/CMSIS/Include -O0 -ffunction-sections -fdata-sections -Wall -fstack-usage -fcyclomatic-complexity -MMD -MP -MF"Core/Src/ECG_module.d" -MT"Core/Src/ECG_module.o" --specs=nano.specs -mfpu=fpv4-sp-d16 -mfloat-abi=hard -mthumb -o "Core/Src/ECG_module.o"
arm-none-eabi-gcc "../Core/Src/main.c" -mcpu=cortex-m4 -std=gnu11 -g3 -DDEBUG -DUSE_HAL_DRIVER -DSTM32F401xE -c -I../Core/Inc -I../Drivers/STM32F4xx_HAL_Driver/Inc -I../Drivers/STM32F4xx_HAL_Driver/Inc/Legacy -I../Drivers/CMSIS/Device/ST/STM32F4xx/Include -I../Drivers/CMSIS/Include -O0 -ffunction-sections -fdata-sections -Wall -fstack-usage -fcyclomatic-complexity -MMD -MP -MF"Core/Src/main.d" -MT"Core/Src/main.o" --specs=nano.specs -mfpu=fpv4-sp-d16 -mfloat-abi=hard -mthumb -o "Core/Src/main.o"
../Core/Src/ECG_module.c: In function 'filter_signal':
../Core/Src/ECG_module.c:32:9: error: 'FilterECGparamr' undeclared (first use in this function); did you mean 'FilterECGparam'?
   32 |         FilterECGparamr->buffer[FilterECGparam->index] = d_out;
      |         ^~~~~~~~~~~~~~~
      |         FilterECGparam
../Core/Src/ECG_module.c:32:9: note: each undeclared identifier is reported only once for each function it appears in
../Core/Src/ECG_module.c:35:87: error: 'FilterECGParam' has no member named 'lenght'; did you mean 'length'?
   35 |         ECGparam->buffer[ECGparam->index] =     FilterECGparam->sum / FilterECGparam->lenght;
      |                                                                                       ^~~~~~
      |                                                                                       length
make: *** [Core/Src/subdir.mk:61: Core/Src/ECG_module.o] Error 1
make: *** Waiting for unfinished jobs....
../Core/Src/main.c: In function 'main':
../Core/Src/main.c:137:20: error: expected ';' before 'uint16_t'
  137 |   ECGParam ECGparam
      |                    ^
      |                    ;
  138 |   uint16_t ECG_buf[ECG_BUF_LENGHT], elab_ECG_buf[ELAB_ECG_BUF_SIZE];
      |   ~~~~~~~~          
../Core/Src/main.c:140:25: error: 'ECGparam' undeclared (first use in this function); did you mean 'ECGParam'?
  140 |   ECG_init(&filterECG, &ECGparam, ECG_buf, elab_ECG_buf,  ECG_LENGHT_BUFFER, ECG_BUF_LENGHT, ELAB_ECG_BUF_SIZE);
      |                         ^~~~~~~~
      |                         ECGParam
../Core/Src/main.c:140:25: note: each undeclared identifier is reported only once for each function it appears in
../Core/Src/main.c:140:59: error: 'ECG_LENGHT_BUFFER' undeclared (first use in this function)
  140 |   ECG_init(&filterECG, &ECGparam, ECG_buf, elab_ECG_buf,  ECG_LENGHT_BUFFER, ECG_BUF_LENGHT, ELAB_ECG_BUF_SIZE);
      |                                                           ^~~~~~~~~~~~~~~~~
../Core/Src/main.c:140:3: error: too many arguments to function 'ECG_init'
  140 |   ECG_init(&filterECG, &ECGparam, ECG_buf, elab_ECG_buf,  ECG_LENGHT_BUFFER, ECG_BUF_LENGHT, ELAB_ECG_BUF_SIZE);
      |   ^~~~~~~~
In file included from ../Core/Src/main.c:32:
../Core/Inc/ECG_module.h:30:6: note: declared here
   30 | void ECG_init(FilterECGParam* FilterECGparam, ECGParam* ECGparam, uint16_t* buffer1, uint16_t* buffer2, uint16_t length1, uint16_t length2);
      |      ^~~~~~~~
../Core/Src/main.c:172:19: warning: implicit declaration of function 'reset_TemperatureParams'; did you mean 'init_TemperatureParams'? [-Wimplicit-function-declaration]
  172 |                   reset_TemperatureParams(&tempParam);
      |                   ^~~~~~~~~~~~~~~~~~~~~~~
      |                   init_TemperatureParams
make: *** [Core/Src/subdir.mk:61: Core/Src/main.o] Error 1
"make -j8 all" terminated with exit code 2. Build might be incomplete.
10:32:29 **** Incremental Build of configuration Debug for project MidTermProject ****
make -j8 all 
arm-none-eabi-gcc "../Core/Src/ECG_module.c" -mcpu=cortex-m4 -std=gnu11 -g3 -DDEBUG -DUSE_HAL_DRIVER -DSTM32F401xE -c -I../Core/Inc -I../Drivers/STM32F4xx_HAL_Driver/Inc -I../Drivers/STM32F4xx_HAL_Driver/Inc/Legacy -I../Drivers/CMSIS/Device/ST/STM32F4xx/Include -I../Drivers/CMSIS/Include -O0 -ffunction-sections -fdata-sections -Wall -fstack-usage -fcyclomatic-complexity -MMD -MP -MF"Core/Src/ECG_module.d" -MT"Core/Src/ECG_module.o" --specs=nano.specs -mfpu=fpv4-sp-d16 -mfloat-abi=hard -mthumb -o "Core/Src/ECG_module.o"
arm-none-eabi-gcc "../Core/Src/main.c" -mcpu=cortex-m4 -std=gnu11 -g3 -DDEBUG -DUSE_HAL_DRIVER -DSTM32F401xE -c -I../Core/Inc -I../Drivers/STM32F4xx_HAL_Driver/Inc -I../Drivers/STM32F4xx_HAL_Driver/Inc/Legacy -I../Drivers/CMSIS/Device/ST/STM32F4xx/Include -I../Drivers/CMSIS/Include -O0 -ffunction-sections -fdata-sections -Wall -fstack-usage -fcyclomatic-complexity -MMD -MP -MF"Core/Src/main.d" -MT"Core/Src/main.o" --specs=nano.specs -mfpu=fpv4-sp-d16 -mfloat-abi=hard -mthumb -o "Core/Src/main.o"
../Core/Src/main.c: In function 'main':
../Core/Src/main.c:137:20: error: expected ';' before 'uint16_t'
  137 |   ECGParam ECGparam
      |                    ^
      |                    ;
  138 |   uint16_t ECG_buf[ECG_BUF_LENGHT], elab_ECG_buf[ELAB_ECG_BUF_SIZE];
      |   ~~~~~~~~          
../Core/Src/main.c:140:25: error: 'ECGparam' undeclared (first use in this function); did you mean 'ECGParam'?
  140 |   ECG_init(&filterECG, &ECGparam, ECG_buf, elab_ECG_buf,  ECG_LENGHT_BUFFER, ECG_BUF_LENGHT, ELAB_ECG_BUF_SIZE);
      |                         ^~~~~~~~
      |                         ECGParam
../Core/Src/main.c:140:25: note: each undeclared identifier is reported only once for each function it appears in
../Core/Src/main.c:140:59: error: 'ECG_LENGHT_BUFFER' undeclared (first use in this function)
  140 |   ECG_init(&filterECG, &ECGparam, ECG_buf, elab_ECG_buf,  ECG_LENGHT_BUFFER, ECG_BUF_LENGHT, ELAB_ECG_BUF_SIZE);
      |                                                           ^~~~~~~~~~~~~~~~~
../Core/Src/main.c:140:3: error: too many arguments to function 'ECG_init'
  140 |   ECG_init(&filterECG, &ECGparam, ECG_buf, elab_ECG_buf,  ECG_LENGHT_BUFFER, ECG_BUF_LENGHT, ELAB_ECG_BUF_SIZE);
      |   ^~~~~~~~
In file included from ../Core/Src/main.c:32:
../Core/Inc/ECG_module.h:30:6: note: declared here
   30 | void ECG_init(FilterECGParam* FilterECGparam, ECGParam* ECGparam, uint16_t* buffer1, uint16_t* buffer2, uint16_t length1, uint16_t length2);
      |      ^~~~~~~~
../Core/Src/main.c:172:19: warning: implicit declaration of function 'reset_TemperatureParams'; did you mean 'init_TemperatureParams'? [-Wimplicit-function-declaration]
  172 |                   reset_TemperatureParams(&tempParam);
      |                   ^~~~~~~~~~~~~~~~~~~~~~~
      |                   init_TemperatureParams
make: *** [Core/Src/subdir.mk:61: Core/Src/main.o] Error 1
make: *** Waiting for unfinished jobs....
"make -j8 all" terminated with exit code 2. Build might be incomplete.
10:32:54 **** Incremental Build of configuration Debug for project MidTermProject ****
make -j8 all 
arm-none-eabi-gcc "../Core/Src/main.c" -mcpu=cortex-m4 -std=gnu11 -g3 -DDEBUG -DUSE_HAL_DRIVER -DSTM32F401xE -c -I../Core/Inc -I../Drivers/STM32F4xx_HAL_Driver/Inc -I../Drivers/STM32F4xx_HAL_Driver/Inc/Legacy -I../Drivers/CMSIS/Device/ST/STM32F4xx/Include -I../Drivers/CMSIS/Include -O0 -ffunction-sections -fdata-sections -Wall -fstack-usage -fcyclomatic-complexity -MMD -MP -MF"Core/Src/main.d" -MT"Core/Src/main.o" --specs=nano.specs -mfpu=fpv4-sp-d16 -mfloat-abi=hard -mthumb -o "Core/Src/main.o"
../Core/Src/main.c: In function 'main':
../Core/Src/main.c:140:59: error: 'ECG_LENGHT_BUFFER' undeclared (first use in this function)
  140 |   ECG_init(&filterECG, &ECGparam, ECG_buf, elab_ECG_buf,  ECG_LENGHT_BUFFER, ECG_BUF_LENGHT, ELAB_ECG_BUF_SIZE);
      |                                                           ^~~~~~~~~~~~~~~~~
../Core/Src/main.c:140:59: note: each undeclared identifier is reported only once for each function it appears in
../Core/Src/main.c:140:3: error: too many arguments to function 'ECG_init'
  140 |   ECG_init(&filterECG, &ECGparam, ECG_buf, elab_ECG_buf,  ECG_LENGHT_BUFFER, ECG_BUF_LENGHT, ELAB_ECG_BUF_SIZE);
      |   ^~~~~~~~
In file included from ../Core/Src/main.c:32:
../Core/Inc/ECG_module.h:30:6: note: declared here
   30 | void ECG_init(FilterECGParam* FilterECGparam, ECGParam* ECGparam, uint16_t* buffer1, uint16_t* buffer2, uint16_t length1, uint16_t length2);
      |      ^~~~~~~~
../Core/Src/main.c:172:19: warning: implicit declaration of function 'reset_TemperatureParams'; did you mean 'init_TemperatureParams'? [-Wimplicit-function-declaration]
  172 |                   reset_TemperatureParams(&tempParam);
      |                   ^~~~~~~~~~~~~~~~~~~~~~~
      |                   init_TemperatureParams
make: *** [Core/Src/subdir.mk:61: Core/Src/main.o] Error 1
"make -j8 all" terminated with exit code 2. Build might be incomplete.
10:32:56 **** Incremental Build of configuration Debug for project MidTermProject ****
make -j8 all 
arm-none-eabi-gcc "../Core/Src/main.c" -mcpu=cortex-m4 -std=gnu11 -g3 -DDEBUG -DUSE_HAL_DRIVER -DSTM32F401xE -c -I../Core/Inc -I../Drivers/STM32F4xx_HAL_Driver/Inc -I../Drivers/STM32F4xx_HAL_Driver/Inc/Legacy -I../Drivers/CMSIS/Device/ST/STM32F4xx/Include -I../Drivers/CMSIS/Include -O0 -ffunction-sections -fdata-sections -Wall -fstack-usage -fcyclomatic-complexity -MMD -MP -MF"Core/Src/main.d" -MT"Core/Src/main.o" --specs=nano.specs -mfpu=fpv4-sp-d16 -mfloat-abi=hard -mthumb -o "Core/Src/main.o"
../Core/Src/main.c: In function 'main':
../Core/Src/main.c:140:59: error: 'ECG_LENGHT_BUFFER' undeclared (first use in this function)
  140 |   ECG_init(&filterECG, &ECGparam, ECG_buf, elab_ECG_buf,  ECG_LENGHT_BUFFER, ECG_BUF_LENGHT, ELAB_ECG_BUF_SIZE);
      |                                                           ^~~~~~~~~~~~~~~~~
../Core/Src/main.c:140:59: note: each undeclared identifier is reported only once for each function it appears in
../Core/Src/main.c:140:3: error: too many arguments to function 'ECG_init'
  140 |   ECG_init(&filterECG, &ECGparam, ECG_buf, elab_ECG_buf,  ECG_LENGHT_BUFFER, ECG_BUF_LENGHT, ELAB_ECG_BUF_SIZE);
      |   ^~~~~~~~
In file included from ../Core/Src/main.c:32:
../Core/Inc/ECG_module.h:30:6: note: declared here
   30 | void ECG_init(FilterECGParam* FilterECGparam, ECGParam* ECGparam, uint16_t* buffer1, uint16_t* buffer2, uint16_t length1, uint16_t length2);
      |      ^~~~~~~~
../Core/Src/main.c:172:19: warning: implicit declaration of function 'reset_TemperatureParams'; did you mean 'init_TemperatureParams'? [-Wimplicit-function-declaration]
  172 |                   reset_TemperatureParams(&tempParam);
      |                   ^~~~~~~~~~~~~~~~~~~~~~~
      |                   init_TemperatureParams
make: *** [Core/Src/subdir.mk:61: Core/Src/main.o] Error 1
"make -j8 all" terminated with exit code 2. Build might be incomplete.
10:33:40 **** Incremental Build of configuration Debug for project MidTermProject ****
make -j8 all 
arm-none-eabi-gcc "../Core/Src/main.c" -mcpu=cortex-m4 -std=gnu11 -g3 -DDEBUG -DUSE_HAL_DRIVER -DSTM32F401xE -c -I../Core/Inc -I../Drivers/STM32F4xx_HAL_Driver/Inc -I../Drivers/STM32F4xx_HAL_Driver/Inc/Legacy -I../Drivers/CMSIS/Device/ST/STM32F4xx/Include -I../Drivers/CMSIS/Include -O0 -ffunction-sections -fdata-sections -Wall -fstack-usage -fcyclomatic-complexity -MMD -MP -MF"Core/Src/main.d" -MT"Core/Src/main.o" --specs=nano.specs -mfpu=fpv4-sp-d16 -mfloat-abi=hard -mthumb -o "Core/Src/main.o"
../Core/Src/main.c: In function 'main':
../Core/Src/main.c:172:19: warning: implicit declaration of function 'reset_TemperatureParams'; did you mean 'init_TemperatureParams'? [-Wimplicit-function-declaration]
  172 |                   reset_TemperatureParams(&tempParam);
      |                   ^~~~~~~~~~~~~~~~~~~~~~~
      |                   init_TemperatureParams
arm-none-eabi-gcc -o "MidTermProject.elf" @"objects.list"   -mcpu=cortex-m4 -T"C:\Users\utente\Documents\GitHub\MidTermEmbeddedSystem\MidTermProject\STM32F401RETX_FLASH.ld" --specs=nosys.specs -Wl,-Map="MidTermProject.map" -Wl,--gc-sections -static --specs=nano.specs -mfpu=fpv4-sp-d16 -mfloat-abi=hard -mthumb -u _printf_float -u _scanf_float -Wl,--start-group -lc -lm -Wl,--end-group
Finished building target: MidTermProject.elf
 
arm-none-eabi-size  MidTermProject.elf 
arm-none-eabi-objdump -h -S MidTermProject.elf  > "MidTermProject.list"
   text	   data	    bss	    dec	    hex	filename
  36248	    468	   2052	  38768	   9770	MidTermProject.elf
Finished building: default.size.stdout
 
Finished building: MidTermProject.list
 
10:34:33 **** Incremental Build of configuration Debug for project MidTermProject ****
make -j8 all 
arm-none-eabi-gcc "../Core/Src/main.c" -mcpu=cortex-m4 -std=gnu11 -g3 -DDEBUG -DUSE_HAL_DRIVER -DSTM32F401xE -c -I../Core/Inc -I../Drivers/STM32F4xx_HAL_Driver/Inc -I../Drivers/STM32F4xx_HAL_Driver/Inc/Legacy -I../Drivers/CMSIS/Device/ST/STM32F4xx/Include -I../Drivers/CMSIS/Include -O0 -ffunction-sections -fdata-sections -Wall -fstack-usage -fcyclomatic-complexity -MMD -MP -MF"Core/Src/main.d" -MT"Core/Src/main.o" --specs=nano.specs -mfpu=fpv4-sp-d16 -mfloat-abi=hard -mthumb -o "Core/Src/main.o"
arm-none-eabi-gcc "../Core/Src/read_temperature.c" -mcpu=cortex-m4 -std=gnu11 -g3 -DDEBUG -DUSE_HAL_DRIVER -DSTM32F401xE -c -I../Core/Inc -I../Drivers/STM32F4xx_HAL_Driver/Inc -I../Drivers/STM32F4xx_HAL_Driver/Inc/Legacy -I../Drivers/CMSIS/Device/ST/STM32F4xx/Include -I../Drivers/CMSIS/Include -O0 -ffunction-sections -fdata-sections -Wall -fstack-usage -fcyclomatic-complexity -MMD -MP -MF"Core/Src/read_temperature.d" -MT"Core/Src/read_temperature.o" --specs=nano.specs -mfpu=fpv4-sp-d16 -mfloat-abi=hard -mthumb -o "Core/Src/read_temperature.o"
arm-none-eabi-gcc -o "MidTermProject.elf" @"objects.list"   -mcpu=cortex-m4 -T"C:\Users\utente\Documents\GitHub\MidTermEmbeddedSystem\MidTermProject\STM32F401RETX_FLASH.ld" --specs=nosys.specs -Wl,-Map="MidTermProject.map" -Wl,--gc-sections -static --specs=nano.specs -mfpu=fpv4-sp-d16 -mfloat-abi=hard -mthumb -u _printf_float -u _scanf_float -Wl,--start-group -lc -lm -Wl,--end-group
Finished building target: MidTermProject.elf
 
arm-none-eabi-size  MidTermProject.elf 
arm-none-eabi-objdump -h -S MidTermProject.elf  > "MidTermProject.list"
   text	   data	    bss	    dec	    hex	filename
  36248	    468	   2052	  38768	   9770	MidTermProject.elf
Finished building: default.size.stdout
 
Finished building: MidTermProject.list
 
11:28:24 **** Incremental Build of configuration Debug for project MidTermProject ****
make -j8 all 
arm-none-eabi-gcc "../Core/Src/adc.c" -mcpu=cortex-m4 -std=gnu11 -g3 -DDEBUG -DUSE_HAL_DRIVER -DSTM32F401xE -c -I../Core/Inc -I../Drivers/STM32F4xx_HAL_Driver/Inc -I../Drivers/STM32F4xx_HAL_Driver/Inc/Legacy -I../Drivers/CMSIS/Device/ST/STM32F4xx/Include -I../Drivers/CMSIS/Include -O0 -ffunction-sections -fdata-sections -Wall -fstack-usage -fcyclomatic-complexity -MMD -MP -MF"Core/Src/adc.d" -MT"Core/Src/adc.o" --specs=nano.specs -mfpu=fpv4-sp-d16 -mfloat-abi=hard -mthumb -o "Core/Src/adc.o"
arm-none-eabi-gcc "../Core/Src/main.c" -mcpu=cortex-m4 -std=gnu11 -g3 -DDEBUG -DUSE_HAL_DRIVER -DSTM32F401xE -c -I../Core/Inc -I../Drivers/STM32F4xx_HAL_Driver/Inc -I../Drivers/STM32F4xx_HAL_Driver/Inc/Legacy -I../Drivers/CMSIS/Device/ST/STM32F4xx/Include -I../Drivers/CMSIS/Include -O0 -ffunction-sections -fdata-sections -Wall -fstack-usage -fcyclomatic-complexity -MMD -MP -MF"Core/Src/main.d" -MT"Core/Src/main.o" --specs=nano.specs -mfpu=fpv4-sp-d16 -mfloat-abi=hard -mthumb -o "Core/Src/main.o"
arm-none-eabi-gcc "../Core/Src/read_temperature.c" -mcpu=cortex-m4 -std=gnu11 -g3 -DDEBUG -DUSE_HAL_DRIVER -DSTM32F401xE -c -I../Core/Inc -I../Drivers/STM32F4xx_HAL_Driver/Inc -I../Drivers/STM32F4xx_HAL_Driver/Inc/Legacy -I../Drivers/CMSIS/Device/ST/STM32F4xx/Include -I../Drivers/CMSIS/Include -O0 -ffunction-sections -fdata-sections -Wall -fstack-usage -fcyclomatic-complexity -MMD -MP -MF"Core/Src/read_temperature.d" -MT"Core/Src/read_temperature.o" --specs=nano.specs -mfpu=fpv4-sp-d16 -mfloat-abi=hard -mthumb -o "Core/Src/read_temperature.o"
arm-none-eabi-gcc "../Core/Src/switch_channel.c" -mcpu=cortex-m4 -std=gnu11 -g3 -DDEBUG -DUSE_HAL_DRIVER -DSTM32F401xE -c -I../Core/Inc -I../Drivers/STM32F4xx_HAL_Driver/Inc -I../Drivers/STM32F4xx_HAL_Driver/Inc/Legacy -I../Drivers/CMSIS/Device/ST/STM32F4xx/Include -I../Drivers/CMSIS/Include -O0 -ffunction-sections -fdata-sections -Wall -fstack-usage -fcyclomatic-complexity -MMD -MP -MF"Core/Src/switch_channel.d" -MT"Core/Src/switch_channel.o" --specs=nano.specs -mfpu=fpv4-sp-d16 -mfloat-abi=hard -mthumb -o "Core/Src/switch_channel.o"
arm-none-eabi-gcc -o "MidTermProject.elf" @"objects.list"   -mcpu=cortex-m4 -T"C:\Users\utente\Documents\GitHub\MidTermEmbeddedSystem\MidTermProject\STM32F401RETX_FLASH.ld" --specs=nosys.specs -Wl,-Map="MidTermProject.map" -Wl,--gc-sections -static --specs=nano.specs -mfpu=fpv4-sp-d16 -mfloat-abi=hard -mthumb -u _printf_float -u _scanf_float -Wl,--start-group -lc -lm -Wl,--end-group
Finished building target: MidTermProject.elf
 
arm-none-eabi-size  MidTermProject.elf 
arm-none-eabi-objdump -h -S MidTermProject.elf  > "MidTermProject.list"
   text	   data	    bss	    dec	    hex	filename
  36272	    468	   2052	  38792	   9788	MidTermProject.elf
Finished building: default.size.stdout
 
Finished building: MidTermProject.list
 
11:29:25 **** Incremental Build of configuration Debug for project MidTermProject ****
make -j8 all 
arm-none-eabi-size  MidTermProject.elf 
   text	   data	    bss	    dec	    hex	filename
  36272	    468	   2052	  38792	   9788	MidTermProject.elf
Finished building: default.size.stdout
 
11:30:24 **** Incremental Build of configuration Debug for project MidTermProject ****
make -j8 all 
arm-none-eabi-size  MidTermProject.elf 
   text	   data	    bss	    dec	    hex	filename
  36272	    468	   2052	  38792	   9788	MidTermProject.elf
Finished building: default.size.stdout
 
11:33:10 **** Incremental Build of configuration Debug for project MidTermProject ****
make -j8 all 
arm-none-eabi-gcc "../Core/Src/read_temperature.c" -mcpu=cortex-m4 -std=gnu11 -g3 -DDEBUG -DUSE_HAL_DRIVER -DSTM32F401xE -c -I../Core/Inc -I../Drivers/STM32F4xx_HAL_Driver/Inc -I../Drivers/STM32F4xx_HAL_Driver/Inc/Legacy -I../Drivers/CMSIS/Device/ST/STM32F4xx/Include -I../Drivers/CMSIS/Include -O0 -ffunction-sections -fdata-sections -Wall -fstack-usage -fcyclomatic-complexity -MMD -MP -MF"Core/Src/read_temperature.d" -MT"Core/Src/read_temperature.o" --specs=nano.specs -mfpu=fpv4-sp-d16 -mfloat-abi=hard -mthumb -o "Core/Src/read_temperature.o"
arm-none-eabi-gcc -o "MidTermProject.elf" @"objects.list"   -mcpu=cortex-m4 -T"C:\Users\utente\Documents\GitHub\MidTermEmbeddedSystem\MidTermProject\STM32F401RETX_FLASH.ld" --specs=nosys.specs -Wl,-Map="MidTermProject.map" -Wl,--gc-sections -static --specs=nano.specs -mfpu=fpv4-sp-d16 -mfloat-abi=hard -mthumb -u _printf_float -u _scanf_float -Wl,--start-group -lc -lm -Wl,--end-group
Finished building target: MidTermProject.elf
 
arm-none-eabi-size  MidTermProject.elf 
arm-none-eabi-objdump -h -S MidTermProject.elf  > "MidTermProject.list"
   text	   data	    bss	    dec	    hex	filename
  36328	    468	   2052	  38848	   97c0	MidTermProject.elf
Finished building: default.size.stdout
 
Finished building: MidTermProject.list
 
11:33:13 **** Incremental Build of configuration Debug for project MidTermProject ****
make -j8 all 
arm-none-eabi-size  MidTermProject.elf 
   text	   data	    bss	    dec	    hex	filename
  36328	    468	   2052	  38848	   97c0	MidTermProject.elf
Finished building: default.size.stdout
 
11:35:00 **** Incremental Build of configuration Debug for project MidTermProject ****
make -j8 all 
arm-none-eabi-gcc "../Core/Src/main.c" -mcpu=cortex-m4 -std=gnu11 -g3 -DDEBUG -DUSE_HAL_DRIVER -DSTM32F401xE -c -I../Core/Inc -I../Drivers/STM32F4xx_HAL_Driver/Inc -I../Drivers/STM32F4xx_HAL_Driver/Inc/Legacy -I../Drivers/CMSIS/Device/ST/STM32F4xx/Include -I../Drivers/CMSIS/Include -O0 -ffunction-sections -fdata-sections -Wall -fstack-usage -fcyclomatic-complexity -MMD -MP -MF"Core/Src/main.d" -MT"Core/Src/main.o" --specs=nano.specs -mfpu=fpv4-sp-d16 -mfloat-abi=hard -mthumb -o "Core/Src/main.o"
arm-none-eabi-gcc "../Core/Src/read_temperature.c" -mcpu=cortex-m4 -std=gnu11 -g3 -DDEBUG -DUSE_HAL_DRIVER -DSTM32F401xE -c -I../Core/Inc -I../Drivers/STM32F4xx_HAL_Driver/Inc -I../Drivers/STM32F4xx_HAL_Driver/Inc/Legacy -I../Drivers/CMSIS/Device/ST/STM32F4xx/Include -I../Drivers/CMSIS/Include -O0 -ffunction-sections -fdata-sections -Wall -fstack-usage -fcyclomatic-complexity -MMD -MP -MF"Core/Src/read_temperature.d" -MT"Core/Src/read_temperature.o" --specs=nano.specs -mfpu=fpv4-sp-d16 -mfloat-abi=hard -mthumb -o "Core/Src/read_temperature.o"
arm-none-eabi-gcc -o "MidTermProject.elf" @"objects.list"   -mcpu=cortex-m4 -T"C:\Users\utente\Documents\GitHub\MidTermEmbeddedSystem\MidTermProject\STM32F401RETX_FLASH.ld" --specs=nosys.specs -Wl,-Map="MidTermProject.map" -Wl,--gc-sections -static --specs=nano.specs -mfpu=fpv4-sp-d16 -mfloat-abi=hard -mthumb -u _printf_float -u _scanf_float -Wl,--start-group -lc -lm -Wl,--end-group
Finished building target: MidTermProject.elf
 
arm-none-eabi-size  MidTermProject.elf 
arm-none-eabi-objdump -h -S MidTermProject.elf  > "MidTermProject.list"
   text	   data	    bss	    dec	    hex	filename
  36328	    468	   2052	  38848	   97c0	MidTermProject.elf
Finished building: default.size.stdout
 
Finished building: MidTermProject.list
 
11:35:02 **** Incremental Build of configuration Debug for project MidTermProject ****
make -j8 all 
arm-none-eabi-size  MidTermProject.elf 
   text	   data	    bss	    dec	    hex	filename
  36328	    468	   2052	  38848	   97c0	MidTermProject.elf
Finished building: default.size.stdout
 
11:36:47 **** Incremental Build of configuration Debug for project MidTermProject ****
make -j8 all 
arm-none-eabi-gcc "../Core/Src/main.c" -mcpu=cortex-m4 -std=gnu11 -g3 -DDEBUG -DUSE_HAL_DRIVER -DSTM32F401xE -c -I../Core/Inc -I../Drivers/STM32F4xx_HAL_Driver/Inc -I../Drivers/STM32F4xx_HAL_Driver/Inc/Legacy -I../Drivers/CMSIS/Device/ST/STM32F4xx/Include -I../Drivers/CMSIS/Include -O0 -ffunction-sections -fdata-sections -Wall -fstack-usage -fcyclomatic-complexity -MMD -MP -MF"Core/Src/main.d" -MT"Core/Src/main.o" --specs=nano.specs -mfpu=fpv4-sp-d16 -mfloat-abi=hard -mthumb -o "Core/Src/main.o"
arm-none-eabi-gcc "../Core/Src/read_temperature.c" -mcpu=cortex-m4 -std=gnu11 -g3 -DDEBUG -DUSE_HAL_DRIVER -DSTM32F401xE -c -I../Core/Inc -I../Drivers/STM32F4xx_HAL_Driver/Inc -I../Drivers/STM32F4xx_HAL_Driver/Inc/Legacy -I../Drivers/CMSIS/Device/ST/STM32F4xx/Include -I../Drivers/CMSIS/Include -O0 -ffunction-sections -fdata-sections -Wall -fstack-usage -fcyclomatic-complexity -MMD -MP -MF"Core/Src/read_temperature.d" -MT"Core/Src/read_temperature.o" --specs=nano.specs -mfpu=fpv4-sp-d16 -mfloat-abi=hard -mthumb -o "Core/Src/read_temperature.o"
arm-none-eabi-gcc -o "MidTermProject.elf" @"objects.list"   -mcpu=cortex-m4 -T"C:\Users\utente\Documents\GitHub\MidTermEmbeddedSystem\MidTermProject\STM32F401RETX_FLASH.ld" --specs=nosys.specs -Wl,-Map="MidTermProject.map" -Wl,--gc-sections -static --specs=nano.specs -mfpu=fpv4-sp-d16 -mfloat-abi=hard -mthumb -u _printf_float -u _scanf_float -Wl,--start-group -lc -lm -Wl,--end-group
Finished building target: MidTermProject.elf
 
arm-none-eabi-size  MidTermProject.elf 
arm-none-eabi-objdump -h -S MidTermProject.elf  > "MidTermProject.list"
   text	   data	    bss	    dec	    hex	filename
  36264	    468	   2052	  38784	   9780	MidTermProject.elf
Finished building: default.size.stdout
 
Finished building: MidTermProject.list
 
11:36:49 **** Incremental Build of configuration Debug for project MidTermProject ****
make -j8 all 
arm-none-eabi-size  MidTermProject.elf 
   text	   data	    bss	    dec	    hex	filename
  36264	    468	   2052	  38784	   9780	MidTermProject.elf
Finished building: default.size.stdout
 
11:37:07 **** Incremental Build of configuration Debug for project MidTermProject ****
make -j8 all 
arm-none-eabi-size  MidTermProject.elf 
   text	   data	    bss	    dec	    hex	filename
  36264	    468	   2052	  38784	   9780	MidTermProject.elf
Finished building: default.size.stdout
 
11:38:19 **** Incremental Build of configuration Debug for project MidTermProject ****
make -j8 all 
arm-none-eabi-gcc "../Core/Src/main.c" -mcpu=cortex-m4 -std=gnu11 -g3 -DDEBUG -DUSE_HAL_DRIVER -DSTM32F401xE -c -I../Core/Inc -I../Drivers/STM32F4xx_HAL_Driver/Inc -I../Drivers/STM32F4xx_HAL_Driver/Inc/Legacy -I../Drivers/CMSIS/Device/ST/STM32F4xx/Include -I../Drivers/CMSIS/Include -O0 -ffunction-sections -fdata-sections -Wall -fstack-usage -fcyclomatic-complexity -MMD -MP -MF"Core/Src/main.d" -MT"Core/Src/main.o" --specs=nano.specs -mfpu=fpv4-sp-d16 -mfloat-abi=hard -mthumb -o "Core/Src/main.o"
arm-none-eabi-gcc "../Core/Src/read_temperature.c" -mcpu=cortex-m4 -std=gnu11 -g3 -DDEBUG -DUSE_HAL_DRIVER -DSTM32F401xE -c -I../Core/Inc -I../Drivers/STM32F4xx_HAL_Driver/Inc -I../Drivers/STM32F4xx_HAL_Driver/Inc/Legacy -I../Drivers/CMSIS/Device/ST/STM32F4xx/Include -I../Drivers/CMSIS/Include -O0 -ffunction-sections -fdata-sections -Wall -fstack-usage -fcyclomatic-complexity -MMD -MP -MF"Core/Src/read_temperature.d" -MT"Core/Src/read_temperature.o" --specs=nano.specs -mfpu=fpv4-sp-d16 -mfloat-abi=hard -mthumb -o "Core/Src/read_temperature.o"
arm-none-eabi-gcc -o "MidTermProject.elf" @"objects.list"   -mcpu=cortex-m4 -T"C:\Users\utente\Documents\GitHub\MidTermEmbeddedSystem\MidTermProject\STM32F401RETX_FLASH.ld" --specs=nosys.specs -Wl,-Map="MidTermProject.map" -Wl,--gc-sections -static --specs=nano.specs -mfpu=fpv4-sp-d16 -mfloat-abi=hard -mthumb -u _printf_float -u _scanf_float -Wl,--start-group -lc -lm -Wl,--end-group
Finished building target: MidTermProject.elf
 
arm-none-eabi-size  MidTermProject.elf 
arm-none-eabi-objdump -h -S MidTermProject.elf  > "MidTermProject.list"
   text	   data	    bss	    dec	    hex	filename
  36328	    468	   2052	  38848	   97c0	MidTermProject.elf
Finished building: default.size.stdout
 
Finished building: MidTermProject.list
 
11:38:21 **** Incremental Build of configuration Debug for project MidTermProject ****
make -j8 all 
arm-none-eabi-size  MidTermProject.elf 
   text	   data	    bss	    dec	    hex	filename
  36328	    468	   2052	  38848	   97c0	MidTermProject.elf
Finished building: default.size.stdout
 
11:38:45 **** Incremental Build of configuration Debug for project MidTermProject ****
make -j8 all 
arm-none-eabi-size  MidTermProject.elf 
   text	   data	    bss	    dec	    hex	filename
  36328	    468	   2052	  38848	   97c0	MidTermProject.elf
Finished building: default.size.stdout
 
11:39:00 **** Incremental Build of configuration Debug for project MidTermProject ****
make -j8 all 
arm-none-eabi-size  MidTermProject.elf 
   text	   data	    bss	    dec	    hex	filename
  36328	    468	   2052	  38848	   97c0	MidTermProject.elf
Finished building: default.size.stdout
 
11:40:21 **** Incremental Build of configuration Debug for project MidTermProject ****
make -j8 all 
arm-none-eabi-gcc "../Core/Src/read_temperature.c" -mcpu=cortex-m4 -std=gnu11 -g3 -DDEBUG -DUSE_HAL_DRIVER -DSTM32F401xE -c -I../Core/Inc -I../Drivers/STM32F4xx_HAL_Driver/Inc -I../Drivers/STM32F4xx_HAL_Driver/Inc/Legacy -I../Drivers/CMSIS/Device/ST/STM32F4xx/Include -I../Drivers/CMSIS/Include -O0 -ffunction-sections -fdata-sections -Wall -fstack-usage -fcyclomatic-complexity -MMD -MP -MF"Core/Src/read_temperature.d" -MT"Core/Src/read_temperature.o" --specs=nano.specs -mfpu=fpv4-sp-d16 -mfloat-abi=hard -mthumb -o "Core/Src/read_temperature.o"
arm-none-eabi-gcc -o "MidTermProject.elf" @"objects.list"   -mcpu=cortex-m4 -T"C:\Users\utente\Documents\GitHub\MidTermEmbeddedSystem\MidTermProject\STM32F401RETX_FLASH.ld" --specs=nosys.specs -Wl,-Map="MidTermProject.map" -Wl,--gc-sections -static --specs=nano.specs -mfpu=fpv4-sp-d16 -mfloat-abi=hard -mthumb -u _printf_float -u _scanf_float -Wl,--start-group -lc -lm -Wl,--end-group
Finished building target: MidTermProject.elf
 
arm-none-eabi-size  MidTermProject.elf 
arm-none-eabi-objdump -h -S MidTermProject.elf  > "MidTermProject.list"
   text	   data	    bss	    dec	    hex	filename
  36304	    468	   2052	  38824	   97a8	MidTermProject.elf
Finished building: default.size.stdout
 
Finished building: MidTermProject.list
 
11:40:26 **** Incremental Build of configuration Debug for project MidTermProject ****
make -j8 all 
arm-none-eabi-gcc "../Core/Src/read_temperature.c" -mcpu=cortex-m4 -std=gnu11 -g3 -DDEBUG -DUSE_HAL_DRIVER -DSTM32F401xE -c -I../Core/Inc -I../Drivers/STM32F4xx_HAL_Driver/Inc -I../Drivers/STM32F4xx_HAL_Driver/Inc/Legacy -I../Drivers/CMSIS/Device/ST/STM32F4xx/Include -I../Drivers/CMSIS/Include -O0 -ffunction-sections -fdata-sections -Wall -fstack-usage -fcyclomatic-complexity -MMD -MP -MF"Core/Src/read_temperature.d" -MT"Core/Src/read_temperature.o" --specs=nano.specs -mfpu=fpv4-sp-d16 -mfloat-abi=hard -mthumb -o "Core/Src/read_temperature.o"
arm-none-eabi-gcc -o "MidTermProject.elf" @"objects.list"   -mcpu=cortex-m4 -T"C:\Users\utente\Documents\GitHub\MidTermEmbeddedSystem\MidTermProject\STM32F401RETX_FLASH.ld" --specs=nosys.specs -Wl,-Map="MidTermProject.map" -Wl,--gc-sections -static --specs=nano.specs -mfpu=fpv4-sp-d16 -mfloat-abi=hard -mthumb -u _printf_float -u _scanf_float -Wl,--start-group -lc -lm -Wl,--end-group
Finished building target: MidTermProject.elf
 
arm-none-eabi-size  MidTermProject.elf 
arm-none-eabi-objdump -h -S MidTermProject.elf  > "MidTermProject.list"
   text	   data	    bss	    dec	    hex	filename
  36304	    468	   2052	  38824	   97a8	MidTermProject.elf
Finished building: default.size.stdout
 
Finished building: MidTermProject.list
 
11:40:28 **** Incremental Build of configuration Debug for project MidTermProject ****
make -j8 all 
arm-none-eabi-size  MidTermProject.elf 
   text	   data	    bss	    dec	    hex	filename
  36304	    468	   2052	  38824	   97a8	MidTermProject.elf
Finished building: default.size.stdout
 
11:41:19 **** Incremental Build of configuration Debug for project MidTermProject ****
make -j8 all 
arm-none-eabi-gcc "../Core/Src/read_temperature.c" -mcpu=cortex-m4 -std=gnu11 -g3 -DDEBUG -DUSE_HAL_DRIVER -DSTM32F401xE -c -I../Core/Inc -I../Drivers/STM32F4xx_HAL_Driver/Inc -I../Drivers/STM32F4xx_HAL_Driver/Inc/Legacy -I../Drivers/CMSIS/Device/ST/STM32F4xx/Include -I../Drivers/CMSIS/Include -O0 -ffunction-sections -fdata-sections -Wall -fstack-usage -fcyclomatic-complexity -MMD -MP -MF"Core/Src/read_temperature.d" -MT"Core/Src/read_temperature.o" --specs=nano.specs -mfpu=fpv4-sp-d16 -mfloat-abi=hard -mthumb -o "Core/Src/read_temperature.o"
arm-none-eabi-gcc -o "MidTermProject.elf" @"objects.list"   -mcpu=cortex-m4 -T"C:\Users\utente\Documents\GitHub\MidTermEmbeddedSystem\MidTermProject\STM32F401RETX_FLASH.ld" --specs=nosys.specs -Wl,-Map="MidTermProject.map" -Wl,--gc-sections -static --specs=nano.specs -mfpu=fpv4-sp-d16 -mfloat-abi=hard -mthumb -u _printf_float -u _scanf_float -Wl,--start-group -lc -lm -Wl,--end-group
Finished building target: MidTermProject.elf
 
arm-none-eabi-size  MidTermProject.elf 
arm-none-eabi-objdump -h -S MidTermProject.elf  > "MidTermProject.list"
   text	   data	    bss	    dec	    hex	filename
  35704	    468	   2052	  38224	   9550	MidTermProject.elf
Finished building: default.size.stdout
 
Finished building: MidTermProject.list
 
11:41:21 **** Incremental Build of configuration Debug for project MidTermProject ****
make -j8 all 
arm-none-eabi-size  MidTermProject.elf 
   text	   data	    bss	    dec	    hex	filename
  35704	    468	   2052	  38224	   9550	MidTermProject.elf
Finished building: default.size.stdout
 
11:42:32 **** Incremental Build of configuration Debug for project MidTermProject ****
make -j8 all 
arm-none-eabi-gcc "../Core/Src/main.c" -mcpu=cortex-m4 -std=gnu11 -g3 -DDEBUG -DUSE_HAL_DRIVER -DSTM32F401xE -c -I../Core/Inc -I../Drivers/STM32F4xx_HAL_Driver/Inc -I../Drivers/STM32F4xx_HAL_Driver/Inc/Legacy -I../Drivers/CMSIS/Device/ST/STM32F4xx/Include -I../Drivers/CMSIS/Include -O0 -ffunction-sections -fdata-sections -Wall -fstack-usage -fcyclomatic-complexity -MMD -MP -MF"Core/Src/main.d" -MT"Core/Src/main.o" --specs=nano.specs -mfpu=fpv4-sp-d16 -mfloat-abi=hard -mthumb -o "Core/Src/main.o"
arm-none-eabi-gcc -o "MidTermProject.elf" @"objects.list"   -mcpu=cortex-m4 -T"C:\Users\utente\Documents\GitHub\MidTermEmbeddedSystem\MidTermProject\STM32F401RETX_FLASH.ld" --specs=nosys.specs -Wl,-Map="MidTermProject.map" -Wl,--gc-sections -static --specs=nano.specs -mfpu=fpv4-sp-d16 -mfloat-abi=hard -mthumb -u _printf_float -u _scanf_float -Wl,--start-group -lc -lm -Wl,--end-group
Finished building target: MidTermProject.elf
 
arm-none-eabi-size  MidTermProject.elf 
arm-none-eabi-objdump -h -S MidTermProject.elf  > "MidTermProject.list"
   text	   data	    bss	    dec	    hex	filename
  35640	    468	   2052	  38160	   9510	MidTermProject.elf
Finished building: default.size.stdout
 
Finished building: MidTermProject.list
 
11:42:35 **** Incremental Build of configuration Debug for project MidTermProject ****
make -j8 all 
arm-none-eabi-size  MidTermProject.elf 
   text	   data	    bss	    dec	    hex	filename
  35640	    468	   2052	  38160	   9510	MidTermProject.elf
Finished building: default.size.stdout
 
11:43:16 **** Incremental Build of configuration Debug for project MidTermProject ****
make -j8 all 
arm-none-eabi-gcc "../Core/Src/main.c" -mcpu=cortex-m4 -std=gnu11 -g3 -DDEBUG -DUSE_HAL_DRIVER -DSTM32F401xE -c -I../Core/Inc -I../Drivers/STM32F4xx_HAL_Driver/Inc -I../Drivers/STM32F4xx_HAL_Driver/Inc/Legacy -I../Drivers/CMSIS/Device/ST/STM32F4xx/Include -I../Drivers/CMSIS/Include -O0 -ffunction-sections -fdata-sections -Wall -fstack-usage -fcyclomatic-complexity -MMD -MP -MF"Core/Src/main.d" -MT"Core/Src/main.o" --specs=nano.specs -mfpu=fpv4-sp-d16 -mfloat-abi=hard -mthumb -o "Core/Src/main.o"
arm-none-eabi-gcc -o "MidTermProject.elf" @"objects.list"   -mcpu=cortex-m4 -T"C:\Users\utente\Documents\GitHub\MidTermEmbeddedSystem\MidTermProject\STM32F401RETX_FLASH.ld" --specs=nosys.specs -Wl,-Map="MidTermProject.map" -Wl,--gc-sections -static --specs=nano.specs -mfpu=fpv4-sp-d16 -mfloat-abi=hard -mthumb -u _printf_float -u _scanf_float -Wl,--start-group -lc -lm -Wl,--end-group
Finished building target: MidTermProject.elf
 
arm-none-eabi-size  MidTermProject.elf 
arm-none-eabi-objdump -h -S MidTermProject.elf  > "MidTermProject.list"
   text	   data	    bss	    dec	    hex	filename
  35656	    468	   2052	  38176	   9520	MidTermProject.elf
Finished building: default.size.stdout
 
Finished building: MidTermProject.list
 
11:43:20 **** Incremental Build of configuration Debug for project MidTermProject ****
make -j8 all 
arm-none-eabi-size  MidTermProject.elf 
   text	   data	    bss	    dec	    hex	filename
  35656	    468	   2052	  38176	   9520	MidTermProject.elf
Finished building: default.size.stdout
 
11:43:48 **** Incremental Build of configuration Debug for project MidTermProject ****
make -j8 all 
arm-none-eabi-gcc "../Core/Src/main.c" -mcpu=cortex-m4 -std=gnu11 -g3 -DDEBUG -DUSE_HAL_DRIVER -DSTM32F401xE -c -I../Core/Inc -I../Drivers/STM32F4xx_HAL_Driver/Inc -I../Drivers/STM32F4xx_HAL_Driver/Inc/Legacy -I../Drivers/CMSIS/Device/ST/STM32F4xx/Include -I../Drivers/CMSIS/Include -O0 -ffunction-sections -fdata-sections -Wall -fstack-usage -fcyclomatic-complexity -MMD -MP -MF"Core/Src/main.d" -MT"Core/Src/main.o" --specs=nano.specs -mfpu=fpv4-sp-d16 -mfloat-abi=hard -mthumb -o "Core/Src/main.o"
arm-none-eabi-gcc -o "MidTermProject.elf" @"objects.list"   -mcpu=cortex-m4 -T"C:\Users\utente\Documents\GitHub\MidTermEmbeddedSystem\MidTermProject\STM32F401RETX_FLASH.ld" --specs=nosys.specs -Wl,-Map="MidTermProject.map" -Wl,--gc-sections -static --specs=nano.specs -mfpu=fpv4-sp-d16 -mfloat-abi=hard -mthumb -u _printf_float -u _scanf_float -Wl,--start-group -lc -lm -Wl,--end-group
Finished building target: MidTermProject.elf
 
arm-none-eabi-size  MidTermProject.elf 
arm-none-eabi-objdump -h -S MidTermProject.elf  > "MidTermProject.list"
   text	   data	    bss	    dec	    hex	filename
  35656	    468	   2052	  38176	   9520	MidTermProject.elf
Finished building: default.size.stdout
 
Finished building: MidTermProject.list
 
11:43:51 **** Incremental Build of configuration Debug for project MidTermProject ****
make -j8 all 
arm-none-eabi-size  MidTermProject.elf 
   text	   data	    bss	    dec	    hex	filename
  35656	    468	   2052	  38176	   9520	MidTermProject.elf
Finished building: default.size.stdout
 
11:45:01 **** Incremental Build of configuration Debug for project MidTermProject ****
make -j8 all 
arm-none-eabi-gcc "../Core/Src/main.c" -mcpu=cortex-m4 -std=gnu11 -g3 -DDEBUG -DUSE_HAL_DRIVER -DSTM32F401xE -c -I../Core/Inc -I../Drivers/STM32F4xx_HAL_Driver/Inc -I../Drivers/STM32F4xx_HAL_Driver/Inc/Legacy -I../Drivers/CMSIS/Device/ST/STM32F4xx/Include -I../Drivers/CMSIS/Include -O0 -ffunction-sections -fdata-sections -Wall -fstack-usage -fcyclomatic-complexity -MMD -MP -MF"Core/Src/main.d" -MT"Core/Src/main.o" --specs=nano.specs -mfpu=fpv4-sp-d16 -mfloat-abi=hard -mthumb -o "Core/Src/main.o"
../Core/Src/main.c: In function 'main':
../Core/Src/main.c:151:11: warning: "/*" within comment [-Wcomment]
  151 |           /*
      |            
../Core/Src/main.c:164:31: warning: 'singleConvMode' is used uninitialized [-Wuninitialized]
  164 |                           if( switch_channel_and_read(&data_out, &hadc1, ADC_CHANNEL_0, ADC_SAMPLETIME_3CYCLES, singleConvMode) != HAL_OK){
      |                               ^~~~~~~~~~~~~~~~~~~~~~~~~~~~~~~~~~~~~~~~~~~~~~~~~~~~~~~~~~~~~~~~~~~~~~~~~~~~~~~~~~~~~~~~~~~~~~~~~
../Core/Src/main.c:114:7: note: 'singleConvMode' was declared here
  114 |   int singleConvMode;
      |       ^~~~~~~~~~~~~~
../Core/Src/main.c:193:28: warning: 't1' may be used uninitialized [-Wmaybe-uninitialized]
  193 |           HAL_Delay(100-(t2-t1));
      |                         ~~~^~~~
../Core/Src/main.c:111:12: note: 't1' was declared here
  111 |   uint32_t t1,t2;
      |            ^~
arm-none-eabi-gcc -o "MidTermProject.elf" @"objects.list"   -mcpu=cortex-m4 -T"C:\Users\utente\Documents\GitHub\MidTermEmbeddedSystem\MidTermProject\STM32F401RETX_FLASH.ld" --specs=nosys.specs -Wl,-Map="MidTermProject.map" -Wl,--gc-sections -static --specs=nano.specs -mfpu=fpv4-sp-d16 -mfloat-abi=hard -mthumb -u _printf_float -u _scanf_float -Wl,--start-group -lc -lm -Wl,--end-group
Finished building target: MidTermProject.elf
 
arm-none-eabi-size  MidTermProject.elf 
arm-none-eabi-objdump -h -S MidTermProject.elf  > "MidTermProject.list"
   text	   data	    bss	    dec	    hex	filename
  35624	    468	   2052	  38144	   9500	MidTermProject.elf
Finished building: default.size.stdout
 
Finished building: MidTermProject.list
 
11:45:07 **** Incremental Build of configuration Debug for project MidTermProject ****
make -j8 all 
arm-none-eabi-size  MidTermProject.elf 
   text	   data	    bss	    dec	    hex	filename
  35624	    468	   2052	  38144	   9500	MidTermProject.elf
Finished building: default.size.stdout
 
11:45:43 **** Incremental Build of configuration Debug for project MidTermProject ****
make -j8 all 
arm-none-eabi-gcc "../Core/Src/main.c" -mcpu=cortex-m4 -std=gnu11 -g3 -DDEBUG -DUSE_HAL_DRIVER -DSTM32F401xE -c -I../Core/Inc -I../Drivers/STM32F4xx_HAL_Driver/Inc -I../Drivers/STM32F4xx_HAL_Driver/Inc/Legacy -I../Drivers/CMSIS/Device/ST/STM32F4xx/Include -I../Drivers/CMSIS/Include -O0 -ffunction-sections -fdata-sections -Wall -fstack-usage -fcyclomatic-complexity -MMD -MP -MF"Core/Src/main.d" -MT"Core/Src/main.o" --specs=nano.specs -mfpu=fpv4-sp-d16 -mfloat-abi=hard -mthumb -o "Core/Src/main.o"
../Core/Src/main.c: In function 'main':
../Core/Src/main.c:151:11: warning: "/*" within comment [-Wcomment]
  151 |           /*
      |            
../Core/Src/main.c:164:31: warning: 'singleConvMode' is used uninitialized [-Wuninitialized]
  164 |                           if( switch_channel_and_read(&data_out, &hadc1, ADC_CHANNEL_0, ADC_SAMPLETIME_3CYCLES, singleConvMode) != HAL_OK){
      |                               ^~~~~~~~~~~~~~~~~~~~~~~~~~~~~~~~~~~~~~~~~~~~~~~~~~~~~~~~~~~~~~~~~~~~~~~~~~~~~~~~~~~~~~~~~~~~~~~~~
../Core/Src/main.c:114:7: note: 'singleConvMode' was declared here
  114 |   int singleConvMode;
      |       ^~~~~~~~~~~~~~
../Core/Src/main.c:193:28: warning: 't1' may be used uninitialized [-Wmaybe-uninitialized]
  193 |           HAL_Delay(100-(t2-t1));
      |                         ~~~^~~~
../Core/Src/main.c:111:12: note: 't1' was declared here
  111 |   uint32_t t1,t2;
      |            ^~
arm-none-eabi-gcc -o "MidTermProject.elf" @"objects.list"   -mcpu=cortex-m4 -T"C:\Users\utente\Documents\GitHub\MidTermEmbeddedSystem\MidTermProject\STM32F401RETX_FLASH.ld" --specs=nosys.specs -Wl,-Map="MidTermProject.map" -Wl,--gc-sections -static --specs=nano.specs -mfpu=fpv4-sp-d16 -mfloat-abi=hard -mthumb -u _printf_float -u _scanf_float -Wl,--start-group -lc -lm -Wl,--end-group
Finished building target: MidTermProject.elf
 
arm-none-eabi-size  MidTermProject.elf 
arm-none-eabi-objdump -h -S MidTermProject.elf  > "MidTermProject.list"
   text	   data	    bss	    dec	    hex	filename
  34304	    468	   2052	  36824	   8fd8	MidTermProject.elf
Finished building: default.size.stdout
 
Finished building: MidTermProject.list
 
11:45:47 **** Incremental Build of configuration Debug for project MidTermProject ****
make -j8 all 
arm-none-eabi-size  MidTermProject.elf 
   text	   data	    bss	    dec	    hex	filename
  34304	    468	   2052	  36824	   8fd8	MidTermProject.elf
Finished building: default.size.stdout
 
11:46:23 **** Incremental Build of configuration Debug for project MidTermProject ****
make -j8 all 
arm-none-eabi-size  MidTermProject.elf 
   text	   data	    bss	    dec	    hex	filename
  34304	    468	   2052	  36824	   8fd8	MidTermProject.elf
Finished building: default.size.stdout
 
11:47:12 **** Incremental Build of configuration Debug for project MidTermProject ****
make -j8 all 
arm-none-eabi-gcc "../Core/Src/main.c" -mcpu=cortex-m4 -std=gnu11 -g3 -DDEBUG -DUSE_HAL_DRIVER -DSTM32F401xE -c -I../Core/Inc -I../Drivers/STM32F4xx_HAL_Driver/Inc -I../Drivers/STM32F4xx_HAL_Driver/Inc/Legacy -I../Drivers/CMSIS/Device/ST/STM32F4xx/Include -I../Drivers/CMSIS/Include -O0 -ffunction-sections -fdata-sections -Wall -fstack-usage -fcyclomatic-complexity -MMD -MP -MF"Core/Src/main.d" -MT"Core/Src/main.o" --specs=nano.specs -mfpu=fpv4-sp-d16 -mfloat-abi=hard -mthumb -o "Core/Src/main.o"
../Core/Src/main.c: In function 'main':
../Core/Src/main.c:151:11: warning: "/*" within comment [-Wcomment]
  151 |           /*
      |            
../Core/Src/main.c:111:15: warning: variable 't2' set but not used [-Wunused-but-set-variable]
  111 |   uint32_t t1,t2;
      |               ^~
../Core/Src/main.c:111:12: warning: unused variable 't1' [-Wunused-variable]
  111 |   uint32_t t1,t2;
      |            ^~
../Core/Src/main.c:164:31: warning: 'singleConvMode' is used uninitialized [-Wuninitialized]
  164 |                           if( switch_channel_and_read(&data_out, &hadc1, ADC_CHANNEL_0, ADC_SAMPLETIME_3CYCLES, singleConvMode) != HAL_OK){
      |                               ^~~~~~~~~~~~~~~~~~~~~~~~~~~~~~~~~~~~~~~~~~~~~~~~~~~~~~~~~~~~~~~~~~~~~~~~~~~~~~~~~~~~~~~~~~~~~~~~~
../Core/Src/main.c:114:7: note: 'singleConvMode' was declared here
  114 |   int singleConvMode;
      |       ^~~~~~~~~~~~~~
arm-none-eabi-gcc -o "MidTermProject.elf" @"objects.list"   -mcpu=cortex-m4 -T"C:\Users\utente\Documents\GitHub\MidTermEmbeddedSystem\MidTermProject\STM32F401RETX_FLASH.ld" --specs=nosys.specs -Wl,-Map="MidTermProject.map" -Wl,--gc-sections -static --specs=nano.specs -mfpu=fpv4-sp-d16 -mfloat-abi=hard -mthumb -u _printf_float -u _scanf_float -Wl,--start-group -lc -lm -Wl,--end-group
Finished building target: MidTermProject.elf
 
arm-none-eabi-size  MidTermProject.elf 
arm-none-eabi-objdump -h -S MidTermProject.elf  > "MidTermProject.list"
   text	   data	    bss	    dec	    hex	filename
  34216	    468	   2052	  36736	   8f80	MidTermProject.elf
Finished building: default.size.stdout
 
Finished building: MidTermProject.list
 
11:47:15 **** Incremental Build of configuration Debug for project MidTermProject ****
make -j8 all 
arm-none-eabi-size  MidTermProject.elf 
   text	   data	    bss	    dec	    hex	filename
  34216	    468	   2052	  36736	   8f80	MidTermProject.elf
Finished building: default.size.stdout
 
11:47:52 **** Incremental Build of configuration Debug for project MidTermProject ****
make -j8 all 
arm-none-eabi-gcc "../Core/Src/main.c" -mcpu=cortex-m4 -std=gnu11 -g3 -DDEBUG -DUSE_HAL_DRIVER -DSTM32F401xE -c -I../Core/Inc -I../Drivers/STM32F4xx_HAL_Driver/Inc -I../Drivers/STM32F4xx_HAL_Driver/Inc/Legacy -I../Drivers/CMSIS/Device/ST/STM32F4xx/Include -I../Drivers/CMSIS/Include -O0 -ffunction-sections -fdata-sections -Wall -fstack-usage -fcyclomatic-complexity -MMD -MP -MF"Core/Src/main.d" -MT"Core/Src/main.o" --specs=nano.specs -mfpu=fpv4-sp-d16 -mfloat-abi=hard -mthumb -o "Core/Src/main.o"
../Core/Src/main.c: In function 'main':
../Core/Src/main.c:151:11: warning: "/*" within comment [-Wcomment]
  151 |           /*
      |            
../Core/Src/main.c:114:7: warning: unused variable 'singleConvMode' [-Wunused-variable]
  114 |   int singleConvMode;
      |       ^~~~~~~~~~~~~~
../Core/Src/main.c:112:12: warning: unused variable 'data_out' [-Wunused-variable]
  112 |   uint16_t data_out;
      |            ^~~~~~~~
../Core/Src/main.c:193:28: warning: 't1' may be used uninitialized [-Wmaybe-uninitialized]
  193 |           HAL_Delay(100-(t2-t1));
      |                         ~~~^~~~
../Core/Src/main.c:111:12: note: 't1' was declared here
  111 |   uint32_t t1,t2;
      |            ^~
arm-none-eabi-gcc -o "MidTermProject.elf" @"objects.list"   -mcpu=cortex-m4 -T"C:\Users\utente\Documents\GitHub\MidTermEmbeddedSystem\MidTermProject\STM32F401RETX_FLASH.ld" --specs=nosys.specs -Wl,-Map="MidTermProject.map" -Wl,--gc-sections -static --specs=nano.specs -mfpu=fpv4-sp-d16 -mfloat-abi=hard -mthumb -u _printf_float -u _scanf_float -Wl,--start-group -lc -lm -Wl,--end-group
Finished building target: MidTermProject.elf
 
arm-none-eabi-size  MidTermProject.elf 
arm-none-eabi-objdump -h -S MidTermProject.elf  > "MidTermProject.list"
   text	   data	    bss	    dec	    hex	filename
  33536	    468	   2052	  36056	   8cd8	MidTermProject.elf
Finished building: default.size.stdout
 
Finished building: MidTermProject.list
 
[...]
../Core/Src/main.c: In function 'main':
../Core/Src/main.c:129:17: warning: unused variable 'b_state' [-Wunused-variable]
  129 |   GPIO_PinState b_state;
      |                 ^~~~~~~
../Core/Src/main.c:118:15: warning: variable 't2' set but not used [-Wunused-but-set-variable]
  118 |   uint32_t t1,t2;
      |               ^~
../Core/Src/main.c:118:12: warning: variable 't1' set but not used [-Wunused-but-set-variable]
  118 |   uint32_t t1,t2;
      |            ^~
arm-none-eabi-gcc -o "MidTermProject.elf" @"objects.list"   -mcpu=cortex-m4 -T"C:\Users\utente\Documents\GitHub\MidTermEmbeddedSystem\MidTermProject\STM32F401RETX_FLASH.ld" --specs=nosys.specs -Wl,-Map="MidTermProject.map" -Wl,--gc-sections -static --specs=nano.specs -mfpu=fpv4-sp-d16 -mfloat-abi=hard -mthumb -u _printf_float -u _scanf_float -Wl,--start-group -lc -lm -Wl,--end-group
Finished building target: MidTermProject.elf
 
arm-none-eabi-size  MidTermProject.elf 
arm-none-eabi-objdump -h -S MidTermProject.elf  > "MidTermProject.list"
   text	   data	    bss	    dec	    hex	filename
  35788	    468	   2052	  38308	   95a4	MidTermProject.elf
Finished building: default.size.stdout
 
Finished building: MidTermProject.list
 
19:30:32 **** Incremental Build of configuration Debug for project MidTermProject ****
make -j8 all 
arm-none-eabi-size  MidTermProject.elf 
   text	   data	    bss	    dec	    hex	filename
  35788	    468	   2052	  38308	   95a4	MidTermProject.elf
Finished building: default.size.stdout
 
19:31:20 **** Incremental Build of configuration Debug for project MidTermProject ****
make -j8 all 
arm-none-eabi-gcc "../Core/Src/ECG_module.c" -mcpu=cortex-m4 -std=gnu11 -g3 -DDEBUG -DUSE_HAL_DRIVER -DSTM32F401xE -c -I../Core/Inc -I../Drivers/STM32F4xx_HAL_Driver/Inc -I../Drivers/STM32F4xx_HAL_Driver/Inc/Legacy -I../Drivers/CMSIS/Device/ST/STM32F4xx/Include -I../Drivers/CMSIS/Include -O0 -ffunction-sections -fdata-sections -Wall -fstack-usage -fcyclomatic-complexity -MMD -MP -MF"Core/Src/ECG_module.d" -MT"Core/Src/ECG_module.o" --specs=nano.specs -mfpu=fpv4-sp-d16 -mfloat-abi=hard -mthumb -o "Core/Src/ECG_module.o"
arm-none-eabi-gcc "../Core/Src/main.c" -mcpu=cortex-m4 -std=gnu11 -g3 -DDEBUG -DUSE_HAL_DRIVER -DSTM32F401xE -c -I../Core/Inc -I../Drivers/STM32F4xx_HAL_Driver/Inc -I../Drivers/STM32F4xx_HAL_Driver/Inc/Legacy -I../Drivers/CMSIS/Device/ST/STM32F4xx/Include -I../Drivers/CMSIS/Include -O0 -ffunction-sections -fdata-sections -Wall -fstack-usage -fcyclomatic-complexity -MMD -MP -MF"Core/Src/main.d" -MT"Core/Src/main.o" --specs=nano.specs -mfpu=fpv4-sp-d16 -mfloat-abi=hard -mthumb -o "Core/Src/main.o"
../Core/Src/main.c: In function 'main':
../Core/Src/main.c:129:17: warning: unused variable 'b_state' [-Wunused-variable]
  129 |   GPIO_PinState b_state;
      |                 ^~~~~~~
../Core/Src/main.c:118:15: warning: variable 't2' set but not used [-Wunused-but-set-variable]
  118 |   uint32_t t1,t2;
      |               ^~
../Core/Src/main.c:118:12: warning: variable 't1' set but not used [-Wunused-but-set-variable]
  118 |   uint32_t t1,t2;
      |            ^~
arm-none-eabi-gcc -o "MidTermProject.elf" @"objects.list"   -mcpu=cortex-m4 -T"C:\Users\utente\Documents\GitHub\MidTermEmbeddedSystem\MidTermProject\STM32F401RETX_FLASH.ld" --specs=nosys.specs -Wl,-Map="MidTermProject.map" -Wl,--gc-sections -static --specs=nano.specs -mfpu=fpv4-sp-d16 -mfloat-abi=hard -mthumb -u _printf_float -u _scanf_float -Wl,--start-group -lc -lm -Wl,--end-group
Finished building target: MidTermProject.elf
 
arm-none-eabi-size  MidTermProject.elf 
arm-none-eabi-objdump -h -S MidTermProject.elf  > "MidTermProject.list"
   text	   data	    bss	    dec	    hex	filename
  35804	    468	   2052	  38324	   95b4	MidTermProject.elf
Finished building: default.size.stdout
 
Finished building: MidTermProject.list
 
19:31:23 **** Incremental Build of configuration Debug for project MidTermProject ****
make -j8 all 
arm-none-eabi-size  MidTermProject.elf 
   text	   data	    bss	    dec	    hex	filename
  35804	    468	   2052	  38324	   95b4	MidTermProject.elf
Finished building: default.size.stdout
 
19:32:13 **** Incremental Build of configuration Debug for project MidTermProject ****
make -j8 all 
arm-none-eabi-gcc "../Core/Src/main.c" -mcpu=cortex-m4 -std=gnu11 -g3 -DDEBUG -DUSE_HAL_DRIVER -DSTM32F401xE -c -I../Core/Inc -I../Drivers/STM32F4xx_HAL_Driver/Inc -I../Drivers/STM32F4xx_HAL_Driver/Inc/Legacy -I../Drivers/CMSIS/Device/ST/STM32F4xx/Include -I../Drivers/CMSIS/Include -O0 -ffunction-sections -fdata-sections -Wall -fstack-usage -fcyclomatic-complexity -MMD -MP -MF"Core/Src/main.d" -MT"Core/Src/main.o" --specs=nano.specs -mfpu=fpv4-sp-d16 -mfloat-abi=hard -mthumb -o "Core/Src/main.o"
../Core/Src/main.c: In function 'main':
../Core/Src/main.c:129:17: warning: unused variable 'b_state' [-Wunused-variable]
  129 |   GPIO_PinState b_state;
      |                 ^~~~~~~
../Core/Src/main.c:118:15: warning: variable 't2' set but not used [-Wunused-but-set-variable]
  118 |   uint32_t t1,t2;
      |               ^~
../Core/Src/main.c:118:12: warning: variable 't1' set but not used [-Wunused-but-set-variable]
  118 |   uint32_t t1,t2;
      |            ^~
arm-none-eabi-gcc -o "MidTermProject.elf" @"objects.list"   -mcpu=cortex-m4 -T"C:\Users\utente\Documents\GitHub\MidTermEmbeddedSystem\MidTermProject\STM32F401RETX_FLASH.ld" --specs=nosys.specs -Wl,-Map="MidTermProject.map" -Wl,--gc-sections -static --specs=nano.specs -mfpu=fpv4-sp-d16 -mfloat-abi=hard -mthumb -u _printf_float -u _scanf_float -Wl,--start-group -lc -lm -Wl,--end-group
Finished building target: MidTermProject.elf
 
arm-none-eabi-size  MidTermProject.elf 
arm-none-eabi-objdump -h -S MidTermProject.elf  > "MidTermProject.list"
   text	   data	    bss	    dec	    hex	filename
  35804	    468	   2052	  38324	   95b4	MidTermProject.elf
Finished building: default.size.stdout
 
Finished building: MidTermProject.list
 
19:32:30 **** Incremental Build of configuration Debug for project MidTermProject ****
make -j8 all 
arm-none-eabi-size  MidTermProject.elf 
   text	   data	    bss	    dec	    hex	filename
  35804	    468	   2052	  38324	   95b4	MidTermProject.elf
Finished building: default.size.stdout
 
19:32:43 **** Incremental Build of configuration Debug for project MidTermProject ****
make -j8 all 
arm-none-eabi-size  MidTermProject.elf 
   text	   data	    bss	    dec	    hex	filename
  35804	    468	   2052	  38324	   95b4	MidTermProject.elf
Finished building: default.size.stdout
 
19:34:01 **** Incremental Build of configuration Debug for project MidTermProject ****
make -j8 all 
arm-none-eabi-gcc "../Core/Src/main.c" -mcpu=cortex-m4 -std=gnu11 -g3 -DDEBUG -DUSE_HAL_DRIVER -DSTM32F401xE -c -I../Core/Inc -I../Drivers/STM32F4xx_HAL_Driver/Inc -I../Drivers/STM32F4xx_HAL_Driver/Inc/Legacy -I../Drivers/CMSIS/Device/ST/STM32F4xx/Include -I../Drivers/CMSIS/Include -O0 -ffunction-sections -fdata-sections -Wall -fstack-usage -fcyclomatic-complexity -MMD -MP -MF"Core/Src/main.d" -MT"Core/Src/main.o" --specs=nano.specs -mfpu=fpv4-sp-d16 -mfloat-abi=hard -mthumb -o "Core/Src/main.o"
../Core/Src/main.c: In function 'main':
../Core/Src/main.c:129:17: warning: unused variable 'b_state' [-Wunused-variable]
  129 |   GPIO_PinState b_state;
      |                 ^~~~~~~
../Core/Src/main.c:118:15: warning: variable 't2' set but not used [-Wunused-but-set-variable]
  118 |   uint32_t t1,t2;
      |               ^~
../Core/Src/main.c:118:12: warning: variable 't1' set but not used [-Wunused-but-set-variable]
  118 |   uint32_t t1,t2;
      |            ^~
../Core/Src/main.c: At top level:
../Core/Src/main.c:222:1: error: expected identifier or '(' before '}' token
  222 | }
      | ^
make: *** [Core/Src/subdir.mk:64: Core/Src/main.o] Error 1
"make -j8 all" terminated with exit code 2. Build might be incomplete.
19:34:23 **** Incremental Build of configuration Debug for project MidTermProject ****
make -j8 all 
arm-none-eabi-gcc "../Core/Src/main.c" -mcpu=cortex-m4 -std=gnu11 -g3 -DDEBUG -DUSE_HAL_DRIVER -DSTM32F401xE -c -I../Core/Inc -I../Drivers/STM32F4xx_HAL_Driver/Inc -I../Drivers/STM32F4xx_HAL_Driver/Inc/Legacy -I../Drivers/CMSIS/Device/ST/STM32F4xx/Include -I../Drivers/CMSIS/Include -O0 -ffunction-sections -fdata-sections -Wall -fstack-usage -fcyclomatic-complexity -MMD -MP -MF"Core/Src/main.d" -MT"Core/Src/main.o" --specs=nano.specs -mfpu=fpv4-sp-d16 -mfloat-abi=hard -mthumb -o "Core/Src/main.o"
../Core/Src/main.c: In function 'main':
../Core/Src/main.c:129:17: warning: unused variable 'b_state' [-Wunused-variable]
  129 |   GPIO_PinState b_state;
      |                 ^~~~~~~
../Core/Src/main.c:118:15: warning: variable 't2' set but not used [-Wunused-but-set-variable]
  118 |   uint32_t t1,t2;
      |               ^~
../Core/Src/main.c:118:12: warning: variable 't1' set but not used [-Wunused-but-set-variable]
  118 |   uint32_t t1,t2;
      |            ^~
arm-none-eabi-gcc -o "MidTermProject.elf" @"objects.list"   -mcpu=cortex-m4 -T"C:\Users\utente\Documents\GitHub\MidTermEmbeddedSystem\MidTermProject\STM32F401RETX_FLASH.ld" --specs=nosys.specs -Wl,-Map="MidTermProject.map" -Wl,--gc-sections -static --specs=nano.specs -mfpu=fpv4-sp-d16 -mfloat-abi=hard -mthumb -u _printf_float -u _scanf_float -Wl,--start-group -lc -lm -Wl,--end-group
Finished building target: MidTermProject.elf
 
arm-none-eabi-size  MidTermProject.elf 
arm-none-eabi-objdump -h -S MidTermProject.elf  > "MidTermProject.list"
   text	   data	    bss	    dec	    hex	filename
  34232	    468	   2052	  36752	   8f90	MidTermProject.elf
Finished building: default.size.stdout
 
Finished building: MidTermProject.list
 
19:35:37 **** Incremental Build of configuration Debug for project MidTermProject ****
make -j8 all 
arm-none-eabi-gcc "../Core/Src/main.c" -mcpu=cortex-m4 -std=gnu11 -g3 -DDEBUG -DUSE_HAL_DRIVER -DSTM32F401xE -c -I../Core/Inc -I../Drivers/STM32F4xx_HAL_Driver/Inc -I../Drivers/STM32F4xx_HAL_Driver/Inc/Legacy -I../Drivers/CMSIS/Device/ST/STM32F4xx/Include -I../Drivers/CMSIS/Include -O0 -ffunction-sections -fdata-sections -Wall -fstack-usage -fcyclomatic-complexity -MMD -MP -MF"Core/Src/main.d" -MT"Core/Src/main.o" --specs=nano.specs -mfpu=fpv4-sp-d16 -mfloat-abi=hard -mthumb -o "Core/Src/main.o"
../Core/Src/main.c: In function 'main':
../Core/Src/main.c:129:17: warning: unused variable 'b_state' [-Wunused-variable]
  129 |   GPIO_PinState b_state;
      |                 ^~~~~~~
../Core/Src/main.c:118:15: warning: variable 't2' set but not used [-Wunused-but-set-variable]
  118 |   uint32_t t1,t2;
      |               ^~
../Core/Src/main.c:118:12: warning: variable 't1' set but not used [-Wunused-but-set-variable]
  118 |   uint32_t t1,t2;
      |            ^~
arm-none-eabi-gcc -o "MidTermProject.elf" @"objects.list"   -mcpu=cortex-m4 -T"C:\Users\utente\Documents\GitHub\MidTermEmbeddedSystem\MidTermProject\STM32F401RETX_FLASH.ld" --specs=nosys.specs -Wl,-Map="MidTermProject.map" -Wl,--gc-sections -static --specs=nano.specs -mfpu=fpv4-sp-d16 -mfloat-abi=hard -mthumb -u _printf_float -u _scanf_float -Wl,--start-group -lc -lm -Wl,--end-group
Finished building target: MidTermProject.elf
 
arm-none-eabi-size  MidTermProject.elf 
arm-none-eabi-objdump -h -S MidTermProject.elf  > "MidTermProject.list"
   text	   data	    bss	    dec	    hex	filename
  34232	    468	   2052	  36752	   8f90	MidTermProject.elf
Finished building: default.size.stdout
 
Finished building: MidTermProject.list
 
19:36:46 **** Incremental Build of configuration Debug for project MidTermProject ****
make -j8 all 
arm-none-eabi-gcc "../Core/Src/ECG_module.c" -mcpu=cortex-m4 -std=gnu11 -g3 -DDEBUG -DUSE_HAL_DRIVER -DSTM32F401xE -c -I../Core/Inc -I../Drivers/STM32F4xx_HAL_Driver/Inc -I../Drivers/STM32F4xx_HAL_Driver/Inc/Legacy -I../Drivers/CMSIS/Device/ST/STM32F4xx/Include -I../Drivers/CMSIS/Include -O0 -ffunction-sections -fdata-sections -Wall -fstack-usage -fcyclomatic-complexity -MMD -MP -MF"Core/Src/ECG_module.d" -MT"Core/Src/ECG_module.o" --specs=nano.specs -mfpu=fpv4-sp-d16 -mfloat-abi=hard -mthumb -o "Core/Src/ECG_module.o"
arm-none-eabi-gcc "../Core/Src/main.c" -mcpu=cortex-m4 -std=gnu11 -g3 -DDEBUG -DUSE_HAL_DRIVER -DSTM32F401xE -c -I../Core/Inc -I../Drivers/STM32F4xx_HAL_Driver/Inc -I../Drivers/STM32F4xx_HAL_Driver/Inc/Legacy -I../Drivers/CMSIS/Device/ST/STM32F4xx/Include -I../Drivers/CMSIS/Include -O0 -ffunction-sections -fdata-sections -Wall -fstack-usage -fcyclomatic-complexity -MMD -MP -MF"Core/Src/main.d" -MT"Core/Src/main.o" --specs=nano.specs -mfpu=fpv4-sp-d16 -mfloat-abi=hard -mthumb -o "Core/Src/main.o"
../Core/Src/main.c: In function 'main':
../Core/Src/main.c:129:17: warning: unused variable 'b_state' [-Wunused-variable]
  129 |   GPIO_PinState b_state;
      |                 ^~~~~~~
../Core/Src/main.c:118:15: warning: variable 't2' set but not used [-Wunused-but-set-variable]
  118 |   uint32_t t1,t2;
      |               ^~
../Core/Src/main.c:118:12: warning: variable 't1' set but not used [-Wunused-but-set-variable]
  118 |   uint32_t t1,t2;
      |            ^~
arm-none-eabi-gcc -o "MidTermProject.elf" @"objects.list"   -mcpu=cortex-m4 -T"C:\Users\utente\Documents\GitHub\MidTermEmbeddedSystem\MidTermProject\STM32F401RETX_FLASH.ld" --specs=nosys.specs -Wl,-Map="MidTermProject.map" -Wl,--gc-sections -static --specs=nano.specs -mfpu=fpv4-sp-d16 -mfloat-abi=hard -mthumb -u _printf_float -u _scanf_float -Wl,--start-group -lc -lm -Wl,--end-group
Finished building target: MidTermProject.elf
 
arm-none-eabi-size  MidTermProject.elf 
arm-none-eabi-objdump -h -S MidTermProject.elf  > "MidTermProject.list"
   text	   data	    bss	    dec	    hex	filename
  35764	    468	   2052	  38284	   958c	MidTermProject.elf
Finished building: default.size.stdout
 
Finished building: MidTermProject.list
 
19:37:31 **** Incremental Build of configuration Debug for project MidTermProject ****
make -j8 all 
arm-none-eabi-gcc "../Core/Src/ECG_module.c" -mcpu=cortex-m4 -std=gnu11 -g3 -DDEBUG -DUSE_HAL_DRIVER -DSTM32F401xE -c -I../Core/Inc -I../Drivers/STM32F4xx_HAL_Driver/Inc -I../Drivers/STM32F4xx_HAL_Driver/Inc/Legacy -I../Drivers/CMSIS/Device/ST/STM32F4xx/Include -I../Drivers/CMSIS/Include -O0 -ffunction-sections -fdata-sections -Wall -fstack-usage -fcyclomatic-complexity -MMD -MP -MF"Core/Src/ECG_module.d" -MT"Core/Src/ECG_module.o" --specs=nano.specs -mfpu=fpv4-sp-d16 -mfloat-abi=hard -mthumb -o "Core/Src/ECG_module.o"
arm-none-eabi-gcc -o "MidTermProject.elf" @"objects.list"   -mcpu=cortex-m4 -T"C:\Users\utente\Documents\GitHub\MidTermEmbeddedSystem\MidTermProject\STM32F401RETX_FLASH.ld" --specs=nosys.specs -Wl,-Map="MidTermProject.map" -Wl,--gc-sections -static --specs=nano.specs -mfpu=fpv4-sp-d16 -mfloat-abi=hard -mthumb -u _printf_float -u _scanf_float -Wl,--start-group -lc -lm -Wl,--end-group
Finished building target: MidTermProject.elf
 
arm-none-eabi-size  MidTermProject.elf 
arm-none-eabi-objdump -h -S MidTermProject.elf  > "MidTermProject.list"
   text	   data	    bss	    dec	    hex	filename
  35724	    468	   2052	  38244	   9564	MidTermProject.elf
Finished building: default.size.stdout
 
Finished building: MidTermProject.list
 
19:44:04 **** Incremental Build of configuration Debug for project MidTermProject ****
make -j8 all 
arm-none-eabi-gcc "../Core/Src/ECG_module.c" -mcpu=cortex-m4 -std=gnu11 -g3 -DDEBUG -DUSE_HAL_DRIVER -DSTM32F401xE -c -I../Core/Inc -I../Drivers/STM32F4xx_HAL_Driver/Inc -I../Drivers/STM32F4xx_HAL_Driver/Inc/Legacy -I../Drivers/CMSIS/Device/ST/STM32F4xx/Include -I../Drivers/CMSIS/Include -O0 -ffunction-sections -fdata-sections -Wall -fstack-usage -fcyclomatic-complexity -MMD -MP -MF"Core/Src/ECG_module.d" -MT"Core/Src/ECG_module.o" --specs=nano.specs -mfpu=fpv4-sp-d16 -mfloat-abi=hard -mthumb -o "Core/Src/ECG_module.o"
arm-none-eabi-gcc -o "MidTermProject.elf" @"objects.list"   -mcpu=cortex-m4 -T"C:\Users\utente\Documents\GitHub\MidTermEmbeddedSystem\MidTermProject\STM32F401RETX_FLASH.ld" --specs=nosys.specs -Wl,-Map="MidTermProject.map" -Wl,--gc-sections -static --specs=nano.specs -mfpu=fpv4-sp-d16 -mfloat-abi=hard -mthumb -u _printf_float -u _scanf_float -Wl,--start-group -lc -lm -Wl,--end-group
Finished building target: MidTermProject.elf
 
arm-none-eabi-size  MidTermProject.elf 
arm-none-eabi-objdump -h -S MidTermProject.elf  > "MidTermProject.list"
   text	   data	    bss	    dec	    hex	filename
  35604	    468	   2052	  38124	   94ec	MidTermProject.elf
Finished building: default.size.stdout
 
Finished building: MidTermProject.list
 
19:48:59 **** Incremental Build of configuration Debug for project MidTermProject ****
make -j8 all 
arm-none-eabi-gcc "../Core/Src/ECG_module.c" -mcpu=cortex-m4 -std=gnu11 -g3 -DDEBUG -DUSE_HAL_DRIVER -DSTM32F401xE -c -I../Core/Inc -I../Drivers/STM32F4xx_HAL_Driver/Inc -I../Drivers/STM32F4xx_HAL_Driver/Inc/Legacy -I../Drivers/CMSIS/Device/ST/STM32F4xx/Include -I../Drivers/CMSIS/Include -O0 -ffunction-sections -fdata-sections -Wall -fstack-usage -fcyclomatic-complexity -MMD -MP -MF"Core/Src/ECG_module.d" -MT"Core/Src/ECG_module.o" --specs=nano.specs -mfpu=fpv4-sp-d16 -mfloat-abi=hard -mthumb -o "Core/Src/ECG_module.o"
arm-none-eabi-gcc -o "MidTermProject.elf" @"objects.list"   -mcpu=cortex-m4 -T"C:\Users\utente\Documents\GitHub\MidTermEmbeddedSystem\MidTermProject\STM32F401RETX_FLASH.ld" --specs=nosys.specs -Wl,-Map="MidTermProject.map" -Wl,--gc-sections -static --specs=nano.specs -mfpu=fpv4-sp-d16 -mfloat-abi=hard -mthumb -u _printf_float -u _scanf_float -Wl,--start-group -lc -lm -Wl,--end-group
Finished building target: MidTermProject.elf
 
arm-none-eabi-size  MidTermProject.elf 
arm-none-eabi-objdump -h -S MidTermProject.elf  > "MidTermProject.list"
   text	   data	    bss	    dec	    hex	filename
  35684	    468	   2052	  38204	   953c	MidTermProject.elf
Finished building: default.size.stdout
 
Finished building: MidTermProject.list
 
19:49:09 **** Incremental Build of configuration Debug for project MidTermProject ****
make -j8 all 
arm-none-eabi-size  MidTermProject.elf 
   text	   data	    bss	    dec	    hex	filename
  35684	    468	   2052	  38204	   953c	MidTermProject.elf
Finished building: default.size.stdout
 
19:58:50 **** Incremental Build of configuration Debug for project MidTermProject ****
make -j8 all 
arm-none-eabi-gcc "../Core/Src/ECG_module.c" -mcpu=cortex-m4 -std=gnu11 -g3 -DDEBUG -DUSE_HAL_DRIVER -DSTM32F401xE -c -I../Core/Inc -I../Drivers/STM32F4xx_HAL_Driver/Inc -I../Drivers/STM32F4xx_HAL_Driver/Inc/Legacy -I../Drivers/CMSIS/Device/ST/STM32F4xx/Include -I../Drivers/CMSIS/Include -O0 -ffunction-sections -fdata-sections -Wall -fstack-usage -fcyclomatic-complexity -MMD -MP -MF"Core/Src/ECG_module.d" -MT"Core/Src/ECG_module.o" --specs=nano.specs -mfpu=fpv4-sp-d16 -mfloat-abi=hard -mthumb -o "Core/Src/ECG_module.o"
arm-none-eabi-gcc -o "MidTermProject.elf" @"objects.list"   -mcpu=cortex-m4 -T"C:\Users\utente\Documents\GitHub\MidTermEmbeddedSystem\MidTermProject\STM32F401RETX_FLASH.ld" --specs=nosys.specs -Wl,-Map="MidTermProject.map" -Wl,--gc-sections -static --specs=nano.specs -mfpu=fpv4-sp-d16 -mfloat-abi=hard -mthumb -u _printf_float -u _scanf_float -Wl,--start-group -lc -lm -Wl,--end-group
Finished building target: MidTermProject.elf
 
arm-none-eabi-size  MidTermProject.elf 
arm-none-eabi-objdump -h -S MidTermProject.elf  > "MidTermProject.list"
   text	   data	    bss	    dec	    hex	filename
  35692	    468	   2052	  38212	   9544	MidTermProject.elf
Finished building: default.size.stdout
 
Finished building: MidTermProject.list
 
19:59:01 **** Incremental Build of configuration Debug for project MidTermProject ****
make -j8 all 
arm-none-eabi-size  MidTermProject.elf 
   text	   data	    bss	    dec	    hex	filename
  35692	    468	   2052	  38212	   9544	MidTermProject.elf
Finished building: default.size.stdout
 
