10:24:40 **** Incremental Build of configuration Debug for project MidTermProject ****
make -j16 all 
arm-none-eabi-gcc "../Core/Src/main.c" -mcpu=cortex-m4 -std=gnu11 -g3 -DDEBUG -DUSE_HAL_DRIVER -DSTM32F401xE -c -I../Core/Inc -I../Drivers/STM32F4xx_HAL_Driver/Inc -I../Drivers/STM32F4xx_HAL_Driver/Inc/Legacy -I../Drivers/CMSIS/Device/ST/STM32F4xx/Include -I../Drivers/CMSIS/Include -O0 -ffunction-sections -fdata-sections -Wall -fstack-usage -fcyclomatic-complexity -MMD -MP -MF"Core/Src/main.d" -MT"Core/Src/main.o" --specs=nano.specs -mfpu=fpv4-sp-d16 -mfloat-abi=hard -mthumb -o "Core/Src/main.o"
../Core/Src/main.c: In function 'main':
../Core/Src/main.c:105:12: warning: unused variable 'data_out' [-Wunused-variable]
  105 |   uint16_t data_out;
      |            ^~~~~~~~
../Core/Src/main.c:104:15: warning: variable 't2' set but not used [-Wunused-but-set-variable]
  104 |   uint32_t t1,t2;
      |               ^~
../Core/Src/main.c:104:12: warning: unused variable 't1' [-Wunused-variable]
  104 |   uint32_t t1,t2;
      |            ^~
arm-none-eabi-gcc -o "MidTermProject.elf" @"objects.list"   -mcpu=cortex-m4 -T"C:\Users\anton\OneDrive\Documenti\GitHub\MidTermEmbeddedSystem\MidTermProject\STM32F401RETX_FLASH.ld" --specs=nosys.specs -Wl,-Map="MidTermProject.map" -Wl,--gc-sections -static --specs=nano.specs -mfpu=fpv4-sp-d16 -mfloat-abi=hard -mthumb -u _printf_float -u _scanf_float -Wl,--start-group -lc -lm -Wl,--end-group
Finished building target: MidTermProject.elf
 
arm-none-eabi-size  MidTermProject.elf 
arm-none-eabi-objdump -h -S MidTermProject.elf  > "MidTermProject.list"
   text	   data	    bss	    dec	    hex	filename
  32440	    468	   2052	  34960	   8890	MidTermProject.elf
Finished building: default.size.stdout
 
Finished building: MidTermProject.list
 

10:24:41 Build Finished. 0 errors, 3 warnings. (took 975ms)

